[2021-11-04T14:03:54.134+0100][0.007s] Using G1
[2021-11-04T14:03:54.139+0100][0.012s] Version: 17.0.1+12-LTS-39 (release)
[2021-11-04T14:03:54.139+0100][0.012s] CPUs: 12 total, 12 available
[2021-11-04T14:03:54.139+0100][0.012s] Memory: 32720M
[2021-11-04T14:03:54.139+0100][0.012s] Large Page Support: Enabled
[2021-11-04T14:03:54.139+0100][0.012s] NUMA Support: Disabled
[2021-11-04T14:03:54.139+0100][0.012s] Compressed Oops: Enabled (32-bit)
[2021-11-04T14:03:54.139+0100][0.012s] Heap Region Size: 1M
[2021-11-04T14:03:54.139+0100][0.013s] Heap Min Capacity: 512M
[2021-11-04T14:03:54.139+0100][0.013s] Heap Initial Capacity: 512M
[2021-11-04T14:03:54.139+0100][0.013s] Heap Max Capacity: 512M
[2021-11-04T14:03:54.139+0100][0.013s] Pre-touch: Enabled
[2021-11-04T14:03:54.139+0100][0.013s] Parallel Workers: 10
[2021-11-04T14:03:54.139+0100][0.013s] Concurrent Workers: 3
[2021-11-04T14:03:54.139+0100][0.013s] Concurrent Refinement Workers: 10
[2021-11-04T14:03:54.139+0100][0.013s] Periodic GC: Disabled
[2021-11-04T14:03:54.140+0100][0.013s] CDS archive(s) mapped at: [0x0000000800000000-0x0000000800bc0000-0x0000000800bc0000), size 12320768, SharedBaseAddress: 0x0000000800000000, ArchiveRelocationMode: 0.
[2021-11-04T14:03:54.140+0100][0.013s] Compressed class space mapped at: 0x0000000800c00000-0x0000000840c00000, reserved size: 1073741824
[2021-11-04T14:03:54.140+0100][0.013s] Narrow klass base: 0x0000000800000000, Narrow klass shift: 0, Narrow klass range: 0x100000000
[2021-11-04T14:03:54.825+0100][0.698s] GC(0) Pause Young (Normal) (G1 Evacuation Pause)
[2021-11-04T14:03:54.825+0100][0.698s] GC(0) Using 10 workers of 10 for evacuation
[2021-11-04T14:03:54.828+0100][0.701s] GC(0)   Pre Evacuate Collection Set: 0.1ms
[2021-11-04T14:03:54.828+0100][0.701s] GC(0)   Merge Heap Roots: 0.0ms
[2021-11-04T14:03:54.828+0100][0.701s] GC(0)   Evacuate Collection Set: 2.8ms
[2021-11-04T14:03:54.828+0100][0.701s] GC(0)   Post Evacuate Collection Set: 0.3ms
[2021-11-04T14:03:54.828+0100][0.701s] GC(0)   Other: 0.5ms
[2021-11-04T14:03:54.828+0100][0.701s] GC(0) Eden regions: 29->0(41)
[2021-11-04T14:03:54.828+0100][0.701s] GC(0) Survivor regions: 0->4(4)
[2021-11-04T14:03:54.828+0100][0.701s] GC(0) Old regions: 0->0
[2021-11-04T14:03:54.828+0100][0.701s] GC(0) Archive regions: 0->0
[2021-11-04T14:03:54.828+0100][0.701s] GC(0) Humongous regions: 0->0
[2021-11-04T14:03:54.828+0100][0.701s] GC(0) Metaspace: 7828K(8000K)->7828K(8000K) NonClass: 6937K(7040K)->6937K(7040K) Class: 890K(960K)->890K(960K)
[2021-11-04T14:03:54.829+0100][0.701s] GC(0) Pause Young (Normal) (G1 Evacuation Pause) 29M->3M(512M) 3.839ms
[2021-11-04T14:03:54.829+0100][0.702s] GC(0) User=0.00s Sys=0.00s Real=0.00s
[2021-11-04T14:03:55.555+0100][1.429s] GC(1) Pause Young (Normal) (G1 Evacuation Pause)
[2021-11-04T14:03:55.556+0100][1.429s] GC(1) Using 10 workers of 10 for evacuation
[2021-11-04T14:03:55.563+0100][1.436s] GC(1)   Pre Evacuate Collection Set: 0.1ms
[2021-11-04T14:03:55.563+0100][1.436s] GC(1)   Merge Heap Roots: 0.0ms
[2021-11-04T14:03:55.563+0100][1.436s] GC(1)   Evacuate Collection Set: 7.1ms
[2021-11-04T14:03:55.563+0100][1.436s] GC(1)   Post Evacuate Collection Set: 0.4ms
[2021-11-04T14:03:55.563+0100][1.436s] GC(1)   Other: 0.1ms
[2021-11-04T14:03:55.563+0100][1.436s] GC(1) Eden regions: 41->0(110)
[2021-11-04T14:03:55.563+0100][1.436s] GC(1) Survivor regions: 4->6(6)
[2021-11-04T14:03:55.563+0100][1.436s] GC(1) Old regions: 0->9
[2021-11-04T14:03:55.563+0100][1.436s] GC(1) Archive regions: 0->0
[2021-11-04T14:03:55.563+0100][1.436s] GC(1) Humongous regions: 4->4
[2021-11-04T14:03:55.563+0100][1.436s] GC(1) Metaspace: 15491K(15744K)->15491K(15744K) NonClass: 13694K(13824K)->13694K(13824K) Class: 1796K(1920K)->1796K(1920K)
[2021-11-04T14:03:55.563+0100][1.436s] GC(1) Pause Young (Normal) (G1 Evacuation Pause) 48M->18M(512M) 7.931ms
[2021-11-04T14:03:55.563+0100][1.436s] GC(1) User=0.00s Sys=0.00s Real=0.01s
[2021-11-04T14:03:56.051+0100][1.924s] GC(2) Pause Young (Concurrent Start) (Metadata GC Threshold)
[2021-11-04T14:03:56.051+0100][1.924s] GC(2) Using 10 workers of 10 for evacuation
[2021-11-04T14:03:56.056+0100][1.930s] GC(2)   Pre Evacuate Collection Set: 0.1ms
[2021-11-04T14:03:56.056+0100][1.930s] GC(2)   Merge Heap Roots: 0.0ms
[2021-11-04T14:03:56.056+0100][1.930s] GC(2)   Evacuate Collection Set: 4.5ms
[2021-11-04T14:03:56.056+0100][1.930s] GC(2)   Post Evacuate Collection Set: 0.6ms
[2021-11-04T14:03:56.056+0100][1.930s] GC(2)   Other: 0.2ms
[2021-11-04T14:03:56.056+0100][1.930s] GC(2) Eden regions: 49->0(87)
[2021-11-04T14:03:56.056+0100][1.930s] GC(2) Survivor regions: 6->12(15)
[2021-11-04T14:03:56.056+0100][1.930s] GC(2) Old regions: 9->9
[2021-11-04T14:03:56.056+0100][1.930s] GC(2) Archive regions: 0->0
[2021-11-04T14:03:56.056+0100][1.930s] GC(2) Humongous regions: 4->4
[2021-11-04T14:03:56.056+0100][1.930s] GC(2) Metaspace: 21271K(21504K)->21271K(21504K) NonClass: 18882K(19008K)->18882K(19008K) Class: 2388K(2496K)->2388K(2496K)
[2021-11-04T14:03:56.056+0100][1.930s] GC(2) Pause Young (Concurrent Start) (Metadata GC Threshold) 67M->24M(512M) 5.581ms
[2021-11-04T14:03:56.056+0100][1.930s] GC(2) User=0.00s Sys=0.00s Real=0.00s
[2021-11-04T14:03:56.056+0100][1.930s] GC(3) Concurrent Mark Cycle
[2021-11-04T14:03:56.056+0100][1.930s] GC(3) Concurrent Clear Claimed Marks
[2021-11-04T14:03:56.057+0100][1.930s] GC(3) Concurrent Clear Claimed Marks 0.041ms
[2021-11-04T14:03:56.057+0100][1.930s] GC(3) Concurrent Scan Root Regions
[2021-11-04T14:03:56.059+0100][1.932s] GC(3) Concurrent Scan Root Regions 1.711ms
[2021-11-04T14:03:56.059+0100][1.932s] GC(3) Concurrent Mark
[2021-11-04T14:03:56.059+0100][1.932s] GC(3) Concurrent Mark From Roots
[2021-11-04T14:03:56.059+0100][1.932s] GC(3) Using 3 workers of 3 for marking
[2021-11-04T14:03:56.065+0100][1.939s] GC(3) Concurrent Mark From Roots 6.791ms
[2021-11-04T14:03:56.065+0100][1.939s] GC(3) Concurrent Preclean
[2021-11-04T14:03:56.066+0100][1.939s] GC(3) Concurrent Preclean 0.138ms
[2021-11-04T14:03:56.066+0100][1.939s] GC(3) Pause Remark
[2021-11-04T14:03:56.067+0100][1.941s] GC(3) Pause Remark 25M->25M(512M) 1.197ms
[2021-11-04T14:03:56.068+0100][1.941s] GC(3) User=0.16s Sys=0.00s Real=0.00s
[2021-11-04T14:03:56.068+0100][1.941s] GC(3) Concurrent Mark 9.007ms
[2021-11-04T14:03:56.068+0100][1.941s] GC(3) Concurrent Rebuild Remembered Sets
[2021-11-04T14:03:56.068+0100][1.941s] GC(3) Concurrent Rebuild Remembered Sets 0.019ms
[2021-11-04T14:03:56.068+0100][1.941s] GC(3) Pause Cleanup
[2021-11-04T14:03:56.068+0100][1.941s] GC(3) Pause Cleanup 25M->25M(512M) 0.027ms
[2021-11-04T14:03:56.068+0100][1.941s] GC(3) User=0.00s Sys=0.00s Real=0.00s
[2021-11-04T14:03:56.068+0100][1.941s] GC(3) Concurrent Cleanup for Next Mark
[2021-11-04T14:03:56.068+0100][1.941s] GC(3) Concurrent Cleanup for Next Mark 0.422ms
[2021-11-04T14:03:56.068+0100][1.941s] GC(3) Concurrent Mark Cycle 11.554ms
[2021-11-04T14:04:02.303+0100][8.177s] GC(4) Pause Young (Normal) (G1 Evacuation Pause)
[2021-11-04T14:04:02.303+0100][8.177s] GC(4) Using 10 workers of 10 for evacuation
[2021-11-04T14:04:02.309+0100][8.182s] GC(4)   Pre Evacuate Collection Set: 0.1ms
[2021-11-04T14:04:02.309+0100][8.182s] GC(4)   Merge Heap Roots: 0.1ms
[2021-11-04T14:04:02.309+0100][8.182s] GC(4)   Evacuate Collection Set: 5.1ms
[2021-11-04T14:04:02.309+0100][8.182s] GC(4)   Post Evacuate Collection Set: 0.5ms
[2021-11-04T14:04:02.309+0100][8.182s] GC(4)   Other: 0.2ms
[2021-11-04T14:04:02.309+0100][8.182s] GC(4) Eden regions: 91->0(294)
[2021-11-04T14:04:02.309+0100][8.182s] GC(4) Survivor regions: 12->13(13)
[2021-11-04T14:04:02.309+0100][8.182s] GC(4) Old regions: 9->16
[2021-11-04T14:04:02.309+0100][8.183s] GC(4) Archive regions: 0->0
[2021-11-04T14:04:02.309+0100][8.183s] GC(4) Humongous regions: 4->4
[2021-11-04T14:04:02.309+0100][8.183s] GC(4) Metaspace: 34654K(35008K)->34654K(35008K) NonClass: 30770K(30976K)->30770K(30976K) Class: 3884K(4032K)->3884K(4032K)
[2021-11-04T14:04:02.309+0100][8.183s] GC(4) Pause Young (Normal) (G1 Evacuation Pause) 115M->32M(512M) 5.973ms
[2021-11-04T14:04:02.309+0100][8.183s] GC(4) User=0.00s Sys=0.00s Real=0.01s
[2021-11-04T14:04:06.959+0100][12.832s] GC(5) Pause Young (Concurrent Start) (Metadata GC Threshold)
[2021-11-04T14:04:06.959+0100][12.832s] GC(5) Using 10 workers of 10 for evacuation
[2021-11-04T14:04:06.963+0100][12.836s] GC(5)   Pre Evacuate Collection Set: 0.1ms
[2021-11-04T14:04:06.963+0100][12.836s] GC(5)   Merge Heap Roots: 0.0ms
[2021-11-04T14:04:06.963+0100][12.836s] GC(5)   Evacuate Collection Set: 3.7ms
[2021-11-04T14:04:06.963+0100][12.836s] GC(5)   Post Evacuate Collection Set: 0.4ms
[2021-11-04T14:04:06.963+0100][12.836s] GC(5)   Other: 0.2ms
[2021-11-04T14:04:06.963+0100][12.836s] GC(5) Eden regions: 24->0(292)
[2021-11-04T14:04:06.963+0100][12.836s] GC(5) Survivor regions: 13->15(39)
[2021-11-04T14:04:06.963+0100][12.836s] GC(5) Old regions: 16->16
[2021-11-04T14:04:06.963+0100][12.836s] GC(5) Archive regions: 0->0
[2021-11-04T14:04:06.963+0100][12.836s] GC(5) Humongous regions: 4->4
[2021-11-04T14:04:06.963+0100][12.836s] GC(5) Metaspace: 36041K(36288K)->36041K(36288K) NonClass: 32024K(32128K)->32024K(32128K) Class: 4016K(4160K)->4016K(4160K)
[2021-11-04T14:04:06.963+0100][12.836s] GC(5) Pause Young (Concurrent Start) (Metadata GC Threshold) 55M->34M(512M) 4.524ms
[2021-11-04T14:04:06.963+0100][12.836s] GC(5) User=0.00s Sys=0.00s Real=0.00s
[2021-11-04T14:04:06.963+0100][12.836s] GC(6) Concurrent Mark Cycle
[2021-11-04T14:04:06.963+0100][12.836s] GC(6) Concurrent Clear Claimed Marks
[2021-11-04T14:04:06.963+0100][12.836s] GC(6) Concurrent Clear Claimed Marks 0.031ms
[2021-11-04T14:04:06.963+0100][12.836s] GC(6) Concurrent Scan Root Regions
[2021-11-04T14:04:06.965+0100][12.838s] GC(6) Concurrent Scan Root Regions 2.063ms
[2021-11-04T14:04:06.965+0100][12.839s] GC(6) Concurrent Mark
[2021-11-04T14:04:06.965+0100][12.839s] GC(6) Concurrent Mark From Roots
[2021-11-04T14:04:06.965+0100][12.839s] GC(6) Using 3 workers of 3 for marking
[2021-11-04T14:04:06.974+0100][12.848s] GC(6) Concurrent Mark From Roots 9.033ms
[2021-11-04T14:04:06.974+0100][12.848s] GC(6) Concurrent Preclean
[2021-11-04T14:04:06.975+0100][12.848s] GC(6) Concurrent Preclean 0.160ms
[2021-11-04T14:04:06.975+0100][12.848s] GC(6) Pause Remark
[2021-11-04T14:04:06.976+0100][12.850s] GC(6) Pause Remark 35M->35M(512M) 1.635ms
[2021-11-04T14:04:06.976+0100][12.850s] GC(6) User=0.00s Sys=0.00s Real=0.00s
[2021-11-04T14:04:06.976+0100][12.850s] GC(6) Concurrent Mark 11.076ms
[2021-11-04T14:04:06.976+0100][12.850s] GC(6) Concurrent Rebuild Remembered Sets
[2021-11-04T14:04:06.981+0100][12.854s] GC(6) Concurrent Rebuild Remembered Sets 4.531ms
[2021-11-04T14:04:06.981+0100][12.854s] GC(6) Pause Cleanup
[2021-11-04T14:04:06.981+0100][12.854s] GC(6) Pause Cleanup 35M->35M(512M) 0.115ms
[2021-11-04T14:04:06.981+0100][12.854s] GC(6) User=0.00s Sys=0.00s Real=0.00s
[2021-11-04T14:04:06.981+0100][12.854s] GC(6) Concurrent Cleanup for Next Mark
[2021-11-04T14:04:06.982+0100][12.855s] GC(6) Concurrent Cleanup for Next Mark 0.482ms
[2021-11-04T14:04:06.982+0100][12.855s] GC(6) Concurrent Mark Cycle 18.635ms
[2021-11-04T14:04:13.065+0100][18.938s] GC(7) Pause Young (Prepare Mixed) (G1 Evacuation Pause)
[2021-11-04T14:04:13.065+0100][18.938s] GC(7) Using 10 workers of 10 for evacuation
[2021-11-04T14:04:13.078+0100][18.951s] GC(7)   Pre Evacuate Collection Set: 0.1ms
[2021-11-04T14:04:13.078+0100][18.951s] GC(7)   Merge Heap Roots: 0.1ms
[2021-11-04T14:04:13.078+0100][18.951s] GC(7)   Evacuate Collection Set: 11.4ms
[2021-11-04T14:04:13.078+0100][18.951s] GC(7)   Post Evacuate Collection Set: 1.0ms
[2021-11-04T14:04:13.078+0100][18.951s] GC(7)   Other: 0.2ms
[2021-11-04T14:04:13.078+0100][18.951s] GC(7) Eden regions: 292->0(1)
[2021-11-04T14:04:13.078+0100][18.951s] GC(7) Survivor regions: 15->38(39)
[2021-11-04T14:04:13.078+0100][18.951s] GC(7) Old regions: 16->16
[2021-11-04T14:04:13.078+0100][18.951s] GC(7) Archive regions: 0->0
[2021-11-04T14:04:13.078+0100][18.951s] GC(7) Humongous regions: 12->8
[2021-11-04T14:04:13.078+0100][18.951s] GC(7) Metaspace: 53862K(54336K)->53862K(54336K) NonClass: 47524K(47744K)->47524K(47744K) Class: 6337K(6592K)->6337K(6592K)
[2021-11-04T14:04:13.078+0100][18.951s] GC(7) Pause Young (Prepare Mixed) (G1 Evacuation Pause) 334M->60M(512M) 12.870ms
[2021-11-04T14:04:13.078+0100][18.951s] GC(7) User=0.19s Sys=0.00s Real=0.01s
[2021-11-04T14:04:13.080+0100][18.953s] GC(8) Pause Young (Mixed) (G1 Evacuation Pause)
[2021-11-04T14:04:13.080+0100][18.953s] GC(8) Using 10 workers of 10 for evacuation
[2021-11-04T14:04:13.090+0100][18.963s] GC(8)   Pre Evacuate Collection Set: 0.1ms
[2021-11-04T14:04:13.090+0100][18.963s] GC(8)   Merge Heap Roots: 0.1ms
[2021-11-04T14:04:13.090+0100][18.963s] GC(8)   Evacuate Collection Set: 9.1ms
[2021-11-04T14:04:13.090+0100][18.963s] GC(8)   Post Evacuate Collection Set: 0.5ms
[2021-11-04T14:04:13.090+0100][18.963s] GC(8)   Other: 0.1ms
[2021-11-04T14:04:13.090+0100][18.963s] GC(8) Eden regions: 1->0(303)
[2021-11-04T14:04:13.090+0100][18.963s] GC(8) Survivor regions: 38->4(5)
[2021-11-04T14:04:13.090+0100][18.963s] GC(8) Old regions: 16->53
[2021-11-04T14:04:13.090+0100][18.963s] GC(8) Archive regions: 0->0
[2021-11-04T14:04:13.090+0100][18.963s] GC(8) Humongous regions: 8->8
[2021-11-04T14:04:13.090+0100][18.963s] GC(8) Metaspace: 53870K(54336K)->53870K(54336K) NonClass: 47530K(47744K)->47530K(47744K) Class: 6339K(6592K)->6339K(6592K)
[2021-11-04T14:04:13.090+0100][18.963s] GC(8) Pause Young (Mixed) (G1 Evacuation Pause) 61M->64M(512M) 10.046ms
[2021-11-04T14:04:13.090+0100][18.963s] GC(8) User=0.16s Sys=0.00s Real=0.01s
[2021-11-04T14:04:54.827+0100][60.701s] GC(9) Pause Young (Normal) (G1 Evacuation Pause)
[2021-11-04T14:04:54.827+0100][60.701s] GC(9) Using 10 workers of 10 for evacuation
[2021-11-04T14:04:54.837+0100][60.710s] GC(9)   Pre Evacuate Collection Set: 0.1ms
[2021-11-04T14:04:54.837+0100][60.710s] GC(9)   Merge Heap Roots: 0.1ms
[2021-11-04T14:04:54.837+0100][60.710s] GC(9)   Evacuate Collection Set: 8.4ms
[2021-11-04T14:04:54.837+0100][60.710s] GC(9)   Post Evacuate Collection Set: 0.5ms
[2021-11-04T14:04:54.837+0100][60.710s] GC(9)   Other: 0.2ms
[2021-11-04T14:04:54.837+0100][60.710s] GC(9) Eden regions: 303->0(285)
[2021-11-04T14:04:54.837+0100][60.710s] GC(9) Survivor regions: 4->22(39)
[2021-11-04T14:04:54.837+0100][60.710s] GC(9) Old regions: 53->53
[2021-11-04T14:04:54.837+0100][60.710s] GC(9) Archive regions: 0->0
[2021-11-04T14:04:54.837+0100][60.710s] GC(9) Humongous regions: 9->8
[2021-11-04T14:04:54.837+0100][60.710s] GC(9) Metaspace: 58225K(58752K)->58225K(58752K) NonClass: 51390K(51648K)->51390K(51648K) Class: 6835K(7104K)->6835K(7104K)
[2021-11-04T14:04:54.837+0100][60.710s] GC(9) Pause Young (Normal) (G1 Evacuation Pause) 368M->81M(512M) 9.469ms
[2021-11-04T14:04:54.837+0100][60.710s] GC(9) User=0.16s Sys=0.00s Real=0.01s
[2021-11-04T14:05:19.440+0100][85.314s] GC(10) Pause Young (Concurrent Start) (Metadata GC Threshold)
[2021-11-04T14:05:19.440+0100][85.314s] GC(10) Using 10 workers of 10 for evacuation
[2021-11-04T14:05:19.448+0100][85.321s] GC(10)   Pre Evacuate Collection Set: 0.1ms
[2021-11-04T14:05:19.448+0100][85.321s] GC(10)   Merge Heap Roots: 0.1ms
[2021-11-04T14:05:19.448+0100][85.321s] GC(10)   Evacuate Collection Set: 6.7ms
[2021-11-04T14:05:19.448+0100][85.321s] GC(10)   Post Evacuate Collection Set: 0.5ms
[2021-11-04T14:05:19.448+0100][85.321s] GC(10)   Other: 0.2ms
[2021-11-04T14:05:19.448+0100][85.321s] GC(10) Eden regions: 66->0(302)
[2021-11-04T14:05:19.448+0100][85.321s] GC(10) Survivor regions: 22->5(39)
[2021-11-04T14:05:19.448+0100][85.321s] GC(10) Old regions: 53->74
[2021-11-04T14:05:19.448+0100][85.321s] GC(10) Archive regions: 0->0
[2021-11-04T14:05:19.448+0100][85.321s] GC(10) Humongous regions: 8->8
[2021-11-04T14:05:19.448+0100][85.321s] GC(10) Metaspace: 60250K(60736K)->60250K(60736K) NonClass: 53220K(53440K)->53220K(53440K) Class: 7030K(7296K)->7030K(7296K)
[2021-11-04T14:05:19.448+0100][85.322s] GC(10) Pause Young (Concurrent Start) (Metadata GC Threshold) 147M->85M(512M) 7.706ms
[2021-11-04T14:05:19.448+0100][85.322s] GC(10) User=0.17s Sys=0.00s Real=0.01s
[2021-11-04T14:05:19.448+0100][85.322s] GC(11) Concurrent Mark Cycle
[2021-11-04T14:05:19.448+0100][85.322s] GC(11) Concurrent Clear Claimed Marks
[2021-11-04T14:05:19.448+0100][85.322s] GC(11) Concurrent Clear Claimed Marks 0.060ms
[2021-11-04T14:05:19.448+0100][85.322s] GC(11) Concurrent Scan Root Regions
[2021-11-04T14:05:19.454+0100][85.327s] GC(11) Concurrent Scan Root Regions 5.664ms
[2021-11-04T14:05:19.454+0100][85.328s] GC(11) Concurrent Mark
[2021-11-04T14:05:19.454+0100][85.328s] GC(11) Concurrent Mark From Roots
[2021-11-04T14:05:19.454+0100][85.328s] GC(11) Using 3 workers of 3 for marking
[2021-11-04T14:05:19.483+0100][85.356s] GC(11) Concurrent Mark From Roots 28.832ms
[2021-11-04T14:05:19.483+0100][85.356s] GC(11) Concurrent Preclean
[2021-11-04T14:05:19.483+0100][85.357s] GC(11) Concurrent Preclean 0.197ms
[2021-11-04T14:05:19.483+0100][85.357s] GC(11) Pause Remark
[2021-11-04T14:05:19.487+0100][85.360s] GC(11) Pause Remark 88M->88M(512M) 3.333ms
[2021-11-04T14:05:19.487+0100][85.360s] GC(11) User=0.00s Sys=0.00s Real=0.00s
[2021-11-04T14:05:19.487+0100][85.360s] GC(11) Concurrent Mark 32.750ms
[2021-11-04T14:05:19.487+0100][85.360s] GC(11) Concurrent Rebuild Remembered Sets
[2021-11-04T14:05:19.503+0100][85.376s] GC(11) Concurrent Rebuild Remembered Sets 15.987ms
[2021-11-04T14:05:19.503+0100][85.376s] GC(11) Pause Cleanup
[2021-11-04T14:05:19.503+0100][85.377s] GC(11) Pause Cleanup 89M->89M(512M) 0.109ms
[2021-11-04T14:05:19.503+0100][85.377s] GC(11) User=0.00s Sys=0.00s Real=0.00s
[2021-11-04T14:05:19.503+0100][85.377s] GC(11) Concurrent Cleanup for Next Mark
[2021-11-04T14:05:19.504+0100][85.377s] GC(11) Concurrent Cleanup for Next Mark 0.460ms
[2021-11-04T14:05:19.504+0100][85.377s] GC(11) Concurrent Mark Cycle 55.460ms
[2021-11-04T14:08:22.568+0100][268.441s] Heap
[2021-11-04T14:08:22.568+0100][268.441s]  garbage-first heap   total 524288K, used 342871K [0x00000000e0000000, 0x0000000100000000)
[2021-11-04T14:08:22.568+0100][268.441s]   region size 1024K, 252 young (258048K), 5 survivors (5120K)
[2021-11-04T14:08:22.568+0100][268.442s]  Metaspace       used 77375K, committed 78016K, reserved 1122304K
[2021-11-04T14:08:22.568+0100][268.442s]   class space    used 8852K, committed 9152K, reserved 1048576K
