[2021-10-22T14:33:37.697+0200][0.006s] Using G1
[2021-10-22T14:33:37.702+0200][0.011s] Version: 17.0.1+12-LTS-39 (release)
[2021-10-22T14:33:37.702+0200][0.011s] CPUs: 12 total, 12 available
[2021-10-22T14:33:37.702+0200][0.011s] Memory: 32720M
[2021-10-22T14:33:37.702+0200][0.011s] Large Page Support: Enabled
[2021-10-22T14:33:37.702+0200][0.011s] NUMA Support: Disabled
[2021-10-22T14:33:37.702+0200][0.011s] Compressed Oops: Enabled (32-bit)
[2021-10-22T14:33:37.702+0200][0.011s] Heap Region Size: 1M
[2021-10-22T14:33:37.702+0200][0.011s] Heap Min Capacity: 512M
[2021-10-22T14:33:37.702+0200][0.011s] Heap Initial Capacity: 512M
[2021-10-22T14:33:37.702+0200][0.011s] Heap Max Capacity: 512M
[2021-10-22T14:33:37.702+0200][0.011s] Pre-touch: Enabled
[2021-10-22T14:33:37.703+0200][0.012s] Parallel Workers: 10
[2021-10-22T14:33:37.703+0200][0.012s] Concurrent Workers: 3
[2021-10-22T14:33:37.703+0200][0.012s] Concurrent Refinement Workers: 10
[2021-10-22T14:33:37.703+0200][0.012s] Periodic GC: Disabled
[2021-10-22T14:33:37.703+0200][0.012s] CDS archive(s) mapped at: [0x0000000800000000-0x0000000800bc0000-0x0000000800bc0000), size 12320768, SharedBaseAddress: 0x0000000800000000, ArchiveRelocationMode: 0.
[2021-10-22T14:33:37.703+0200][0.012s] Compressed class space mapped at: 0x0000000800c00000-0x0000000840c00000, reserved size: 1073741824
[2021-10-22T14:33:37.703+0200][0.012s] Narrow klass base: 0x0000000800000000, Narrow klass shift: 0, Narrow klass range: 0x100000000
[2021-10-22T14:33:38.437+0200][0.746s] GC(0) Pause Young (Normal) (G1 Evacuation Pause)
[2021-10-22T14:33:38.437+0200][0.747s] GC(0) Using 10 workers of 10 for evacuation
[2021-10-22T14:33:38.441+0200][0.750s] GC(0)   Pre Evacuate Collection Set: 0.1ms
[2021-10-22T14:33:38.441+0200][0.750s] GC(0)   Merge Heap Roots: 0.0ms
[2021-10-22T14:33:38.441+0200][0.750s] GC(0)   Evacuate Collection Set: 2.8ms
[2021-10-22T14:33:38.441+0200][0.750s] GC(0)   Post Evacuate Collection Set: 0.4ms
[2021-10-22T14:33:38.441+0200][0.750s] GC(0)   Other: 0.6ms
[2021-10-22T14:33:38.441+0200][0.750s] GC(0) Eden regions: 29->0(41)
[2021-10-22T14:33:38.441+0200][0.750s] GC(0) Survivor regions: 0->4(4)
[2021-10-22T14:33:38.441+0200][0.750s] GC(0) Old regions: 0->0
[2021-10-22T14:33:38.441+0200][0.750s] GC(0) Archive regions: 0->0
[2021-10-22T14:33:38.441+0200][0.750s] GC(0) Humongous regions: 0->0
[2021-10-22T14:33:38.441+0200][0.750s] GC(0) Metaspace: 8402K(8640K)->8402K(8640K) NonClass: 7436K(7552K)->7436K(7552K) Class: 966K(1088K)->966K(1088K)
[2021-10-22T14:33:38.441+0200][0.750s] GC(0) Pause Young (Normal) (G1 Evacuation Pause) 29M->3M(512M) 3.989ms
[2021-10-22T14:33:38.441+0200][0.750s] GC(0) User=0.00s Sys=0.00s Real=0.00s
[2021-10-22T14:33:39.144+0200][1.453s] GC(1) Pause Young (Normal) (G1 Evacuation Pause)
[2021-10-22T14:33:39.144+0200][1.453s] GC(1) Using 10 workers of 10 for evacuation
[2021-10-22T14:33:39.152+0200][1.461s] GC(1)   Pre Evacuate Collection Set: 0.1ms
[2021-10-22T14:33:39.152+0200][1.461s] GC(1)   Merge Heap Roots: 0.0ms
[2021-10-22T14:33:39.152+0200][1.461s] GC(1)   Evacuate Collection Set: 7.2ms
[2021-10-22T14:33:39.152+0200][1.461s] GC(1)   Post Evacuate Collection Set: 0.4ms
[2021-10-22T14:33:39.152+0200][1.461s] GC(1)   Other: 0.1ms
[2021-10-22T14:33:39.152+0200][1.461s] GC(1) Eden regions: 41->0(129)
[2021-10-22T14:33:39.152+0200][1.461s] GC(1) Survivor regions: 4->6(6)
[2021-10-22T14:33:39.152+0200][1.461s] GC(1) Old regions: 0->10
[2021-10-22T14:33:39.152+0200][1.461s] GC(1) Archive regions: 0->0
[2021-10-22T14:33:39.152+0200][1.461s] GC(1) Humongous regions: 4->4
[2021-10-22T14:33:39.152+0200][1.461s] GC(1) Metaspace: 15417K(15616K)->15417K(15616K) NonClass: 13626K(13696K)->13626K(13696K) Class: 1791K(1920K)->1791K(1920K)
[2021-10-22T14:33:39.152+0200][1.461s] GC(1) Pause Young (Normal) (G1 Evacuation Pause) 48M->19M(512M) 8.019ms
[2021-10-22T14:33:39.152+0200][1.461s] GC(1) User=0.17s Sys=0.00s Real=0.01s
[2021-10-22T14:33:39.648+0200][1.958s] GC(2) Pause Young (Concurrent Start) (Metadata GC Threshold)
[2021-10-22T14:33:39.648+0200][1.958s] GC(2) Using 10 workers of 10 for evacuation
[2021-10-22T14:33:39.653+0200][1.963s] GC(2)   Pre Evacuate Collection Set: 0.0ms
[2021-10-22T14:33:39.653+0200][1.963s] GC(2)   Merge Heap Roots: 0.0ms
[2021-10-22T14:33:39.653+0200][1.963s] GC(2)   Evacuate Collection Set: 4.3ms
[2021-10-22T14:33:39.653+0200][1.963s] GC(2)   Post Evacuate Collection Set: 0.5ms
[2021-10-22T14:33:39.653+0200][1.963s] GC(2)   Other: 0.2ms
[2021-10-22T14:33:39.653+0200][1.963s] GC(2) Eden regions: 48->0(78)
[2021-10-22T14:33:39.653+0200][1.963s] GC(2) Survivor regions: 6->11(17)
[2021-10-22T14:33:39.653+0200][1.963s] GC(2) Old regions: 10->10
[2021-10-22T14:33:39.653+0200][1.963s] GC(2) Archive regions: 0->0
[2021-10-22T14:33:39.653+0200][1.963s] GC(2) Humongous regions: 4->4
[2021-10-22T14:33:39.653+0200][1.963s] GC(2) Metaspace: 21236K(21504K)->21236K(21504K) NonClass: 18846K(18944K)->18846K(18944K) Class: 2390K(2560K)->2390K(2560K)
[2021-10-22T14:33:39.653+0200][1.963s] GC(2) Pause Young (Concurrent Start) (Metadata GC Threshold) 67M->24M(512M) 5.322ms
[2021-10-22T14:33:39.653+0200][1.963s] GC(2) User=0.00s Sys=0.00s Real=0.01s
[2021-10-22T14:33:39.654+0200][1.963s] GC(3) Concurrent Mark Cycle
[2021-10-22T14:33:39.654+0200][1.963s] GC(3) Concurrent Clear Claimed Marks
[2021-10-22T14:33:39.654+0200][1.963s] GC(3) Concurrent Clear Claimed Marks 0.029ms
[2021-10-22T14:33:39.654+0200][1.963s] GC(3) Concurrent Scan Root Regions
[2021-10-22T14:33:39.655+0200][1.965s] GC(3) Concurrent Scan Root Regions 1.808ms
[2021-10-22T14:33:39.655+0200][1.965s] GC(3) Concurrent Mark
[2021-10-22T14:33:39.655+0200][1.965s] GC(3) Concurrent Mark From Roots
[2021-10-22T14:33:39.655+0200][1.965s] GC(3) Using 3 workers of 3 for marking
[2021-10-22T14:33:39.662+0200][1.971s] GC(3) Concurrent Mark From Roots 6.192ms
[2021-10-22T14:33:39.662+0200][1.971s] GC(3) Concurrent Preclean
[2021-10-22T14:33:39.662+0200][1.971s] GC(3) Concurrent Preclean 0.093ms
[2021-10-22T14:33:39.662+0200][1.971s] GC(3) Pause Remark
[2021-10-22T14:33:39.663+0200][1.972s] GC(3) Pause Remark 25M->25M(512M) 1.099ms
[2021-10-22T14:33:39.663+0200][1.972s] GC(3) User=0.00s Sys=0.00s Real=0.00s
[2021-10-22T14:33:39.663+0200][1.972s] GC(3) Concurrent Mark 7.570ms
[2021-10-22T14:33:39.663+0200][1.972s] GC(3) Concurrent Rebuild Remembered Sets
[2021-10-22T14:33:39.666+0200][1.975s] GC(3) Concurrent Rebuild Remembered Sets 2.667ms
[2021-10-22T14:33:39.666+0200][1.975s] GC(3) Pause Cleanup
[2021-10-22T14:33:39.666+0200][1.975s] GC(3) Pause Cleanup 25M->25M(512M) 0.082ms
[2021-10-22T14:33:39.666+0200][1.975s] GC(3) User=0.00s Sys=0.00s Real=0.00s
[2021-10-22T14:33:39.666+0200][1.975s] GC(3) Concurrent Cleanup for Next Mark
[2021-10-22T14:33:39.666+0200][1.976s] GC(3) Concurrent Cleanup for Next Mark 0.387ms
[2021-10-22T14:33:39.666+0200][1.976s] GC(3) Concurrent Mark Cycle 12.906ms
[2021-10-22T14:33:46.555+0200][8.865s] GC(4) Pause Young (Prepare Mixed) (G1 Evacuation Pause)
[2021-10-22T14:33:46.555+0200][8.865s] GC(4) Using 10 workers of 10 for evacuation
[2021-10-22T14:33:46.561+0200][8.871s] GC(4)   Pre Evacuate Collection Set: 0.1ms
[2021-10-22T14:33:46.561+0200][8.871s] GC(4)   Merge Heap Roots: 0.0ms
[2021-10-22T14:33:46.561+0200][8.871s] GC(4)   Evacuate Collection Set: 4.9ms
[2021-10-22T14:33:46.561+0200][8.871s] GC(4)   Post Evacuate Collection Set: 0.7ms
[2021-10-22T14:33:46.561+0200][8.871s] GC(4)   Other: 0.2ms
[2021-10-22T14:33:46.561+0200][8.871s] GC(4) Eden regions: 80->0(15)
[2021-10-22T14:33:46.561+0200][8.871s] GC(4) Survivor regions: 11->10(12)
[2021-10-22T14:33:46.561+0200][8.871s] GC(4) Old regions: 10->16
[2021-10-22T14:33:46.561+0200][8.871s] GC(4) Archive regions: 0->0
[2021-10-22T14:33:46.561+0200][8.871s] GC(4) Humongous regions: 4->4
[2021-10-22T14:33:46.561+0200][8.871s] GC(4) Metaspace: 31565K(31872K)->31565K(31872K) NonClass: 28019K(28160K)->28019K(28160K) Class: 3546K(3712K)->3546K(3712K)
[2021-10-22T14:33:46.561+0200][8.871s] GC(4) Pause Young (Prepare Mixed) (G1 Evacuation Pause) 104M->29M(512M) 6.038ms
[2021-10-22T14:33:46.561+0200][8.871s] GC(4) User=0.00s Sys=0.00s Real=0.01s
[2021-10-22T14:33:47.752+0200][10.062s] GC(5) Pause Young (Mixed) (G1 Evacuation Pause)
[2021-10-22T14:33:47.752+0200][10.062s] GC(5) Using 10 workers of 10 for evacuation
[2021-10-22T14:33:47.756+0200][10.065s] GC(5)   Pre Evacuate Collection Set: 0.0ms
[2021-10-22T14:33:47.756+0200][10.065s] GC(5)   Merge Heap Roots: 0.0ms
[2021-10-22T14:33:47.756+0200][10.065s] GC(5)   Evacuate Collection Set: 2.7ms
[2021-10-22T14:33:47.756+0200][10.065s] GC(5)   Post Evacuate Collection Set: 0.4ms
[2021-10-22T14:33:47.756+0200][10.066s] GC(5)   Other: 0.1ms
[2021-10-22T14:33:47.756+0200][10.066s] GC(5) Eden regions: 15->0(305)
[2021-10-22T14:33:47.756+0200][10.066s] GC(5) Survivor regions: 10->2(4)
[2021-10-22T14:33:47.756+0200][10.066s] GC(5) Old regions: 16->25
[2021-10-22T14:33:47.756+0200][10.066s] GC(5) Archive regions: 0->0
[2021-10-22T14:33:47.756+0200][10.066s] GC(5) Humongous regions: 4->4
[2021-10-22T14:33:47.756+0200][10.066s] GC(5) Metaspace: 33853K(34176K)->33853K(34176K) NonClass: 30061K(30272K)->30061K(30272K) Class: 3791K(3904K)->3791K(3904K)
[2021-10-22T14:33:47.756+0200][10.066s] GC(5) Pause Young (Mixed) (G1 Evacuation Pause) 44M->30M(512M) 3.481ms
[2021-10-22T14:33:47.756+0200][10.066s] GC(5) User=0.16s Sys=0.00s Real=0.00s
[2021-10-22T14:33:52.451+0200][14.761s] GC(6) Pause Young (Concurrent Start) (Metadata GC Threshold)
[2021-10-22T14:33:52.451+0200][14.761s] GC(6) Using 10 workers of 10 for evacuation
[2021-10-22T14:33:52.453+0200][14.763s] GC(6)   Pre Evacuate Collection Set: 0.1ms
[2021-10-22T14:33:52.453+0200][14.763s] GC(6)   Merge Heap Roots: 0.0ms
[2021-10-22T14:33:52.453+0200][14.763s] GC(6)   Evacuate Collection Set: 1.6ms
[2021-10-22T14:33:52.453+0200][14.763s] GC(6)   Post Evacuate Collection Set: 0.3ms
[2021-10-22T14:33:52.453+0200][14.763s] GC(6)   Other: 0.1ms
[2021-10-22T14:33:52.453+0200][14.763s] GC(6) Eden regions: 30->0(303)
[2021-10-22T14:33:52.453+0200][14.763s] GC(6) Survivor regions: 2->4(39)
[2021-10-22T14:33:52.453+0200][14.763s] GC(6) Old regions: 25->25
[2021-10-22T14:33:52.453+0200][14.763s] GC(6) Archive regions: 0->0
[2021-10-22T14:33:52.453+0200][14.763s] GC(6) Humongous regions: 4->4
[2021-10-22T14:33:52.453+0200][14.763s] GC(6) Metaspace: 35861K(36160K)->35861K(36160K) NonClass: 31876K(32000K)->31876K(32000K) Class: 3984K(4160K)->3984K(4160K)
[2021-10-22T14:33:52.453+0200][14.763s] GC(6) Pause Young (Concurrent Start) (Metadata GC Threshold) 60M->32M(512M) 2.308ms
[2021-10-22T14:33:52.453+0200][14.763s] GC(6) User=0.00s Sys=0.00s Real=0.00s
[2021-10-22T14:33:52.453+0200][14.763s] GC(7) Concurrent Mark Cycle
[2021-10-22T14:33:52.453+0200][14.763s] GC(7) Concurrent Clear Claimed Marks
[2021-10-22T14:33:52.454+0200][14.763s] GC(7) Concurrent Clear Claimed Marks 0.028ms
[2021-10-22T14:33:52.454+0200][14.763s] GC(7) Concurrent Scan Root Regions
[2021-10-22T14:33:52.455+0200][14.764s] GC(7) Concurrent Scan Root Regions 1.138ms
[2021-10-22T14:33:52.455+0200][14.764s] GC(7) Concurrent Mark
[2021-10-22T14:33:52.455+0200][14.764s] GC(7) Concurrent Mark From Roots
[2021-10-22T14:33:52.455+0200][14.764s] GC(7) Using 3 workers of 3 for marking
[2021-10-22T14:33:52.466+0200][14.776s] GC(7) Concurrent Mark From Roots 11.680ms
[2021-10-22T14:33:52.466+0200][14.776s] GC(7) Concurrent Preclean
[2021-10-22T14:33:52.467+0200][14.776s] GC(7) Concurrent Preclean 0.149ms
[2021-10-22T14:33:52.467+0200][14.776s] GC(7) Pause Remark
[2021-10-22T14:33:52.468+0200][14.778s] GC(7) Pause Remark 33M->33M(512M) 1.499ms
[2021-10-22T14:33:52.468+0200][14.778s] GC(7) User=0.00s Sys=0.00s Real=0.00s
[2021-10-22T14:33:52.468+0200][14.778s] GC(7) Concurrent Mark 13.559ms
[2021-10-22T14:33:52.468+0200][14.778s] GC(7) Concurrent Rebuild Remembered Sets
[2021-10-22T14:33:52.474+0200][14.783s] GC(7) Concurrent Rebuild Remembered Sets 5.625ms
[2021-10-22T14:33:52.474+0200][14.784s] GC(7) Pause Cleanup
[2021-10-22T14:33:52.474+0200][14.784s] GC(7) Pause Cleanup 34M->34M(512M) 0.122ms
[2021-10-22T14:33:52.474+0200][14.784s] GC(7) User=0.00s Sys=0.00s Real=0.00s
[2021-10-22T14:33:52.474+0200][14.784s] GC(7) Concurrent Cleanup for Next Mark
[2021-10-22T14:33:52.475+0200][14.784s] GC(7) Concurrent Cleanup for Next Mark 0.367ms
[2021-10-22T14:33:52.475+0200][14.784s] GC(7) Concurrent Mark Cycle 21.147ms
[2021-10-22T14:36:31.168+0200][173.478s] GC(8) Pause Young (Normal) (G1 Evacuation Pause)
[2021-10-22T14:36:31.168+0200][173.478s] GC(8) Using 10 workers of 10 for evacuation
[2021-10-22T14:36:31.178+0200][173.488s] GC(8)   Pre Evacuate Collection Set: 0.1ms
[2021-10-22T14:36:31.178+0200][173.488s] GC(8)   Merge Heap Roots: 0.1ms
[2021-10-22T14:36:31.178+0200][173.488s] GC(8)   Evacuate Collection Set: 8.9ms
[2021-10-22T14:36:31.178+0200][173.488s] GC(8)   Post Evacuate Collection Set: 0.7ms
[2021-10-22T14:36:31.178+0200][173.488s] GC(8)   Other: 0.2ms
[2021-10-22T14:36:31.178+0200][173.488s] GC(8) Eden regions: 303->0(282)
[2021-10-22T14:36:31.178+0200][173.488s] GC(8) Survivor regions: 4->25(39)
[2021-10-22T14:36:31.178+0200][173.488s] GC(8) Old regions: 25->25
[2021-10-22T14:36:31.178+0200][173.488s] GC(8) Archive regions: 0->0
[2021-10-22T14:36:31.178+0200][173.488s] GC(8) Humongous regions: 5->4
[2021-10-22T14:36:31.178+0200][173.488s] GC(8) Metaspace: 54893K(55296K)->54893K(55296K) NonClass: 48575K(48768K)->48575K(48768K) Class: 6318K(6528K)->6318K(6528K)
[2021-10-22T14:36:31.178+0200][173.488s] GC(8) Pause Young (Normal) (G1 Evacuation Pause) 336M->53M(512M) 10.169ms
[2021-10-22T14:36:31.178+0200][173.488s] GC(8) User=0.16s Sys=0.00s Real=0.01s
[2021-10-22T15:08:41.081+0200][2103.390s] GC(9) Pause Young (Normal) (G1 Evacuation Pause)
[2021-10-22T15:08:41.081+0200][2103.390s] GC(9) Using 10 workers of 10 for evacuation
[2021-10-22T15:08:41.092+0200][2103.401s] GC(9)   Pre Evacuate Collection Set: 0.1ms
[2021-10-22T15:08:41.093+0200][2103.402s] GC(9)   Merge Heap Roots: 0.1ms
[2021-10-22T15:08:41.093+0200][2103.402s] GC(9)   Evacuate Collection Set: 10.0ms
[2021-10-22T15:08:41.093+0200][2103.402s] GC(9)   Post Evacuate Collection Set: 1.0ms
[2021-10-22T15:08:41.093+0200][2103.402s] GC(9)   Other: 0.2ms
[2021-10-22T15:08:41.093+0200][2103.402s] GC(9) Eden regions: 282->0(296)
[2021-10-22T15:08:41.093+0200][2103.402s] GC(9) Survivor regions: 25->11(39)
[2021-10-22T15:08:41.093+0200][2103.402s] GC(9) Old regions: 25->49
[2021-10-22T15:08:41.093+0200][2103.402s] GC(9) Archive regions: 0->0
[2021-10-22T15:08:41.093+0200][2103.402s] GC(9) Humongous regions: 7->7
[2021-10-22T15:08:41.093+0200][2103.402s] GC(9) Metaspace: 58779K(59200K)->58779K(59200K) NonClass: 52130K(52352K)->52130K(52352K) Class: 6649K(6848K)->6649K(6848K)
[2021-10-22T15:08:41.093+0200][2103.402s] GC(9) Pause Young (Normal) (G1 Evacuation Pause) 338M->65M(512M) 11.564ms
[2021-10-22T15:08:41.093+0200][2103.402s] GC(9) User=0.16s Sys=0.00s Real=0.01s
[2021-10-22T15:08:41.767+0200][2104.076s] GC(10) Pause Young (Concurrent Start) (Metadata GC Threshold)
[2021-10-22T15:08:41.767+0200][2104.077s] GC(10) Using 10 workers of 10 for evacuation
[2021-10-22T15:08:41.771+0200][2104.081s] GC(10)   Pre Evacuate Collection Set: 0.2ms
[2021-10-22T15:08:41.771+0200][2104.081s] GC(10)   Merge Heap Roots: 0.1ms
[2021-10-22T15:08:41.771+0200][2104.081s] GC(10)   Evacuate Collection Set: 3.1ms
[2021-10-22T15:08:41.771+0200][2104.081s] GC(10)   Post Evacuate Collection Set: 0.7ms
[2021-10-22T15:08:41.771+0200][2104.081s] GC(10)   Other: 0.2ms
[2021-10-22T15:08:41.771+0200][2104.081s] GC(10) Eden regions: 102->0(298)
[2021-10-22T15:08:41.771+0200][2104.081s] GC(10) Survivor regions: 11->9(39)
[2021-10-22T15:08:41.771+0200][2104.081s] GC(10) Old regions: 49->49
[2021-10-22T15:08:41.771+0200][2104.081s] GC(10) Archive regions: 0->0
[2021-10-22T15:08:41.771+0200][2104.081s] GC(10) Humongous regions: 7->7
[2021-10-22T15:08:41.771+0200][2104.081s] GC(10) Metaspace: 60275K(60736K)->60275K(60736K) NonClass: 53485K(53696K)->53485K(53696K) Class: 6789K(7040K)->6789K(7040K)
[2021-10-22T15:08:41.771+0200][2104.081s] GC(10) Pause Young (Concurrent Start) (Metadata GC Threshold) 167M->64M(512M) 4.408ms
[2021-10-22T15:08:41.771+0200][2104.081s] GC(10) User=0.03s Sys=0.00s Real=0.00s
[2021-10-22T15:08:41.771+0200][2104.081s] GC(11) Concurrent Mark Cycle
[2021-10-22T15:08:41.772+0200][2104.081s] GC(11) Concurrent Clear Claimed Marks
[2021-10-22T15:08:41.772+0200][2104.081s] GC(11) Concurrent Clear Claimed Marks 0.065ms
[2021-10-22T15:08:41.772+0200][2104.081s] GC(11) Concurrent Scan Root Regions
[2021-10-22T15:08:41.774+0200][2104.084s] GC(11) Concurrent Scan Root Regions 2.369ms
[2021-10-22T15:08:41.774+0200][2104.084s] GC(11) Concurrent Mark
[2021-10-22T15:08:41.774+0200][2104.084s] GC(11) Concurrent Mark From Roots
[2021-10-22T15:08:41.774+0200][2104.084s] GC(11) Using 3 workers of 3 for marking
[2021-10-22T15:08:41.799+0200][2104.108s] GC(11) Concurrent Mark From Roots 24.581ms
[2021-10-22T15:08:41.799+0200][2104.108s] GC(11) Concurrent Preclean
[2021-10-22T15:08:41.799+0200][2104.109s] GC(11) Concurrent Preclean 0.667ms
[2021-10-22T15:08:41.799+0200][2104.109s] GC(11) Pause Remark
[2021-10-22T15:08:41.812+0200][2104.121s] GC(11) Pause Remark 66M->66M(512M) 12.130ms
[2021-10-22T15:08:41.812+0200][2104.121s] GC(11) User=0.09s Sys=0.00s Real=0.01s
[2021-10-22T15:08:41.812+0200][2104.122s] GC(11) Concurrent Mark 37.941ms
[2021-10-22T15:08:41.812+0200][2104.122s] GC(11) Concurrent Rebuild Remembered Sets
[2021-10-22T15:08:41.825+0200][2104.134s] GC(11) Concurrent Rebuild Remembered Sets 12.823ms
[2021-10-22T15:08:41.825+0200][2104.135s] GC(11) Pause Cleanup
[2021-10-22T15:08:41.825+0200][2104.135s] GC(11) Pause Cleanup 66M->66M(512M) 0.128ms
[2021-10-22T15:08:41.825+0200][2104.135s] GC(11) User=0.00s Sys=0.00s Real=0.00s
[2021-10-22T15:08:41.825+0200][2104.135s] GC(11) Concurrent Cleanup for Next Mark
[2021-10-22T15:08:41.826+0200][2104.136s] GC(11) Concurrent Cleanup for Next Mark 0.515ms
[2021-10-22T15:08:41.826+0200][2104.136s] GC(11) Concurrent Mark Cycle 54.503ms
[2021-10-22T15:12:11.558+0200][2313.867s] Heap
[2021-10-22T15:12:11.558+0200][2313.867s]  garbage-first heap   total 524288K, used 146255K [0x00000000e0000000, 0x0000000100000000)
[2021-10-22T15:12:11.558+0200][2313.868s]   region size 1024K, 89 young (91136K), 9 survivors (9216K)
[2021-10-22T15:12:11.558+0200][2313.868s]  Metaspace       used 60695K, committed 61120K, reserved 1105920K
[2021-10-22T15:12:11.558+0200][2313.868s]   class space    used 6861K, committed 7040K, reserved 1048576K
