[2021-10-28T14:17:47.917+0200][0.020s] Using G1
[2021-10-28T14:17:47.922+0200][0.025s] Version: 17.0.1+12-LTS-39 (release)
[2021-10-28T14:17:47.922+0200][0.025s] CPUs: 12 total, 12 available
[2021-10-28T14:17:47.922+0200][0.025s] Memory: 32720M
[2021-10-28T14:17:47.922+0200][0.025s] Large Page Support: Enabled
[2021-10-28T14:17:47.922+0200][0.025s] NUMA Support: Disabled
[2021-10-28T14:17:47.922+0200][0.025s] Compressed Oops: Enabled (32-bit)
[2021-10-28T14:17:47.922+0200][0.025s] Heap Region Size: 1M
[2021-10-28T14:17:47.922+0200][0.025s] Heap Min Capacity: 512M
[2021-10-28T14:17:47.922+0200][0.026s] Heap Initial Capacity: 512M
[2021-10-28T14:17:47.922+0200][0.026s] Heap Max Capacity: 512M
[2021-10-28T14:17:47.922+0200][0.026s] Pre-touch: Enabled
[2021-10-28T14:17:47.923+0200][0.026s] Parallel Workers: 10
[2021-10-28T14:17:47.923+0200][0.026s] Concurrent Workers: 3
[2021-10-28T14:17:47.923+0200][0.026s] Concurrent Refinement Workers: 10
[2021-10-28T14:17:47.923+0200][0.026s] Periodic GC: Disabled
[2021-10-28T14:17:47.923+0200][0.026s] CDS archive(s) mapped at: [0x0000000800000000-0x0000000800bc0000-0x0000000800bc0000), size 12320768, SharedBaseAddress: 0x0000000800000000, ArchiveRelocationMode: 0.
[2021-10-28T14:17:47.923+0200][0.026s] Compressed class space mapped at: 0x0000000800c00000-0x0000000840c00000, reserved size: 1073741824
[2021-10-28T14:17:47.923+0200][0.026s] Narrow klass base: 0x0000000800000000, Narrow klass shift: 0, Narrow klass range: 0x100000000
[2021-10-28T14:17:49.213+0200][1.316s] GC(0) Pause Young (Normal) (G1 Evacuation Pause)
[2021-10-28T14:17:49.214+0200][1.316s] GC(0) Using 10 workers of 10 for evacuation
[2021-10-28T14:17:49.217+0200][1.319s] GC(0)   Pre Evacuate Collection Set: 0.1ms
[2021-10-28T14:17:49.217+0200][1.319s] GC(0)   Merge Heap Roots: 0.0ms
[2021-10-28T14:17:49.217+0200][1.319s] GC(0)   Evacuate Collection Set: 2.6ms
[2021-10-28T14:17:49.217+0200][1.319s] GC(0)   Post Evacuate Collection Set: 0.3ms
[2021-10-28T14:17:49.217+0200][1.319s] GC(0)   Other: 0.5ms
[2021-10-28T14:17:49.217+0200][1.319s] GC(0) Eden regions: 29->0(41)
[2021-10-28T14:17:49.217+0200][1.319s] GC(0) Survivor regions: 0->4(4)
[2021-10-28T14:17:49.217+0200][1.319s] GC(0) Old regions: 0->0
[2021-10-28T14:17:49.217+0200][1.319s] GC(0) Archive regions: 0->0
[2021-10-28T14:17:49.217+0200][1.319s] GC(0) Humongous regions: 0->0
[2021-10-28T14:17:49.217+0200][1.319s] GC(0) Metaspace: 7865K(8064K)->7865K(8064K) NonClass: 6969K(7104K)->6969K(7104K) Class: 895K(960K)->895K(960K)
[2021-10-28T14:17:49.217+0200][1.319s] GC(0) Pause Young (Normal) (G1 Evacuation Pause) 29M->3M(512M) 3.705ms
[2021-10-28T14:17:49.217+0200][1.319s] GC(0) User=0.00s Sys=0.00s Real=0.00s
[2021-10-28T14:17:50.018+0200][2.121s] GC(1) Pause Young (Normal) (G1 Evacuation Pause)
[2021-10-28T14:17:50.018+0200][2.121s] GC(1) Using 10 workers of 10 for evacuation
[2021-10-28T14:17:50.025+0200][2.128s] GC(1)   Pre Evacuate Collection Set: 0.0ms
[2021-10-28T14:17:50.025+0200][2.128s] GC(1)   Merge Heap Roots: 0.0ms
[2021-10-28T14:17:50.025+0200][2.128s] GC(1)   Evacuate Collection Set: 6.5ms
[2021-10-28T14:17:50.025+0200][2.128s] GC(1)   Post Evacuate Collection Set: 0.5ms
[2021-10-28T14:17:50.025+0200][2.128s] GC(1)   Other: 0.1ms
[2021-10-28T14:17:50.025+0200][2.128s] GC(1) Eden regions: 41->0(93)
[2021-10-28T14:17:50.025+0200][2.128s] GC(1) Survivor regions: 4->6(6)
[2021-10-28T14:17:50.025+0200][2.128s] GC(1) Old regions: 0->10
[2021-10-28T14:17:50.025+0200][2.128s] GC(1) Archive regions: 0->0
[2021-10-28T14:17:50.025+0200][2.128s] GC(1) Humongous regions: 4->4
[2021-10-28T14:17:50.025+0200][2.128s] GC(1) Metaspace: 15478K(15744K)->15478K(15744K) NonClass: 13681K(13824K)->13681K(13824K) Class: 1796K(1920K)->1796K(1920K)
[2021-10-28T14:17:50.025+0200][2.128s] GC(1) Pause Young (Normal) (G1 Evacuation Pause) 48M->19M(512M) 7.336ms
[2021-10-28T14:17:50.025+0200][2.128s] GC(1) User=0.17s Sys=0.00s Real=0.01s
[2021-10-28T14:17:50.847+0200][2.949s] GC(2) Pause Young (Concurrent Start) (Metadata GC Threshold)
[2021-10-28T14:17:50.847+0200][2.949s] GC(2) Using 10 workers of 10 for evacuation
[2021-10-28T14:17:50.853+0200][2.955s] GC(2)   Pre Evacuate Collection Set: 0.0ms
[2021-10-28T14:17:50.853+0200][2.955s] GC(2)   Merge Heap Roots: 0.0ms
[2021-10-28T14:17:50.853+0200][2.955s] GC(2)   Evacuate Collection Set: 5.1ms
[2021-10-28T14:17:50.853+0200][2.955s] GC(2)   Post Evacuate Collection Set: 0.5ms
[2021-10-28T14:17:50.853+0200][2.955s] GC(2)   Other: 0.3ms
[2021-10-28T14:17:50.853+0200][2.955s] GC(2) Eden regions: 48->0(77)
[2021-10-28T14:17:50.853+0200][2.955s] GC(2) Survivor regions: 6->11(12)
[2021-10-28T14:17:50.853+0200][2.955s] GC(2) Old regions: 10->10
[2021-10-28T14:17:50.853+0200][2.955s] GC(2) Archive regions: 0->0
[2021-10-28T14:17:50.853+0200][2.955s] GC(2) Humongous regions: 4->4
[2021-10-28T14:17:50.853+0200][2.955s] GC(2) Metaspace: 21326K(21504K)->21326K(21504K) NonClass: 18929K(19008K)->18929K(19008K) Class: 2396K(2496K)->2396K(2496K)
[2021-10-28T14:17:50.853+0200][2.956s] GC(2) Pause Young (Concurrent Start) (Metadata GC Threshold) 66M->24M(512M) 6.122ms
[2021-10-28T14:17:50.853+0200][2.956s] GC(2) User=0.17s Sys=0.00s Real=0.01s
[2021-10-28T14:17:50.853+0200][2.956s] GC(3) Concurrent Mark Cycle
[2021-10-28T14:17:50.853+0200][2.956s] GC(3) Concurrent Clear Claimed Marks
[2021-10-28T14:17:50.853+0200][2.956s] GC(3) Concurrent Clear Claimed Marks 0.028ms
[2021-10-28T14:17:50.853+0200][2.956s] GC(3) Concurrent Scan Root Regions
[2021-10-28T14:17:50.855+0200][2.957s] GC(3) Concurrent Scan Root Regions 1.832ms
[2021-10-28T14:17:50.855+0200][2.958s] GC(3) Concurrent Mark
[2021-10-28T14:17:50.855+0200][2.958s] GC(3) Concurrent Mark From Roots
[2021-10-28T14:17:50.855+0200][2.958s] GC(3) Using 3 workers of 3 for marking
[2021-10-28T14:17:50.861+0200][2.964s] GC(3) Concurrent Mark From Roots 6.094ms
[2021-10-28T14:17:50.861+0200][2.964s] GC(3) Concurrent Preclean
[2021-10-28T14:17:50.861+0200][2.964s] GC(3) Concurrent Preclean 0.085ms
[2021-10-28T14:17:50.861+0200][2.964s] GC(3) Pause Remark
[2021-10-28T14:17:50.862+0200][2.965s] GC(3) Pause Remark 25M->25M(512M) 0.954ms
[2021-10-28T14:17:50.862+0200][2.965s] GC(3) User=0.00s Sys=0.00s Real=0.00s
[2021-10-28T14:17:50.862+0200][2.965s] GC(3) Concurrent Mark 7.293ms
[2021-10-28T14:17:50.862+0200][2.965s] GC(3) Concurrent Rebuild Remembered Sets
[2021-10-28T14:17:50.865+0200][2.967s] GC(3) Concurrent Rebuild Remembered Sets 2.638ms
[2021-10-28T14:17:50.865+0200][2.968s] GC(3) Pause Cleanup
[2021-10-28T14:17:50.865+0200][2.968s] GC(3) Pause Cleanup 25M->25M(512M) 0.070ms
[2021-10-28T14:17:50.865+0200][2.968s] GC(3) User=0.00s Sys=0.00s Real=0.00s
[2021-10-28T14:17:50.865+0200][2.968s] GC(3) Concurrent Cleanup for Next Mark
[2021-10-28T14:17:50.865+0200][2.968s] GC(3) Concurrent Cleanup for Next Mark 0.330ms
[2021-10-28T14:17:50.865+0200][2.968s] GC(3) Concurrent Mark Cycle 12.453ms
[2021-10-28T14:17:57.113+0200][9.216s] GC(4) Pause Young (Normal) (G1 Evacuation Pause)
[2021-10-28T14:17:57.113+0200][9.216s] GC(4) Using 10 workers of 10 for evacuation
[2021-10-28T14:17:57.121+0200][9.224s] GC(4)   Pre Evacuate Collection Set: 0.0ms
[2021-10-28T14:17:57.121+0200][9.224s] GC(4)   Merge Heap Roots: 0.1ms
[2021-10-28T14:17:57.121+0200][9.224s] GC(4)   Evacuate Collection Set: 6.9ms
[2021-10-28T14:17:57.121+0200][9.224s] GC(4)   Post Evacuate Collection Set: 0.5ms
[2021-10-28T14:17:57.121+0200][9.224s] GC(4)   Other: 0.1ms
[2021-10-28T14:17:57.121+0200][9.224s] GC(4) Eden regions: 78->0(295)
[2021-10-28T14:17:57.121+0200][9.224s] GC(4) Survivor regions: 11->12(12)
[2021-10-28T14:17:57.121+0200][9.224s] GC(4) Old regions: 10->16
[2021-10-28T14:17:57.121+0200][9.224s] GC(4) Archive regions: 0->0
[2021-10-28T14:17:57.121+0200][9.224s] GC(4) Humongous regions: 4->4
[2021-10-28T14:17:57.121+0200][9.224s] GC(4) Metaspace: 31446K(31680K)->31446K(31680K) NonClass: 27906K(28032K)->27906K(28032K) Class: 3539K(3648K)->3539K(3648K)
[2021-10-28T14:17:57.121+0200][9.224s] GC(4) Pause Young (Normal) (G1 Evacuation Pause) 102M->30M(512M) 7.760ms
[2021-10-28T14:17:57.121+0200][9.224s] GC(4) User=0.16s Sys=0.00s Real=0.01s
[2021-10-28T14:18:02.204+0200][14.307s] GC(5) Pause Young (Concurrent Start) (Metadata GC Threshold)
[2021-10-28T14:18:02.204+0200][14.307s] GC(5) Using 10 workers of 10 for evacuation
[2021-10-28T14:18:02.209+0200][14.311s] GC(5)   Pre Evacuate Collection Set: 0.1ms
[2021-10-28T14:18:02.209+0200][14.311s] GC(5)   Merge Heap Roots: 0.1ms
[2021-10-28T14:18:02.209+0200][14.311s] GC(5)   Evacuate Collection Set: 3.5ms
[2021-10-28T14:18:02.209+0200][14.311s] GC(5)   Post Evacuate Collection Set: 0.4ms
[2021-10-28T14:18:02.209+0200][14.311s] GC(5)   Other: 0.2ms
[2021-10-28T14:18:02.209+0200][14.311s] GC(5) Eden regions: 47->0(293)
[2021-10-28T14:18:02.209+0200][14.311s] GC(5) Survivor regions: 12->14(39)
[2021-10-28T14:18:02.209+0200][14.311s] GC(5) Old regions: 16->16
[2021-10-28T14:18:02.209+0200][14.311s] GC(5) Archive regions: 0->0
[2021-10-28T14:18:02.209+0200][14.311s] GC(5) Humongous regions: 4->4
[2021-10-28T14:18:02.209+0200][14.311s] GC(5) Metaspace: 36132K(36416K)->36132K(36416K) NonClass: 32108K(32256K)->32108K(32256K) Class: 4024K(4160K)->4024K(4160K)
[2021-10-28T14:18:02.209+0200][14.311s] GC(5) Pause Young (Concurrent Start) (Metadata GC Threshold) 77M->33M(512M) 4.448ms
[2021-10-28T14:18:02.209+0200][14.312s] GC(5) User=0.03s Sys=0.00s Real=0.01s
[2021-10-28T14:18:02.209+0200][14.312s] GC(6) Concurrent Mark Cycle
[2021-10-28T14:18:02.209+0200][14.312s] GC(6) Concurrent Clear Claimed Marks
[2021-10-28T14:18:02.209+0200][14.312s] GC(6) Concurrent Clear Claimed Marks 0.029ms
[2021-10-28T14:18:02.209+0200][14.312s] GC(6) Concurrent Scan Root Regions
[2021-10-28T14:18:02.211+0200][14.314s] GC(6) Concurrent Scan Root Regions 2.333ms
[2021-10-28T14:18:02.211+0200][14.314s] GC(6) Concurrent Mark
[2021-10-28T14:18:02.211+0200][14.314s] GC(6) Concurrent Mark From Roots
[2021-10-28T14:18:02.211+0200][14.314s] GC(6) Using 3 workers of 3 for marking
[2021-10-28T14:18:02.221+0200][14.324s] GC(6) Concurrent Mark From Roots 9.742ms
[2021-10-28T14:18:02.221+0200][14.324s] GC(6) Concurrent Preclean
[2021-10-28T14:18:02.221+0200][14.324s] GC(6) Concurrent Preclean 0.093ms
[2021-10-28T14:18:02.221+0200][14.324s] GC(6) Pause Remark
[2021-10-28T14:18:02.223+0200][14.325s] GC(6) Pause Remark 34M->34M(512M) 1.446ms
[2021-10-28T14:18:02.223+0200][14.325s] GC(6) User=0.00s Sys=0.00s Real=0.00s
[2021-10-28T14:18:02.223+0200][14.325s] GC(6) Concurrent Mark 11.499ms
[2021-10-28T14:18:02.223+0200][14.325s] GC(6) Concurrent Rebuild Remembered Sets
[2021-10-28T14:18:02.227+0200][14.330s] GC(6) Concurrent Rebuild Remembered Sets 4.410ms
[2021-10-28T14:18:02.227+0200][14.330s] GC(6) Pause Cleanup
[2021-10-28T14:18:02.227+0200][14.330s] GC(6) Pause Cleanup 34M->34M(512M) 0.094ms
[2021-10-28T14:18:02.227+0200][14.330s] GC(6) User=0.00s Sys=0.00s Real=0.00s
[2021-10-28T14:18:02.227+0200][14.330s] GC(6) Concurrent Cleanup for Next Mark
[2021-10-28T14:18:02.228+0200][14.331s] GC(6) Concurrent Cleanup for Next Mark 0.418ms
[2021-10-28T14:18:02.228+0200][14.331s] GC(6) Concurrent Mark Cycle 19.065ms
[2021-10-28T14:18:47.407+0200][59.510s] GC(7) Pause Young (Prepare Mixed) (G1 Evacuation Pause)
[2021-10-28T14:18:47.407+0200][59.510s] GC(7) Using 10 workers of 10 for evacuation
[2021-10-28T14:18:47.420+0200][59.523s] GC(7)   Pre Evacuate Collection Set: 0.1ms
[2021-10-28T14:18:47.420+0200][59.523s] GC(7)   Merge Heap Roots: 0.1ms
[2021-10-28T14:18:47.420+0200][59.523s] GC(7)   Evacuate Collection Set: 11.8ms
[2021-10-28T14:18:47.421+0200][59.523s] GC(7)   Post Evacuate Collection Set: 1.1ms
[2021-10-28T14:18:47.421+0200][59.523s] GC(7)   Other: 0.2ms
[2021-10-28T14:18:47.421+0200][59.523s] GC(7) Eden regions: 293->0(1)
[2021-10-28T14:18:47.421+0200][59.523s] GC(7) Survivor regions: 14->35(39)
[2021-10-28T14:18:47.421+0200][59.523s] GC(7) Old regions: 16->16
[2021-10-28T14:18:47.421+0200][59.523s] GC(7) Archive regions: 0->0
[2021-10-28T14:18:47.421+0200][59.523s] GC(7) Humongous regions: 14->8
[2021-10-28T14:18:47.421+0200][59.523s] GC(7) Metaspace: 55252K(55744K)->55252K(55744K) NonClass: 48770K(49024K)->48770K(49024K) Class: 6481K(6720K)->6481K(6720K)
[2021-10-28T14:18:47.421+0200][59.523s] GC(7) Pause Young (Prepare Mixed) (G1 Evacuation Pause) 336M->58M(512M) 13.529ms
[2021-10-28T14:18:47.421+0200][59.523s] GC(7) User=0.14s Sys=0.00s Real=0.01s
[2021-10-28T14:18:47.433+0200][59.536s] GC(8) Pause Young (Mixed) (G1 Evacuation Pause)
[2021-10-28T14:18:47.433+0200][59.536s] GC(8) Using 10 workers of 10 for evacuation
[2021-10-28T14:18:47.443+0200][59.545s] GC(8)   Pre Evacuate Collection Set: 0.1ms
[2021-10-28T14:18:47.443+0200][59.546s] GC(8)   Merge Heap Roots: 0.1ms
[2021-10-28T14:18:47.443+0200][59.546s] GC(8)   Evacuate Collection Set: 8.9ms
[2021-10-28T14:18:47.443+0200][59.546s] GC(8)   Post Evacuate Collection Set: 0.6ms
[2021-10-28T14:18:47.443+0200][59.546s] GC(8)   Other: 0.1ms
[2021-10-28T14:18:47.443+0200][59.546s] GC(8) Eden regions: 1->0(304)
[2021-10-28T14:18:47.443+0200][59.546s] GC(8) Survivor regions: 35->3(5)
[2021-10-28T14:18:47.443+0200][59.546s] GC(8) Old regions: 16->50
[2021-10-28T14:18:47.443+0200][59.546s] GC(8) Archive regions: 0->0
[2021-10-28T14:18:47.443+0200][59.546s] GC(8) Humongous regions: 8->8
[2021-10-28T14:18:47.443+0200][59.546s] GC(8) Metaspace: 55253K(55744K)->55253K(55744K) NonClass: 48772K(49024K)->48772K(49024K) Class: 6481K(6720K)->6481K(6720K)
[2021-10-28T14:18:47.443+0200][59.546s] GC(8) Pause Young (Mixed) (G1 Evacuation Pause) 59M->60M(512M) 9.933ms
[2021-10-28T14:18:47.443+0200][59.546s] GC(8) User=0.16s Sys=0.00s Real=0.01s
[2021-10-28T14:30:01.731+0200][733.835s] GC(9) Pause Young (Concurrent Start) (Metadata GC Threshold)
[2021-10-28T14:30:01.731+0200][733.835s] GC(9) Using 10 workers of 10 for evacuation
[2021-10-28T14:30:01.739+0200][733.842s] GC(9)   Pre Evacuate Collection Set: 0.1ms
[2021-10-28T14:30:01.739+0200][733.842s] GC(9)   Merge Heap Roots: 0.1ms
[2021-10-28T14:30:01.739+0200][733.842s] GC(9)   Evacuate Collection Set: 6.3ms
[2021-10-28T14:30:01.739+0200][733.842s] GC(9)   Post Evacuate Collection Set: 0.8ms
[2021-10-28T14:30:01.739+0200][733.842s] GC(9)   Other: 0.3ms
[2021-10-28T14:30:01.739+0200][733.842s] GC(9) Eden regions: 229->0(292)
[2021-10-28T14:30:01.739+0200][733.842s] GC(9) Survivor regions: 3->15(39)
[2021-10-28T14:30:01.739+0200][733.842s] GC(9) Old regions: 50->50
[2021-10-28T14:30:01.739+0200][733.842s] GC(9) Archive regions: 0->0
[2021-10-28T14:30:01.739+0200][733.842s] GC(9) Humongous regions: 8->8
[2021-10-28T14:30:01.739+0200][733.842s] GC(9) Metaspace: 60510K(60928K)->60510K(60928K) NonClass: 53502K(53696K)->53502K(53696K) Class: 7007K(7232K)->7007K(7232K)
[2021-10-28T14:30:01.739+0200][733.842s] GC(9) Pause Young (Concurrent Start) (Metadata GC Threshold) 288M->71M(512M) 7.678ms
[2021-10-28T14:30:01.739+0200][733.842s] GC(9) User=0.00s Sys=0.00s Real=0.01s
[2021-10-28T14:30:01.739+0200][733.842s] GC(10) Concurrent Mark Cycle
[2021-10-28T14:30:01.739+0200][733.842s] GC(10) Concurrent Clear Claimed Marks
[2021-10-28T14:30:01.739+0200][733.842s] GC(10) Concurrent Clear Claimed Marks 0.060ms
[2021-10-28T14:30:01.739+0200][733.842s] GC(10) Concurrent Scan Root Regions
[2021-10-28T14:30:01.743+0200][733.846s] GC(10) Concurrent Scan Root Regions 3.666ms
[2021-10-28T14:30:01.743+0200][733.846s] GC(10) Concurrent Mark
[2021-10-28T14:30:01.743+0200][733.846s] GC(10) Concurrent Mark From Roots
[2021-10-28T14:30:01.743+0200][733.846s] GC(10) Using 3 workers of 3 for marking
[2021-10-28T14:30:01.767+0200][733.870s] GC(10) Concurrent Mark From Roots 23.641ms
[2021-10-28T14:30:01.767+0200][733.870s] GC(10) Concurrent Preclean
[2021-10-28T14:30:01.768+0200][733.871s] GC(10) Concurrent Preclean 0.826ms
[2021-10-28T14:30:01.768+0200][733.871s] GC(10) Pause Remark
[2021-10-28T14:30:01.776+0200][733.879s] GC(10) Pause Remark 76M->76M(512M) 7.883ms
[2021-10-28T14:30:01.776+0200][733.879s] GC(10) User=0.16s Sys=0.00s Real=0.01s
[2021-10-28T14:30:01.776+0200][733.879s] GC(10) Concurrent Mark 32.668ms
[2021-10-28T14:30:01.776+0200][733.879s] GC(10) Concurrent Rebuild Remembered Sets
[2021-10-28T14:30:01.787+0200][733.890s] GC(10) Concurrent Rebuild Remembered Sets 10.987ms
[2021-10-28T14:30:01.787+0200][733.890s] GC(10) Pause Cleanup
[2021-10-28T14:30:01.787+0200][733.890s] GC(10) Pause Cleanup 76M->76M(512M) 0.120ms
[2021-10-28T14:30:01.787+0200][733.890s] GC(10) User=0.00s Sys=0.00s Real=0.00s
[2021-10-28T14:30:01.787+0200][733.890s] GC(10) Concurrent Cleanup for Next Mark
[2021-10-28T14:30:01.787+0200][733.891s] GC(10) Concurrent Cleanup for Next Mark 0.470ms
[2021-10-28T14:30:01.787+0200][733.891s] GC(10) Concurrent Mark Cycle 48.328ms
[2021-10-28T14:45:28.622+0200][1660.724s] Heap
[2021-10-28T14:45:28.622+0200][1660.725s]  garbage-first heap   total 524288K, used 162664K [0x00000000e0000000, 0x0000000100000000)
[2021-10-28T14:45:28.622+0200][1660.725s]   region size 1024K, 102 young (104448K), 15 survivors (15360K)
[2021-10-28T14:45:28.622+0200][1660.725s]  Metaspace       used 61645K, committed 62080K, reserved 1105920K
[2021-10-28T14:45:28.622+0200][1660.725s]   class space    used 7090K, committed 7296K, reserved 1048576K
