[2021-10-22T15:13:29.112+0200][0.007s] Using G1
[2021-10-22T15:13:29.118+0200][0.013s] Version: 17.0.1+12-LTS-39 (release)
[2021-10-22T15:13:29.118+0200][0.013s] CPUs: 12 total, 12 available
[2021-10-22T15:13:29.118+0200][0.013s] Memory: 32720M
[2021-10-22T15:13:29.118+0200][0.013s] Large Page Support: Enabled
[2021-10-22T15:13:29.118+0200][0.013s] NUMA Support: Disabled
[2021-10-22T15:13:29.118+0200][0.013s] Compressed Oops: Enabled (32-bit)
[2021-10-22T15:13:29.118+0200][0.013s] Heap Region Size: 1M
[2021-10-22T15:13:29.118+0200][0.013s] Heap Min Capacity: 512M
[2021-10-22T15:13:29.118+0200][0.013s] Heap Initial Capacity: 512M
[2021-10-22T15:13:29.118+0200][0.013s] Heap Max Capacity: 512M
[2021-10-22T15:13:29.118+0200][0.013s] Pre-touch: Enabled
[2021-10-22T15:13:29.118+0200][0.013s] Parallel Workers: 10
[2021-10-22T15:13:29.118+0200][0.013s] Concurrent Workers: 3
[2021-10-22T15:13:29.118+0200][0.013s] Concurrent Refinement Workers: 10
[2021-10-22T15:13:29.118+0200][0.013s] Periodic GC: Disabled
[2021-10-22T15:13:29.119+0200][0.014s] CDS archive(s) mapped at: [0x0000000800000000-0x0000000800bc0000-0x0000000800bc0000), size 12320768, SharedBaseAddress: 0x0000000800000000, ArchiveRelocationMode: 0.
[2021-10-22T15:13:29.119+0200][0.014s] Compressed class space mapped at: 0x0000000800c00000-0x0000000840c00000, reserved size: 1073741824
[2021-10-22T15:13:29.119+0200][0.014s] Narrow klass base: 0x0000000800000000, Narrow klass shift: 0, Narrow klass range: 0x100000000
[2021-10-22T15:13:29.898+0200][0.792s] GC(0) Pause Young (Normal) (G1 Evacuation Pause)
[2021-10-22T15:13:29.898+0200][0.793s] GC(0) Using 10 workers of 10 for evacuation
[2021-10-22T15:13:29.902+0200][0.796s] GC(0)   Pre Evacuate Collection Set: 0.1ms
[2021-10-22T15:13:29.902+0200][0.796s] GC(0)   Merge Heap Roots: 0.0ms
[2021-10-22T15:13:29.902+0200][0.796s] GC(0)   Evacuate Collection Set: 3.0ms
[2021-10-22T15:13:29.902+0200][0.796s] GC(0)   Post Evacuate Collection Set: 0.5ms
[2021-10-22T15:13:29.902+0200][0.797s] GC(0)   Other: 0.5ms
[2021-10-22T15:13:29.902+0200][0.797s] GC(0) Eden regions: 29->0(41)
[2021-10-22T15:13:29.902+0200][0.797s] GC(0) Survivor regions: 0->4(4)
[2021-10-22T15:13:29.902+0200][0.797s] GC(0) Old regions: 0->0
[2021-10-22T15:13:29.902+0200][0.797s] GC(0) Archive regions: 0->0
[2021-10-22T15:13:29.902+0200][0.797s] GC(0) Humongous regions: 0->0
[2021-10-22T15:13:29.902+0200][0.797s] GC(0) Metaspace: 8426K(8640K)->8426K(8640K) NonClass: 7458K(7552K)->7458K(7552K) Class: 968K(1088K)->968K(1088K)
[2021-10-22T15:13:29.902+0200][0.797s] GC(0) Pause Young (Normal) (G1 Evacuation Pause) 29M->3M(512M) 4.336ms
[2021-10-22T15:13:29.902+0200][0.797s] GC(0) User=0.00s Sys=0.00s Real=0.00s
[2021-10-22T15:13:30.704+0200][1.599s] GC(1) Pause Young (Normal) (G1 Evacuation Pause)
[2021-10-22T15:13:30.704+0200][1.599s] GC(1) Using 10 workers of 10 for evacuation
[2021-10-22T15:13:30.713+0200][1.607s] GC(1)   Pre Evacuate Collection Set: 0.1ms
[2021-10-22T15:13:30.713+0200][1.607s] GC(1)   Merge Heap Roots: 0.0ms
[2021-10-22T15:13:30.713+0200][1.607s] GC(1)   Evacuate Collection Set: 7.6ms
[2021-10-22T15:13:30.713+0200][1.607s] GC(1)   Post Evacuate Collection Set: 0.5ms
[2021-10-22T15:13:30.713+0200][1.607s] GC(1)   Other: 0.2ms
[2021-10-22T15:13:30.713+0200][1.607s] GC(1) Eden regions: 41->0(129)
[2021-10-22T15:13:30.713+0200][1.607s] GC(1) Survivor regions: 4->6(6)
[2021-10-22T15:13:30.713+0200][1.607s] GC(1) Old regions: 0->10
[2021-10-22T15:13:30.713+0200][1.607s] GC(1) Archive regions: 0->0
[2021-10-22T15:13:30.713+0200][1.607s] GC(1) Humongous regions: 4->4
[2021-10-22T15:13:30.713+0200][1.607s] GC(1) Metaspace: 15470K(15744K)->15470K(15744K) NonClass: 13674K(13824K)->13674K(13824K) Class: 1795K(1920K)->1795K(1920K)
[2021-10-22T15:13:30.713+0200][1.607s] GC(1) Pause Young (Normal) (G1 Evacuation Pause) 48M->19M(512M) 8.576ms
[2021-10-22T15:13:30.713+0200][1.607s] GC(1) User=0.14s Sys=0.00s Real=0.01s
[2021-10-22T15:13:31.247+0200][2.142s] GC(2) Pause Young (Concurrent Start) (Metadata GC Threshold)
[2021-10-22T15:13:31.247+0200][2.142s] GC(2) Using 10 workers of 10 for evacuation
[2021-10-22T15:13:31.254+0200][2.149s] GC(2)   Pre Evacuate Collection Set: 0.1ms
[2021-10-22T15:13:31.254+0200][2.149s] GC(2)   Merge Heap Roots: 0.0ms
[2021-10-22T15:13:31.254+0200][2.149s] GC(2)   Evacuate Collection Set: 5.5ms
[2021-10-22T15:13:31.254+0200][2.149s] GC(2)   Post Evacuate Collection Set: 0.7ms
[2021-10-22T15:13:31.254+0200][2.149s] GC(2)   Other: 0.3ms
[2021-10-22T15:13:31.254+0200][2.149s] GC(2) Eden regions: 48->0(257)
[2021-10-22T15:13:31.254+0200][2.149s] GC(2) Survivor regions: 6->11(16)
[2021-10-22T15:13:31.254+0200][2.149s] GC(2) Old regions: 10->10
[2021-10-22T15:13:31.254+0200][2.149s] GC(2) Archive regions: 0->0
[2021-10-22T15:13:31.254+0200][2.149s] GC(2) Humongous regions: 4->4
[2021-10-22T15:13:31.254+0200][2.149s] GC(2) Metaspace: 21246K(21504K)->21246K(21504K) NonClass: 18860K(18944K)->18860K(18944K) Class: 2386K(2560K)->2386K(2560K)
[2021-10-22T15:13:31.254+0200][2.149s] GC(2) Pause Young (Concurrent Start) (Metadata GC Threshold) 66M->24M(512M) 6.737ms
[2021-10-22T15:13:31.254+0200][2.149s] GC(2) User=0.00s Sys=0.00s Real=0.01s
[2021-10-22T15:13:31.254+0200][2.149s] GC(3) Concurrent Mark Cycle
[2021-10-22T15:13:31.254+0200][2.149s] GC(3) Concurrent Clear Claimed Marks
[2021-10-22T15:13:31.254+0200][2.149s] GC(3) Concurrent Clear Claimed Marks 0.028ms
[2021-10-22T15:13:31.254+0200][2.149s] GC(3) Concurrent Scan Root Regions
[2021-10-22T15:13:31.256+0200][2.151s] GC(3) Concurrent Scan Root Regions 2.027ms
[2021-10-22T15:13:31.256+0200][2.151s] GC(3) Concurrent Mark
[2021-10-22T15:13:31.256+0200][2.151s] GC(3) Concurrent Mark From Roots
[2021-10-22T15:13:31.256+0200][2.151s] GC(3) Using 3 workers of 3 for marking
[2021-10-22T15:13:31.262+0200][2.157s] GC(3) Concurrent Mark From Roots 5.979ms
[2021-10-22T15:13:31.262+0200][2.157s] GC(3) Concurrent Preclean
[2021-10-22T15:13:31.262+0200][2.157s] GC(3) Concurrent Preclean 0.119ms
[2021-10-22T15:13:31.262+0200][2.157s] GC(3) Pause Remark
[2021-10-22T15:13:31.263+0200][2.158s] GC(3) Pause Remark 25M->25M(512M) 1.152ms
[2021-10-22T15:13:31.263+0200][2.158s] GC(3) User=0.00s Sys=0.00s Real=0.00s
[2021-10-22T15:13:31.263+0200][2.158s] GC(3) Concurrent Mark 7.443ms
[2021-10-22T15:13:31.263+0200][2.158s] GC(3) Concurrent Rebuild Remembered Sets
[2021-10-22T15:13:31.266+0200][2.161s] GC(3) Concurrent Rebuild Remembered Sets 2.583ms
[2021-10-22T15:13:31.266+0200][2.161s] GC(3) Pause Cleanup
[2021-10-22T15:13:31.266+0200][2.161s] GC(3) Pause Cleanup 25M->25M(512M) 0.063ms
[2021-10-22T15:13:31.266+0200][2.161s] GC(3) User=0.00s Sys=0.00s Real=0.00s
[2021-10-22T15:13:31.266+0200][2.161s] GC(3) Concurrent Cleanup for Next Mark
[2021-10-22T15:13:31.267+0200][2.162s] GC(3) Concurrent Cleanup for Next Mark 0.377ms
[2021-10-22T15:13:31.267+0200][2.162s] GC(3) Concurrent Mark Cycle 12.810ms
[2021-10-22T15:13:42.201+0200][13.096s] GC(4) Pause Young (Prepare Mixed) (Metadata GC Threshold)
[2021-10-22T15:13:42.201+0200][13.096s] GC(4) Using 10 workers of 10 for evacuation
[2021-10-22T15:13:42.209+0200][13.104s] GC(4)   Pre Evacuate Collection Set: 0.1ms
[2021-10-22T15:13:42.209+0200][13.104s] GC(4)   Merge Heap Roots: 0.1ms
[2021-10-22T15:13:42.209+0200][13.104s] GC(4)   Evacuate Collection Set: 7.2ms
[2021-10-22T15:13:42.209+0200][13.104s] GC(4)   Post Evacuate Collection Set: 0.7ms
[2021-10-22T15:13:42.210+0200][13.104s] GC(4)   Other: 0.2ms
[2021-10-22T15:13:42.210+0200][13.105s] GC(4) Eden regions: 108->0(5)
[2021-10-22T15:13:42.210+0200][13.105s] GC(4) Survivor regions: 11->20(35)
[2021-10-22T15:13:42.210+0200][13.105s] GC(4) Old regions: 10->10
[2021-10-22T15:13:42.210+0200][13.105s] GC(4) Archive regions: 0->0
[2021-10-22T15:13:42.210+0200][13.105s] GC(4) Humongous regions: 4->4
[2021-10-22T15:13:42.210+0200][13.105s] GC(4) Metaspace: 35767K(36096K)->35767K(36096K) NonClass: 31779K(31936K)->31779K(31936K) Class: 3987K(4160K)->3987K(4160K)
[2021-10-22T15:13:42.210+0200][13.105s] GC(4) Pause Young (Prepare Mixed) (Metadata GC Threshold) 131M->33M(512M) 8.400ms
[2021-10-22T15:13:42.210+0200][13.105s] GC(4) User=0.16s Sys=0.00s Real=0.01s
[2021-10-22T15:13:42.262+0200][13.157s] GC(5) Pause Young (Mixed) (Metadata GC Threshold)
[2021-10-22T15:13:42.262+0200][13.157s] GC(5) Using 10 workers of 10 for evacuation
[2021-10-22T15:13:42.268+0200][13.163s] GC(5)   Pre Evacuate Collection Set: 0.1ms
[2021-10-22T15:13:42.268+0200][13.163s] GC(5)   Merge Heap Roots: 0.0ms
[2021-10-22T15:13:42.268+0200][13.163s] GC(5)   Evacuate Collection Set: 5.3ms
[2021-10-22T15:13:42.268+0200][13.163s] GC(5)   Post Evacuate Collection Set: 0.3ms
[2021-10-22T15:13:42.268+0200][13.163s] GC(5)   Other: 0.1ms
[2021-10-22T15:13:42.268+0200][13.163s] GC(5) Eden regions: 4->0(304)
[2021-10-22T15:13:42.268+0200][13.163s] GC(5) Survivor regions: 20->3(4)
[2021-10-22T15:13:42.268+0200][13.163s] GC(5) Old regions: 10->29
[2021-10-22T15:13:42.268+0200][13.163s] GC(5) Archive regions: 0->0
[2021-10-22T15:13:42.268+0200][13.163s] GC(5) Humongous regions: 4->4
[2021-10-22T15:13:42.268+0200][13.163s] GC(5) Metaspace: 36154K(36416K)->36154K(36416K) NonClass: 32119K(32256K)->32119K(32256K) Class: 4035K(4160K)->4035K(4160K)
[2021-10-22T15:13:42.268+0200][13.163s] GC(5) Pause Young (Mixed) (Metadata GC Threshold) 37M->35M(512M) 6.003ms
[2021-10-22T15:13:42.268+0200][13.163s] GC(5) User=0.00s Sys=0.00s Real=0.01s
[2021-10-22T15:13:42.291+0200][13.186s] GC(6) Pause Young (Concurrent Start) (Metadata GC Threshold)
[2021-10-22T15:13:42.291+0200][13.186s] GC(6) Using 10 workers of 10 for evacuation
[2021-10-22T15:13:42.292+0200][13.187s] GC(6)   Pre Evacuate Collection Set: 0.1ms
[2021-10-22T15:13:42.292+0200][13.187s] GC(6)   Merge Heap Roots: 0.0ms
[2021-10-22T15:13:42.292+0200][13.187s] GC(6)   Evacuate Collection Set: 0.7ms
[2021-10-22T15:13:42.292+0200][13.187s] GC(6)   Post Evacuate Collection Set: 0.2ms
[2021-10-22T15:13:42.292+0200][13.187s] GC(6)   Other: 0.2ms
[2021-10-22T15:13:42.292+0200][13.187s] GC(6) Eden regions: 2->0(306)
[2021-10-22T15:13:42.292+0200][13.187s] GC(6) Survivor regions: 3->1(39)
[2021-10-22T15:13:42.292+0200][13.187s] GC(6) Old regions: 29->29
[2021-10-22T15:13:42.292+0200][13.187s] GC(6) Archive regions: 0->0
[2021-10-22T15:13:42.292+0200][13.187s] GC(6) Humongous regions: 4->4
[2021-10-22T15:13:42.292+0200][13.187s] GC(6) Metaspace: 36458K(36736K)->36458K(36736K) NonClass: 32383K(32512K)->32383K(32512K) Class: 4075K(4224K)->4075K(4224K)
[2021-10-22T15:13:42.292+0200][13.187s] GC(6) Pause Young (Concurrent Start) (Metadata GC Threshold) 37M->33M(512M) 1.399ms
[2021-10-22T15:13:42.292+0200][13.187s] GC(6) User=0.00s Sys=0.00s Real=0.00s
[2021-10-22T15:13:42.292+0200][13.187s] GC(7) Concurrent Mark Cycle
[2021-10-22T15:13:42.292+0200][13.187s] GC(7) Concurrent Clear Claimed Marks
[2021-10-22T15:13:42.292+0200][13.187s] GC(7) Concurrent Clear Claimed Marks 0.022ms
[2021-10-22T15:13:42.292+0200][13.187s] GC(7) Concurrent Scan Root Regions
[2021-10-22T15:13:42.293+0200][13.188s] GC(7) Concurrent Scan Root Regions 0.633ms
[2021-10-22T15:13:42.293+0200][13.188s] GC(7) Concurrent Mark
[2021-10-22T15:13:42.293+0200][13.188s] GC(7) Concurrent Mark From Roots
[2021-10-22T15:13:42.293+0200][13.188s] GC(7) Using 3 workers of 3 for marking
[2021-10-22T15:13:42.309+0200][13.204s] GC(7) Concurrent Mark From Roots 15.739ms
[2021-10-22T15:13:42.309+0200][13.204s] GC(7) Concurrent Preclean
[2021-10-22T15:13:42.309+0200][13.204s] GC(7) Concurrent Preclean 0.173ms
[2021-10-22T15:13:42.309+0200][13.204s] GC(7) Pause Remark
[2021-10-22T15:13:42.313+0200][13.209s] GC(7) Pause Remark 47M->47M(512M) 4.280ms
[2021-10-22T15:13:42.314+0200][13.209s] GC(7) User=0.00s Sys=0.00s Real=0.00s
[2021-10-22T15:13:42.314+0200][13.209s] GC(7) Concurrent Mark 20.675ms
[2021-10-22T15:13:42.314+0200][13.209s] GC(7) Concurrent Rebuild Remembered Sets
[2021-10-22T15:13:42.323+0200][13.218s] GC(7) Concurrent Rebuild Remembered Sets 8.899ms
[2021-10-22T15:13:42.323+0200][13.218s] GC(7) Pause Cleanup
[2021-10-22T15:13:42.323+0200][13.218s] GC(7) Pause Cleanup 49M->49M(512M) 0.118ms
[2021-10-22T15:13:42.323+0200][13.218s] GC(7) User=0.00s Sys=0.00s Real=0.00s
[2021-10-22T15:13:42.323+0200][13.218s] GC(7) Concurrent Cleanup for Next Mark
[2021-10-22T15:13:42.324+0200][13.219s] GC(7) Concurrent Cleanup for Next Mark 0.543ms
[2021-10-22T15:13:42.324+0200][13.219s] GC(7) Concurrent Mark Cycle 31.423ms
[2021-10-22T15:14:53.366+0200][84.261s] GC(8) Pause Young (Normal) (G1 Evacuation Pause)
[2021-10-22T15:14:53.366+0200][84.261s] GC(8) Using 10 workers of 10 for evacuation
[2021-10-22T15:14:53.376+0200][84.271s] GC(8)   Pre Evacuate Collection Set: 0.1ms
[2021-10-22T15:14:53.376+0200][84.271s] GC(8)   Merge Heap Roots: 0.1ms
[2021-10-22T15:14:53.376+0200][84.271s] GC(8)   Evacuate Collection Set: 6.9ms
[2021-10-22T15:14:53.376+0200][84.271s] GC(8)   Post Evacuate Collection Set: 2.6ms
[2021-10-22T15:14:53.376+0200][84.271s] GC(8)   Other: 0.2ms
[2021-10-22T15:14:53.376+0200][84.271s] GC(8) Eden regions: 306->0(287)
[2021-10-22T15:14:53.376+0200][84.271s] GC(8) Survivor regions: 1->20(39)
[2021-10-22T15:14:53.376+0200][84.271s] GC(8) Old regions: 29->29
[2021-10-22T15:14:53.376+0200][84.271s] GC(8) Archive regions: 0->0
[2021-10-22T15:14:53.376+0200][84.271s] GC(8) Humongous regions: 5->4
[2021-10-22T15:14:53.376+0200][84.271s] GC(8) Metaspace: 57476K(57984K)->57476K(57984K) NonClass: 50608K(50880K)->50608K(50880K) Class: 6868K(7104K)->6868K(7104K)
[2021-10-22T15:14:53.376+0200][84.271s] GC(8) Pause Young (Normal) (G1 Evacuation Pause) 340M->52M(512M) 10.058ms
[2021-10-22T15:14:53.376+0200][84.271s] GC(8) User=0.00s Sys=0.00s Real=0.01s
[2021-10-22T15:15:49.546+0200][140.441s] GC(9) Pause Young (Concurrent Start) (Metadata GC Threshold)
[2021-10-22T15:15:49.546+0200][140.441s] GC(9) Using 10 workers of 10 for evacuation
[2021-10-22T15:15:49.558+0200][140.452s] GC(9)   Pre Evacuate Collection Set: 0.1ms
[2021-10-22T15:15:49.558+0200][140.452s] GC(9)   Merge Heap Roots: 0.1ms
[2021-10-22T15:15:49.558+0200][140.452s] GC(9)   Evacuate Collection Set: 8.7ms
[2021-10-22T15:15:49.558+0200][140.452s] GC(9)   Post Evacuate Collection Set: 2.1ms
[2021-10-22T15:15:49.558+0200][140.452s] GC(9)   Other: 0.2ms
[2021-10-22T15:15:49.558+0200][140.452s] GC(9) Eden regions: 274->0(274)
[2021-10-22T15:15:49.558+0200][140.452s] GC(9) Survivor regions: 20->33(39)
[2021-10-22T15:15:49.558+0200][140.452s] GC(9) Old regions: 29->29
[2021-10-22T15:15:49.558+0200][140.452s] GC(9) Archive regions: 0->0
[2021-10-22T15:15:49.558+0200][140.452s] GC(9) Humongous regions: 13->8
[2021-10-22T15:15:49.558+0200][140.452s] GC(9) Metaspace: 60970K(61440K)->60970K(61440K) NonClass: 53812K(54080K)->53812K(54080K) Class: 7157K(7360K)->7157K(7360K)
[2021-10-22T15:15:49.558+0200][140.452s] GC(9) Pause Young (Concurrent Start) (Metadata GC Threshold) 334M->69M(512M) 11.418ms
[2021-10-22T15:15:49.558+0200][140.452s] GC(9) User=0.16s Sys=0.00s Real=0.01s
[2021-10-22T15:15:49.558+0200][140.452s] GC(10) Concurrent Mark Cycle
[2021-10-22T15:15:49.558+0200][140.452s] GC(10) Concurrent Clear Claimed Marks
[2021-10-22T15:15:49.558+0200][140.452s] GC(10) Concurrent Clear Claimed Marks 0.060ms
[2021-10-22T15:15:49.558+0200][140.452s] GC(10) Concurrent Scan Root Regions
[2021-10-22T15:15:49.564+0200][140.459s] GC(10) Concurrent Scan Root Regions 6.484ms
[2021-10-22T15:15:49.565+0200][140.459s] GC(10) Concurrent Mark
[2021-10-22T15:15:49.565+0200][140.459s] GC(10) Concurrent Mark From Roots
[2021-10-22T15:15:49.565+0200][140.459s] GC(10) Using 3 workers of 3 for marking
[2021-10-22T15:15:49.581+0200][140.475s] GC(10) Concurrent Mark From Roots 16.297ms
[2021-10-22T15:15:49.581+0200][140.475s] GC(10) Concurrent Preclean
[2021-10-22T15:15:49.581+0200][140.476s] GC(10) Concurrent Preclean 0.170ms
[2021-10-22T15:15:49.581+0200][140.476s] GC(10) Pause Remark
[2021-10-22T15:15:49.584+0200][140.479s] GC(10) Pause Remark 71M->71M(512M) 2.868ms
[2021-10-22T15:15:49.584+0200][140.479s] GC(10) User=0.17s Sys=0.00s Real=0.00s
[2021-10-22T15:15:49.584+0200][140.479s] GC(10) Concurrent Mark 19.681ms
[2021-10-22T15:15:49.584+0200][140.479s] GC(10) Concurrent Rebuild Remembered Sets
[2021-10-22T15:15:49.592+0200][140.486s] GC(10) Concurrent Rebuild Remembered Sets 7.742ms
[2021-10-22T15:15:49.592+0200][140.487s] GC(10) Pause Cleanup
[2021-10-22T15:15:49.592+0200][140.487s] GC(10) Pause Cleanup 72M->72M(512M) 0.139ms
[2021-10-22T15:15:49.592+0200][140.487s] GC(10) User=0.00s Sys=0.00s Real=0.00s
[2021-10-22T15:15:49.592+0200][140.487s] GC(10) Concurrent Cleanup for Next Mark
[2021-10-22T15:15:49.593+0200][140.487s] GC(10) Concurrent Cleanup for Next Mark 0.557ms
[2021-10-22T15:15:49.593+0200][140.487s] GC(10) Concurrent Mark Cycle 35.035ms
[2021-10-22T15:43:40.221+0200][1811.116s] GC(11) Pause Young (Concurrent Start) (G1 Evacuation Pause)
[2021-10-22T15:43:40.221+0200][1811.116s] GC(11) Using 10 workers of 10 for evacuation
[2021-10-22T15:43:40.237+0200][1811.132s] GC(11)   Pre Evacuate Collection Set: 0.2ms
[2021-10-22T15:43:40.237+0200][1811.132s] GC(11)   Merge Heap Roots: 0.1ms
[2021-10-22T15:43:40.237+0200][1811.132s] GC(11)   Evacuate Collection Set: 14.1ms
[2021-10-22T15:43:40.237+0200][1811.132s] GC(11)   Post Evacuate Collection Set: 1.2ms
[2021-10-22T15:43:40.237+0200][1811.132s] GC(11)   Other: 0.3ms
[2021-10-22T15:43:40.237+0200][1811.132s] GC(11) Eden regions: 274->0(276)
[2021-10-22T15:43:40.237+0200][1811.132s] GC(11) Survivor regions: 33->31(39)
[2021-10-22T15:43:40.237+0200][1811.132s] GC(11) Old regions: 29->40
[2021-10-22T15:43:40.237+0200][1811.132s] GC(11) Archive regions: 0->0
[2021-10-22T15:43:40.237+0200][1811.132s] GC(11) Humongous regions: 8->8
[2021-10-22T15:43:40.237+0200][1811.132s] GC(11) Metaspace: 79579K(80192K)->79579K(80192K) NonClass: 70507K(70848K)->70507K(70848K) Class: 9071K(9344K)->9071K(9344K)
[2021-10-22T15:43:40.237+0200][1811.132s] GC(11) Pause Young (Concurrent Start) (G1 Evacuation Pause) 343M->78M(512M) 15.909ms
[2021-10-22T15:43:40.237+0200][1811.132s] GC(11) User=0.16s Sys=0.00s Real=0.02s
[2021-10-22T15:43:40.237+0200][1811.132s] GC(12) Concurrent Mark Cycle
[2021-10-22T15:43:40.237+0200][1811.132s] GC(12) Concurrent Clear Claimed Marks
[2021-10-22T15:43:40.237+0200][1811.132s] GC(12) Concurrent Clear Claimed Marks 0.069ms
[2021-10-22T15:43:40.237+0200][1811.132s] GC(12) Concurrent Scan Root Regions
[2021-10-22T15:43:40.245+0200][1811.140s] GC(12) Concurrent Scan Root Regions 8.271ms
[2021-10-22T15:43:40.245+0200][1811.140s] GC(12) Concurrent Mark
[2021-10-22T15:43:40.245+0200][1811.140s] GC(12) Concurrent Mark From Roots
[2021-10-22T15:43:40.245+0200][1811.140s] GC(12) Using 3 workers of 3 for marking
[2021-10-22T15:43:40.261+0200][1811.156s] GC(12) Concurrent Mark From Roots 15.328ms
[2021-10-22T15:43:40.261+0200][1811.156s] GC(12) Concurrent Preclean
[2021-10-22T15:43:40.261+0200][1811.156s] GC(12) Concurrent Preclean 0.389ms
[2021-10-22T15:43:40.261+0200][1811.156s] GC(12) Pause Remark
[2021-10-22T15:43:40.272+0200][1811.167s] GC(12) Pause Remark 80M->80M(512M) 11.022ms
[2021-10-22T15:43:40.272+0200][1811.167s] GC(12) User=0.06s Sys=0.00s Real=0.01s
[2021-10-22T15:43:40.272+0200][1811.167s] GC(12) Concurrent Mark 27.014ms
[2021-10-22T15:43:40.272+0200][1811.167s] GC(12) Concurrent Rebuild Remembered Sets
[2021-10-22T15:43:40.284+0200][1811.179s] GC(12) Concurrent Rebuild Remembered Sets 11.311ms
[2021-10-22T15:43:40.285+0200][1811.180s] GC(12) Pause Cleanup
[2021-10-22T15:43:40.285+0200][1811.180s] GC(12) Pause Cleanup 80M->80M(512M) 0.125ms
[2021-10-22T15:43:40.285+0200][1811.180s] GC(12) User=0.00s Sys=0.00s Real=0.00s
[2021-10-22T15:43:40.285+0200][1811.180s] GC(12) Concurrent Cleanup for Next Mark
[2021-10-22T15:43:40.285+0200][1811.181s] GC(12) Concurrent Cleanup for Next Mark 0.589ms
[2021-10-22T15:43:40.286+0200][1811.181s] GC(12) Concurrent Mark Cycle 48.674ms
[2021-10-22T16:40:58.540+0200][5249.434s] Heap
[2021-10-22T16:40:58.540+0200][5249.434s]  garbage-first heap   total 524288K, used 321760K [0x00000000e0000000, 0x0000000100000000)
[2021-10-22T16:40:58.540+0200][5249.434s]   region size 1024K, 267 young (273408K), 31 survivors (31744K)
[2021-10-22T16:40:58.540+0200][5249.434s]  Metaspace       used 80904K, committed 81472K, reserved 1122304K
[2021-10-22T16:40:58.540+0200][5249.434s]   class space    used 9103K, committed 9344K, reserved 1048576K
