[2021-10-28T14:45:41.921+0200][0.007s] Using G1
[2021-10-28T14:45:41.926+0200][0.012s] Version: 17.0.1+12-LTS-39 (release)
[2021-10-28T14:45:41.926+0200][0.012s] CPUs: 12 total, 12 available
[2021-10-28T14:45:41.926+0200][0.012s] Memory: 32720M
[2021-10-28T14:45:41.926+0200][0.012s] Large Page Support: Enabled
[2021-10-28T14:45:41.926+0200][0.012s] NUMA Support: Disabled
[2021-10-28T14:45:41.927+0200][0.012s] Compressed Oops: Enabled (32-bit)
[2021-10-28T14:45:41.927+0200][0.012s] Heap Region Size: 1M
[2021-10-28T14:45:41.927+0200][0.012s] Heap Min Capacity: 512M
[2021-10-28T14:45:41.927+0200][0.012s] Heap Initial Capacity: 512M
[2021-10-28T14:45:41.927+0200][0.012s] Heap Max Capacity: 512M
[2021-10-28T14:45:41.927+0200][0.012s] Pre-touch: Enabled
[2021-10-28T14:45:41.927+0200][0.013s] Parallel Workers: 10
[2021-10-28T14:45:41.927+0200][0.013s] Concurrent Workers: 3
[2021-10-28T14:45:41.927+0200][0.013s] Concurrent Refinement Workers: 10
[2021-10-28T14:45:41.927+0200][0.013s] Periodic GC: Disabled
[2021-10-28T14:45:41.927+0200][0.013s] CDS archive(s) mapped at: [0x0000000800000000-0x0000000800bc0000-0x0000000800bc0000), size 12320768, SharedBaseAddress: 0x0000000800000000, ArchiveRelocationMode: 0.
[2021-10-28T14:45:41.927+0200][0.013s] Compressed class space mapped at: 0x0000000800c00000-0x0000000840c00000, reserved size: 1073741824
[2021-10-28T14:45:41.927+0200][0.013s] Narrow klass base: 0x0000000800000000, Narrow klass shift: 0, Narrow klass range: 0x100000000
[2021-10-28T14:45:42.635+0200][0.720s] GC(0) Pause Young (Normal) (G1 Evacuation Pause)
[2021-10-28T14:45:42.635+0200][0.720s] GC(0) Using 10 workers of 10 for evacuation
[2021-10-28T14:45:42.639+0200][0.724s] GC(0)   Pre Evacuate Collection Set: 0.1ms
[2021-10-28T14:45:42.639+0200][0.724s] GC(0)   Merge Heap Roots: 0.0ms
[2021-10-28T14:45:42.639+0200][0.724s] GC(0)   Evacuate Collection Set: 3.6ms
[2021-10-28T14:45:42.639+0200][0.724s] GC(0)   Post Evacuate Collection Set: 0.4ms
[2021-10-28T14:45:42.639+0200][0.724s] GC(0)   Other: 0.5ms
[2021-10-28T14:45:42.639+0200][0.724s] GC(0) Eden regions: 29->0(41)
[2021-10-28T14:45:42.639+0200][0.724s] GC(0) Survivor regions: 0->4(4)
[2021-10-28T14:45:42.639+0200][0.725s] GC(0) Old regions: 0->0
[2021-10-28T14:45:42.639+0200][0.725s] GC(0) Archive regions: 0->0
[2021-10-28T14:45:42.639+0200][0.725s] GC(0) Humongous regions: 0->0
[2021-10-28T14:45:42.639+0200][0.725s] GC(0) Metaspace: 7833K(8000K)->7833K(8000K) NonClass: 6946K(7040K)->6946K(7040K) Class: 887K(960K)->887K(960K)
[2021-10-28T14:45:42.639+0200][0.725s] GC(0) Pause Young (Normal) (G1 Evacuation Pause) 29M->3M(512M) 4.776ms
[2021-10-28T14:45:42.639+0200][0.725s] GC(0) User=0.00s Sys=0.00s Real=0.00s
[2021-10-28T14:45:43.380+0200][1.465s] GC(1) Pause Young (Normal) (G1 Evacuation Pause)
[2021-10-28T14:45:43.380+0200][1.465s] GC(1) Using 10 workers of 10 for evacuation
[2021-10-28T14:45:43.388+0200][1.474s] GC(1)   Pre Evacuate Collection Set: 0.0ms
[2021-10-28T14:45:43.388+0200][1.474s] GC(1)   Merge Heap Roots: 0.0ms
[2021-10-28T14:45:43.388+0200][1.474s] GC(1)   Evacuate Collection Set: 7.6ms
[2021-10-28T14:45:43.388+0200][1.474s] GC(1)   Post Evacuate Collection Set: 0.4ms
[2021-10-28T14:45:43.388+0200][1.474s] GC(1)   Other: 0.1ms
[2021-10-28T14:45:43.388+0200][1.474s] GC(1) Eden regions: 41->0(111)
[2021-10-28T14:45:43.388+0200][1.474s] GC(1) Survivor regions: 4->6(6)
[2021-10-28T14:45:43.388+0200][1.474s] GC(1) Old regions: 0->10
[2021-10-28T14:45:43.388+0200][1.474s] GC(1) Archive regions: 0->0
[2021-10-28T14:45:43.388+0200][1.474s] GC(1) Humongous regions: 4->4
[2021-10-28T14:45:43.388+0200][1.474s] GC(1) Metaspace: 15456K(15744K)->15456K(15744K) NonClass: 13660K(13824K)->13660K(13824K) Class: 1795K(1920K)->1795K(1920K)
[2021-10-28T14:45:43.388+0200][1.474s] GC(1) Pause Young (Normal) (G1 Evacuation Pause) 48M->19M(512M) 8.424ms
[2021-10-28T14:45:43.388+0200][1.474s] GC(1) User=0.00s Sys=0.00s Real=0.01s
[2021-10-28T14:45:43.893+0200][1.978s] GC(2) Pause Young (Concurrent Start) (Metadata GC Threshold)
[2021-10-28T14:45:43.893+0200][1.978s] GC(2) Using 10 workers of 10 for evacuation
[2021-10-28T14:45:43.899+0200][1.984s] GC(2)   Pre Evacuate Collection Set: 0.1ms
[2021-10-28T14:45:43.899+0200][1.984s] GC(2)   Merge Heap Roots: 0.0ms
[2021-10-28T14:45:43.899+0200][1.984s] GC(2)   Evacuate Collection Set: 4.9ms
[2021-10-28T14:45:43.899+0200][1.984s] GC(2)   Post Evacuate Collection Set: 0.5ms
[2021-10-28T14:45:43.899+0200][1.984s] GC(2)   Other: 0.2ms
[2021-10-28T14:45:43.899+0200][1.984s] GC(2) Eden regions: 49->0(88)
[2021-10-28T14:45:43.899+0200][1.984s] GC(2) Survivor regions: 6->12(15)
[2021-10-28T14:45:43.899+0200][1.984s] GC(2) Old regions: 10->10
[2021-10-28T14:45:43.899+0200][1.984s] GC(2) Archive regions: 0->0
[2021-10-28T14:45:43.899+0200][1.984s] GC(2) Humongous regions: 4->4
[2021-10-28T14:45:43.899+0200][1.984s] GC(2) Metaspace: 21226K(21504K)->21226K(21504K) NonClass: 18841K(18944K)->18841K(18944K) Class: 2384K(2560K)->2384K(2560K)
[2021-10-28T14:45:43.899+0200][1.984s] GC(2) Pause Young (Concurrent Start) (Metadata GC Threshold) 67M->24M(512M) 5.854ms
[2021-10-28T14:45:43.899+0200][1.984s] GC(2) User=0.16s Sys=0.00s Real=0.01s
[2021-10-28T14:45:43.899+0200][1.984s] GC(3) Concurrent Mark Cycle
[2021-10-28T14:45:43.899+0200][1.984s] GC(3) Concurrent Clear Claimed Marks
[2021-10-28T14:45:43.899+0200][1.984s] GC(3) Concurrent Clear Claimed Marks 0.028ms
[2021-10-28T14:45:43.899+0200][1.984s] GC(3) Concurrent Scan Root Regions
[2021-10-28T14:45:43.901+0200][1.986s] GC(3) Concurrent Scan Root Regions 1.886ms
[2021-10-28T14:45:43.901+0200][1.986s] GC(3) Concurrent Mark
[2021-10-28T14:45:43.901+0200][1.986s] GC(3) Concurrent Mark From Roots
[2021-10-28T14:45:43.901+0200][1.986s] GC(3) Using 3 workers of 3 for marking
[2021-10-28T14:45:43.907+0200][1.992s] GC(3) Concurrent Mark From Roots 6.601ms
[2021-10-28T14:45:43.907+0200][1.992s] GC(3) Concurrent Preclean
[2021-10-28T14:45:43.907+0200][1.993s] GC(3) Concurrent Preclean 0.116ms
[2021-10-28T14:45:43.907+0200][1.993s] GC(3) Pause Remark
[2021-10-28T14:45:43.908+0200][1.994s] GC(3) Pause Remark 25M->25M(512M) 1.179ms
[2021-10-28T14:45:43.908+0200][1.994s] GC(3) User=0.00s Sys=0.00s Real=0.00s
[2021-10-28T14:45:43.908+0200][1.994s] GC(3) Concurrent Mark 8.103ms
[2021-10-28T14:45:43.908+0200][1.994s] GC(3) Concurrent Rebuild Remembered Sets
[2021-10-28T14:45:43.911+0200][1.997s] GC(3) Concurrent Rebuild Remembered Sets 2.977ms
[2021-10-28T14:45:43.911+0200][1.997s] GC(3) Pause Cleanup
[2021-10-28T14:45:43.912+0200][1.997s] GC(3) Pause Cleanup 26M->26M(512M) 0.145ms
[2021-10-28T14:45:43.912+0200][1.997s] GC(3) User=0.03s Sys=0.00s Real=0.00s
[2021-10-28T14:45:43.912+0200][1.997s] GC(3) Concurrent Cleanup for Next Mark
[2021-10-28T14:45:43.912+0200][1.998s] GC(3) Concurrent Cleanup for Next Mark 0.496ms
[2021-10-28T14:45:43.912+0200][1.998s] GC(3) Concurrent Mark Cycle 13.990ms
[2021-10-28T14:45:49.984+0200][8.070s] GC(4) Pause Young (Prepare Mixed) (G1 Evacuation Pause)
[2021-10-28T14:45:49.984+0200][8.070s] GC(4) Using 10 workers of 10 for evacuation
[2021-10-28T14:45:49.991+0200][8.076s] GC(4)   Pre Evacuate Collection Set: 0.1ms
[2021-10-28T14:45:49.991+0200][8.076s] GC(4)   Merge Heap Roots: 0.1ms
[2021-10-28T14:45:49.991+0200][8.076s] GC(4)   Evacuate Collection Set: 6.2ms
[2021-10-28T14:45:49.991+0200][8.076s] GC(4)   Post Evacuate Collection Set: 0.5ms
[2021-10-28T14:45:49.991+0200][8.076s] GC(4)   Other: 0.1ms
[2021-10-28T14:45:49.991+0200][8.077s] GC(4) Eden regions: 91->0(12)
[2021-10-28T14:45:49.991+0200][8.077s] GC(4) Survivor regions: 12->13(13)
[2021-10-28T14:45:49.991+0200][8.077s] GC(4) Old regions: 10->16
[2021-10-28T14:45:49.991+0200][8.077s] GC(4) Archive regions: 0->0
[2021-10-28T14:45:49.991+0200][8.077s] GC(4) Humongous regions: 4->4
[2021-10-28T14:45:49.991+0200][8.077s] GC(4) Metaspace: 34924K(35264K)->34924K(35264K) NonClass: 31010K(31168K)->31010K(31168K) Class: 3913K(4096K)->3913K(4096K)
[2021-10-28T14:45:49.991+0200][8.077s] GC(4) Pause Young (Prepare Mixed) (G1 Evacuation Pause) 115M->32M(512M) 7.066ms
[2021-10-28T14:45:49.991+0200][8.077s] GC(4) User=0.16s Sys=0.00s Real=0.01s
[2021-10-28T14:45:54.572+0200][12.658s] GC(5) Pause Young (Mixed) (Metadata GC Threshold)
[2021-10-28T14:45:54.572+0200][12.658s] GC(5) Using 10 workers of 10 for evacuation
[2021-10-28T14:45:54.576+0200][12.662s] GC(5)   Pre Evacuate Collection Set: 0.1ms
[2021-10-28T14:45:54.576+0200][12.662s] GC(5)   Merge Heap Roots: 0.1ms
[2021-10-28T14:45:54.576+0200][12.662s] GC(5)   Evacuate Collection Set: 3.2ms
[2021-10-28T14:45:54.576+0200][12.662s] GC(5)   Post Evacuate Collection Set: 0.3ms
[2021-10-28T14:45:54.576+0200][12.662s] GC(5)   Other: 0.1ms
[2021-10-28T14:45:54.576+0200][12.662s] GC(5) Eden regions: 7->0(305)
[2021-10-28T14:45:54.576+0200][12.662s] GC(5) Survivor regions: 13->2(4)
[2021-10-28T14:45:54.576+0200][12.662s] GC(5) Old regions: 16->29
[2021-10-28T14:45:54.576+0200][12.662s] GC(5) Archive regions: 0->0
[2021-10-28T14:45:54.576+0200][12.662s] GC(5) Humongous regions: 4->4
[2021-10-28T14:45:54.576+0200][12.662s] GC(5) Metaspace: 36004K(36288K)->36004K(36288K) NonClass: 31984K(32128K)->31984K(32128K) Class: 4020K(4160K)->4020K(4160K)
[2021-10-28T14:45:54.576+0200][12.662s] GC(5) Pause Young (Mixed) (Metadata GC Threshold) 39M->34M(512M) 3.920ms
[2021-10-28T14:45:54.576+0200][12.662s] GC(5) User=0.00s Sys=0.00s Real=0.00s
[2021-10-28T14:45:54.615+0200][12.700s] GC(6) Pause Young (Concurrent Start) (Metadata GC Threshold)
[2021-10-28T14:45:54.615+0200][12.700s] GC(6) Using 10 workers of 10 for evacuation
[2021-10-28T14:45:54.616+0200][12.701s] GC(6)   Pre Evacuate Collection Set: 0.1ms
[2021-10-28T14:45:54.616+0200][12.701s] GC(6)   Merge Heap Roots: 0.0ms
[2021-10-28T14:45:54.616+0200][12.702s] GC(6)   Evacuate Collection Set: 0.9ms
[2021-10-28T14:45:54.616+0200][12.702s] GC(6)   Post Evacuate Collection Set: 0.2ms
[2021-10-28T14:45:54.616+0200][12.702s] GC(6)   Other: 0.1ms
[2021-10-28T14:45:54.616+0200][12.702s] GC(6) Eden regions: 4->0(306)
[2021-10-28T14:45:54.616+0200][12.702s] GC(6) Survivor regions: 2->1(39)
[2021-10-28T14:45:54.616+0200][12.702s] GC(6) Old regions: 29->29
[2021-10-28T14:45:54.616+0200][12.702s] GC(6) Archive regions: 0->0
[2021-10-28T14:45:54.616+0200][12.702s] GC(6) Humongous regions: 4->4
[2021-10-28T14:45:54.616+0200][12.702s] GC(6) Metaspace: 36307K(36608K)->36307K(36608K) NonClass: 32248K(32384K)->32248K(32384K) Class: 4058K(4224K)->4058K(4224K)
[2021-10-28T14:45:54.616+0200][12.702s] GC(6) Pause Young (Concurrent Start) (Metadata GC Threshold) 37M->33M(512M) 1.449ms
[2021-10-28T14:45:54.616+0200][12.702s] GC(6) User=0.00s Sys=0.00s Real=0.00s
[2021-10-28T14:45:54.616+0200][12.702s] GC(7) Concurrent Mark Cycle
[2021-10-28T14:45:54.616+0200][12.702s] GC(7) Concurrent Clear Claimed Marks
[2021-10-28T14:45:54.616+0200][12.702s] GC(7) Concurrent Clear Claimed Marks 0.016ms
[2021-10-28T14:45:54.616+0200][12.702s] GC(7) Concurrent Scan Root Regions
[2021-10-28T14:45:54.617+0200][12.703s] GC(7) Concurrent Scan Root Regions 0.761ms
[2021-10-28T14:45:54.617+0200][12.703s] GC(7) Concurrent Mark
[2021-10-28T14:45:54.617+0200][12.703s] GC(7) Concurrent Mark From Roots
[2021-10-28T14:45:54.617+0200][12.703s] GC(7) Using 3 workers of 3 for marking
[2021-10-28T14:45:54.632+0200][12.717s] GC(7) Concurrent Mark From Roots 14.577ms
[2021-10-28T14:45:54.632+0200][12.717s] GC(7) Concurrent Preclean
[2021-10-28T14:45:54.632+0200][12.717s] GC(7) Concurrent Preclean 0.154ms
[2021-10-28T14:45:54.632+0200][12.717s] GC(7) Pause Remark
[2021-10-28T14:45:54.635+0200][12.721s] GC(7) Pause Remark 34M->34M(512M) 3.387ms
[2021-10-28T14:45:54.635+0200][12.721s] GC(7) User=0.00s Sys=0.00s Real=0.00s
[2021-10-28T14:45:54.635+0200][12.721s] GC(7) Concurrent Mark 18.356ms
[2021-10-28T14:45:54.635+0200][12.721s] GC(7) Concurrent Rebuild Remembered Sets
[2021-10-28T14:45:54.642+0200][12.727s] GC(7) Concurrent Rebuild Remembered Sets 6.267ms
[2021-10-28T14:45:54.642+0200][12.727s] GC(7) Pause Cleanup
[2021-10-28T14:45:54.642+0200][12.727s] GC(7) Pause Cleanup 37M->37M(512M) 0.105ms
[2021-10-28T14:45:54.642+0200][12.727s] GC(7) User=0.00s Sys=0.00s Real=0.00s
[2021-10-28T14:45:54.642+0200][12.728s] GC(7) Concurrent Cleanup for Next Mark
[2021-10-28T14:45:54.642+0200][12.728s] GC(7) Concurrent Cleanup for Next Mark 0.399ms
[2021-10-28T14:45:54.642+0200][12.728s] GC(7) Concurrent Mark Cycle 26.272ms
[2021-10-28T14:46:00.852+0200][18.937s] GC(8) Pause Young (Normal) (G1 Evacuation Pause)
[2021-10-28T14:46:00.852+0200][18.937s] GC(8) Using 10 workers of 10 for evacuation
[2021-10-28T14:46:00.862+0200][18.947s] GC(8)   Pre Evacuate Collection Set: 0.1ms
[2021-10-28T14:46:00.862+0200][18.947s] GC(8)   Merge Heap Roots: 0.1ms
[2021-10-28T14:46:00.862+0200][18.947s] GC(8)   Evacuate Collection Set: 8.4ms
[2021-10-28T14:46:00.862+0200][18.947s] GC(8)   Post Evacuate Collection Set: 1.0ms
[2021-10-28T14:46:00.862+0200][18.947s] GC(8)   Other: 0.2ms
[2021-10-28T14:46:00.862+0200][18.947s] GC(8) Eden regions: 306->0(283)
[2021-10-28T14:46:00.862+0200][18.947s] GC(8) Survivor regions: 1->24(39)
[2021-10-28T14:46:00.862+0200][18.947s] GC(8) Old regions: 29->29
[2021-10-28T14:46:00.862+0200][18.947s] GC(8) Archive regions: 0->0
[2021-10-28T14:46:00.862+0200][18.947s] GC(8) Humongous regions: 13->8
[2021-10-28T14:46:00.862+0200][18.947s] GC(8) Metaspace: 53843K(54336K)->53843K(54336K) NonClass: 47510K(47744K)->47510K(47744K) Class: 6333K(6592K)->6333K(6592K)
[2021-10-28T14:46:00.862+0200][18.947s] GC(8) Pause Young (Normal) (G1 Evacuation Pause) 348M->59M(512M) 10.039ms
[2021-10-28T14:46:00.862+0200][18.947s] GC(8) User=0.00s Sys=0.00s Real=0.01s
[2021-10-28T14:51:06.693+0200][324.779s] GC(9) Pause Young (Normal) (G1 Evacuation Pause)
[2021-10-28T14:51:06.693+0200][324.779s] GC(9) Using 10 workers of 10 for evacuation
[2021-10-28T14:51:06.705+0200][324.790s] GC(9)   Pre Evacuate Collection Set: 0.1ms
[2021-10-28T14:51:06.705+0200][324.790s] GC(9)   Merge Heap Roots: 0.1ms
[2021-10-28T14:51:06.705+0200][324.790s] GC(9)   Evacuate Collection Set: 9.9ms
[2021-10-28T14:51:06.705+0200][324.790s] GC(9)   Post Evacuate Collection Set: 0.8ms
[2021-10-28T14:51:06.705+0200][324.790s] GC(9)   Other: 0.2ms
[2021-10-28T14:51:06.705+0200][324.790s] GC(9) Eden regions: 283->0(293)
[2021-10-28T14:51:06.705+0200][324.790s] GC(9) Survivor regions: 24->14(39)
[2021-10-28T14:51:06.705+0200][324.790s] GC(9) Old regions: 29->51
[2021-10-28T14:51:06.705+0200][324.790s] GC(9) Archive regions: 0->0
[2021-10-28T14:51:06.705+0200][324.790s] GC(9) Humongous regions: 8->8
[2021-10-28T14:51:06.705+0200][324.790s] GC(9) Metaspace: 60577K(61056K)->60577K(61056K) NonClass: 53566K(53824K)->53566K(53824K) Class: 7011K(7232K)->7011K(7232K)
[2021-10-28T14:51:06.705+0200][324.790s] GC(9) Pause Young (Normal) (G1 Evacuation Pause) 342M->72M(512M) 11.402ms
[2021-10-28T14:51:06.705+0200][324.790s] GC(9) User=0.00s Sys=0.00s Real=0.01s
[2021-10-28T14:51:06.770+0200][324.856s] GC(10) Pause Young (Concurrent Start) (Metadata GC Threshold)
[2021-10-28T14:51:06.770+0200][324.856s] GC(10) Using 10 workers of 10 for evacuation
[2021-10-28T14:51:06.775+0200][324.860s] GC(10)   Pre Evacuate Collection Set: 0.1ms
[2021-10-28T14:51:06.775+0200][324.860s] GC(10)   Merge Heap Roots: 0.1ms
[2021-10-28T14:51:06.775+0200][324.860s] GC(10)   Evacuate Collection Set: 4.0ms
[2021-10-28T14:51:06.775+0200][324.860s] GC(10)   Post Evacuate Collection Set: 0.4ms
[2021-10-28T14:51:06.775+0200][324.860s] GC(10)   Other: 0.2ms
[2021-10-28T14:51:06.775+0200][324.860s] GC(10) Eden regions: 4->0(293)
[2021-10-28T14:51:06.775+0200][324.860s] GC(10) Survivor regions: 14->14(39)
[2021-10-28T14:51:06.775+0200][324.860s] GC(10) Old regions: 51->51
[2021-10-28T14:51:06.775+0200][324.860s] GC(10) Archive regions: 0->0
[2021-10-28T14:51:06.775+0200][324.860s] GC(10) Humongous regions: 8->8
[2021-10-28T14:51:06.775+0200][324.860s] GC(10) Metaspace: 60741K(61248K)->60741K(61248K) NonClass: 53713K(54016K)->53713K(54016K) Class: 7028K(7232K)->7028K(7232K)
[2021-10-28T14:51:06.775+0200][324.860s] GC(10) Pause Young (Concurrent Start) (Metadata GC Threshold) 75M->72M(512M) 4.852ms
[2021-10-28T14:51:06.775+0200][324.861s] GC(10) User=0.03s Sys=0.00s Real=0.01s
[2021-10-28T14:51:06.775+0200][324.861s] GC(11) Concurrent Mark Cycle
[2021-10-28T14:51:06.775+0200][324.861s] GC(11) Concurrent Clear Claimed Marks
[2021-10-28T14:51:06.775+0200][324.861s] GC(11) Concurrent Clear Claimed Marks 0.051ms
[2021-10-28T14:51:06.776+0200][324.861s] GC(11) Concurrent Scan Root Regions
[2021-10-28T14:51:06.779+0200][324.864s] GC(11) Concurrent Scan Root Regions 3.211ms
[2021-10-28T14:51:06.779+0200][324.864s] GC(11) Concurrent Mark
[2021-10-28T14:51:06.779+0200][324.864s] GC(11) Concurrent Mark From Roots
[2021-10-28T14:51:06.779+0200][324.864s] GC(11) Using 3 workers of 3 for marking
[2021-10-28T14:51:06.804+0200][324.889s] GC(11) Concurrent Mark From Roots 25.337ms
[2021-10-28T14:51:06.804+0200][324.889s] GC(11) Concurrent Preclean
[2021-10-28T14:51:06.804+0200][324.890s] GC(11) Concurrent Preclean 0.172ms
[2021-10-28T14:51:06.804+0200][324.890s] GC(11) Pause Remark
[2021-10-28T14:51:06.811+0200][324.897s] GC(11) Pause Remark 74M->74M(512M) 7.074ms
[2021-10-28T14:51:06.812+0200][324.897s] GC(11) User=0.00s Sys=0.00s Real=0.01s
[2021-10-28T14:51:06.812+0200][324.897s] GC(11) Concurrent Mark 32.903ms
[2021-10-28T14:51:06.812+0200][324.897s] GC(11) Concurrent Rebuild Remembered Sets
[2021-10-28T14:51:06.823+0200][324.908s] GC(11) Concurrent Rebuild Remembered Sets 11.370ms
[2021-10-28T14:51:06.823+0200][324.908s] GC(11) Pause Cleanup
[2021-10-28T14:51:06.823+0200][324.909s] GC(11) Pause Cleanup 74M->74M(512M) 0.103ms
[2021-10-28T14:51:06.823+0200][324.909s] GC(11) User=0.00s Sys=0.00s Real=0.00s
[2021-10-28T14:51:06.823+0200][324.909s] GC(11) Concurrent Cleanup for Next Mark
[2021-10-28T14:51:06.824+0200][324.909s] GC(11) Concurrent Cleanup for Next Mark 0.417ms
[2021-10-28T14:51:06.824+0200][324.909s] GC(11) Concurrent Mark Cycle 48.439ms
[2021-10-28T15:22:58.574+0200][2236.660s] Heap
[2021-10-28T15:22:58.574+0200][2236.660s]  garbage-first heap   total 524288K, used 217781K [0x00000000e0000000, 0x0000000100000000)
[2021-10-28T15:22:58.574+0200][2236.660s]   region size 1024K, 155 young (158720K), 14 survivors (14336K)
[2021-10-28T15:22:58.574+0200][2236.660s]  Metaspace       used 67127K, committed 67584K, reserved 1114112K
[2021-10-28T15:22:58.574+0200][2236.660s]   class space    used 7733K, committed 7936K, reserved 1048576K
