[2021-11-04T14:08:39.434+0100][0.007s] Using G1
[2021-11-04T14:08:39.439+0100][0.012s] Version: 17.0.1+12-LTS-39 (release)
[2021-11-04T14:08:39.439+0100][0.012s] CPUs: 12 total, 12 available
[2021-11-04T14:08:39.439+0100][0.012s] Memory: 32720M
[2021-11-04T14:08:39.439+0100][0.012s] Large Page Support: Enabled
[2021-11-04T14:08:39.439+0100][0.012s] NUMA Support: Disabled
[2021-11-04T14:08:39.439+0100][0.012s] Compressed Oops: Enabled (32-bit)
[2021-11-04T14:08:39.439+0100][0.012s] Heap Region Size: 1M
[2021-11-04T14:08:39.439+0100][0.012s] Heap Min Capacity: 512M
[2021-11-04T14:08:39.439+0100][0.012s] Heap Initial Capacity: 512M
[2021-11-04T14:08:39.439+0100][0.012s] Heap Max Capacity: 512M
[2021-11-04T14:08:39.439+0100][0.012s] Pre-touch: Enabled
[2021-11-04T14:08:39.440+0100][0.013s] Parallel Workers: 10
[2021-11-04T14:08:39.440+0100][0.013s] Concurrent Workers: 3
[2021-11-04T14:08:39.440+0100][0.013s] Concurrent Refinement Workers: 10
[2021-11-04T14:08:39.440+0100][0.013s] Periodic GC: Disabled
[2021-11-04T14:08:39.440+0100][0.013s] CDS archive(s) mapped at: [0x0000000800000000-0x0000000800bc0000-0x0000000800bc0000), size 12320768, SharedBaseAddress: 0x0000000800000000, ArchiveRelocationMode: 0.
[2021-11-04T14:08:39.440+0100][0.013s] Compressed class space mapped at: 0x0000000800c00000-0x0000000840c00000, reserved size: 1073741824
[2021-11-04T14:08:39.440+0100][0.013s] Narrow klass base: 0x0000000800000000, Narrow klass shift: 0, Narrow klass range: 0x100000000
[2021-11-04T14:08:40.091+0100][0.664s] GC(0) Pause Young (Normal) (G1 Evacuation Pause)
[2021-11-04T14:08:40.092+0100][0.664s] GC(0) Using 10 workers of 10 for evacuation
[2021-11-04T14:08:40.095+0100][0.668s] GC(0)   Pre Evacuate Collection Set: 0.1ms
[2021-11-04T14:08:40.095+0100][0.668s] GC(0)   Merge Heap Roots: 0.0ms
[2021-11-04T14:08:40.095+0100][0.668s] GC(0)   Evacuate Collection Set: 2.6ms
[2021-11-04T14:08:40.095+0100][0.668s] GC(0)   Post Evacuate Collection Set: 0.4ms
[2021-11-04T14:08:40.095+0100][0.668s] GC(0)   Other: 0.6ms
[2021-11-04T14:08:40.095+0100][0.668s] GC(0) Eden regions: 29->0(42)
[2021-11-04T14:08:40.095+0100][0.668s] GC(0) Survivor regions: 0->4(4)
[2021-11-04T14:08:40.095+0100][0.668s] GC(0) Old regions: 0->0
[2021-11-04T14:08:40.095+0100][0.668s] GC(0) Archive regions: 0->0
[2021-11-04T14:08:40.095+0100][0.668s] GC(0) Humongous regions: 0->0
[2021-11-04T14:08:40.095+0100][0.668s] GC(0) Metaspace: 6900K(7040K)->6900K(7040K) NonClass: 6096K(6144K)->6096K(6144K) Class: 804K(896K)->804K(896K)
[2021-11-04T14:08:40.095+0100][0.668s] GC(0) Pause Young (Normal) (G1 Evacuation Pause) 29M->3M(512M) 3.815ms
[2021-11-04T14:08:40.095+0100][0.668s] GC(0) User=0.00s Sys=0.00s Real=0.00s
[2021-11-04T14:08:40.839+0100][1.411s] GC(1) Pause Young (Normal) (G1 Evacuation Pause)
[2021-11-04T14:08:40.839+0100][1.411s] GC(1) Using 10 workers of 10 for evacuation
[2021-11-04T14:08:40.847+0100][1.419s] GC(1)   Pre Evacuate Collection Set: 0.0ms
[2021-11-04T14:08:40.847+0100][1.419s] GC(1)   Merge Heap Roots: 0.0ms
[2021-11-04T14:08:40.847+0100][1.419s] GC(1)   Evacuate Collection Set: 7.4ms
[2021-11-04T14:08:40.847+0100][1.419s] GC(1)   Post Evacuate Collection Set: 0.4ms
[2021-11-04T14:08:40.847+0100][1.419s] GC(1)   Other: 0.1ms
[2021-11-04T14:08:40.847+0100][1.420s] GC(1) Eden regions: 42->0(77)
[2021-11-04T14:08:40.847+0100][1.420s] GC(1) Survivor regions: 4->6(6)
[2021-11-04T14:08:40.847+0100][1.420s] GC(1) Old regions: 0->10
[2021-11-04T14:08:40.847+0100][1.420s] GC(1) Archive regions: 0->0
[2021-11-04T14:08:40.847+0100][1.420s] GC(1) Humongous regions: 4->4
[2021-11-04T14:08:40.847+0100][1.420s] GC(1) Metaspace: 15476K(15744K)->15476K(15744K) NonClass: 13679K(13824K)->13679K(13824K) Class: 1796K(1920K)->1796K(1920K)
[2021-11-04T14:08:40.847+0100][1.420s] GC(1) Pause Young (Normal) (G1 Evacuation Pause) 49M->19M(512M) 8.200ms
[2021-11-04T14:08:40.847+0100][1.420s] GC(1) User=0.00s Sys=0.00s Real=0.01s
[2021-11-04T14:08:41.328+0100][1.901s] GC(2) Pause Young (Concurrent Start) (Metadata GC Threshold)
[2021-11-04T14:08:41.328+0100][1.901s] GC(2) Using 10 workers of 10 for evacuation
[2021-11-04T14:08:41.333+0100][1.906s] GC(2)   Pre Evacuate Collection Set: 0.1ms
[2021-11-04T14:08:41.333+0100][1.906s] GC(2)   Merge Heap Roots: 0.0ms
[2021-11-04T14:08:41.333+0100][1.906s] GC(2)   Evacuate Collection Set: 4.9ms
[2021-11-04T14:08:41.333+0100][1.906s] GC(2)   Post Evacuate Collection Set: 0.4ms
[2021-11-04T14:08:41.334+0100][1.906s] GC(2)   Other: 0.2ms
[2021-11-04T14:08:41.334+0100][1.906s] GC(2) Eden regions: 47->0(79)
[2021-11-04T14:08:41.334+0100][1.906s] GC(2) Survivor regions: 6->5(10)
[2021-11-04T14:08:41.334+0100][1.906s] GC(2) Old regions: 10->16
[2021-11-04T14:08:41.334+0100][1.906s] GC(2) Archive regions: 0->0
[2021-11-04T14:08:41.334+0100][1.906s] GC(2) Humongous regions: 4->4
[2021-11-04T14:08:41.334+0100][1.906s] GC(2) Metaspace: 21321K(21504K)->21321K(21504K) NonClass: 18923K(19008K)->18923K(19008K) Class: 2397K(2496K)->2397K(2496K)
[2021-11-04T14:08:41.334+0100][1.906s] GC(2) Pause Young (Concurrent Start) (Metadata GC Threshold) 66M->24M(512M) 5.877ms
[2021-11-04T14:08:41.334+0100][1.906s] GC(2) User=0.16s Sys=0.00s Real=0.01s
[2021-11-04T14:08:41.334+0100][1.906s] GC(3) Concurrent Mark Cycle
[2021-11-04T14:08:41.334+0100][1.907s] GC(3) Concurrent Clear Claimed Marks
[2021-11-04T14:08:41.334+0100][1.907s] GC(3) Concurrent Clear Claimed Marks 0.030ms
[2021-11-04T14:08:41.334+0100][1.907s] GC(3) Concurrent Scan Root Regions
[2021-11-04T14:08:41.335+0100][1.908s] GC(3) Concurrent Scan Root Regions 1.746ms
[2021-11-04T14:08:41.336+0100][1.908s] GC(3) Concurrent Mark
[2021-11-04T14:08:41.336+0100][1.908s] GC(3) Concurrent Mark From Roots
[2021-11-04T14:08:41.336+0100][1.908s] GC(3) Using 3 workers of 3 for marking
[2021-11-04T14:08:41.341+0100][1.913s] GC(3) Concurrent Mark From Roots 5.043ms
[2021-11-04T14:08:41.341+0100][1.913s] GC(3) Concurrent Preclean
[2021-11-04T14:08:41.341+0100][1.914s] GC(3) Concurrent Preclean 0.082ms
[2021-11-04T14:08:41.341+0100][1.914s] GC(3) Pause Remark
[2021-11-04T14:08:41.342+0100][1.915s] GC(3) Pause Remark 26M->26M(512M) 1.168ms
[2021-11-04T14:08:41.342+0100][1.915s] GC(3) User=0.00s Sys=0.00s Real=0.00s
[2021-11-04T14:08:41.342+0100][1.915s] GC(3) Concurrent Mark 6.564ms
[2021-11-04T14:08:41.342+0100][1.915s] GC(3) Concurrent Rebuild Remembered Sets
[2021-11-04T14:08:41.346+0100][1.919s] GC(3) Concurrent Rebuild Remembered Sets 4.040ms
[2021-11-04T14:08:41.346+0100][1.919s] GC(3) Pause Cleanup
[2021-11-04T14:08:41.346+0100][1.919s] GC(3) Pause Cleanup 26M->26M(512M) 0.079ms
[2021-11-04T14:08:41.346+0100][1.919s] GC(3) User=0.00s Sys=0.00s Real=0.00s
[2021-11-04T14:08:41.346+0100][1.919s] GC(3) Concurrent Cleanup for Next Mark
[2021-11-04T14:08:41.347+0100][1.920s] GC(3) Concurrent Cleanup for Next Mark 0.461ms
[2021-11-04T14:08:41.347+0100][1.920s] GC(3) Concurrent Mark Cycle 13.254ms
[2021-11-04T14:08:47.283+0100][7.856s] GC(4) Pause Young (Normal) (G1 Evacuation Pause)
[2021-11-04T14:08:47.283+0100][7.857s] GC(4) Using 10 workers of 10 for evacuation
[2021-11-04T14:08:47.288+0100][7.861s] GC(4)   Pre Evacuate Collection Set: 0.1ms
[2021-11-04T14:08:47.288+0100][7.861s] GC(4)   Merge Heap Roots: 0.0ms
[2021-11-04T14:08:47.288+0100][7.861s] GC(4)   Evacuate Collection Set: 4.2ms
[2021-11-04T14:08:47.288+0100][7.861s] GC(4)   Post Evacuate Collection Set: 0.5ms
[2021-11-04T14:08:47.288+0100][7.862s] GC(4)   Other: 0.1ms
[2021-11-04T14:08:47.288+0100][7.862s] GC(4) Eden regions: 79->0(296)
[2021-11-04T14:08:47.288+0100][7.862s] GC(4) Survivor regions: 5->11(11)
[2021-11-04T14:08:47.288+0100][7.862s] GC(4) Old regions: 16->18
[2021-11-04T14:08:47.288+0100][7.862s] GC(4) Archive regions: 0->0
[2021-11-04T14:08:47.288+0100][7.862s] GC(4) Humongous regions: 4->4
[2021-11-04T14:08:47.288+0100][7.862s] GC(4) Metaspace: 34590K(34880K)->34590K(34880K) NonClass: 30706K(30848K)->30706K(30848K) Class: 3883K(4032K)->3883K(4032K)
[2021-11-04T14:08:47.288+0100][7.862s] GC(4) Pause Young (Normal) (G1 Evacuation Pause) 103M->32M(512M) 5.114ms
[2021-11-04T14:08:47.288+0100][7.862s] GC(4) User=0.19s Sys=0.00s Real=0.01s
[2021-11-04T14:08:51.930+0100][12.503s] GC(5) Pause Young (Concurrent Start) (Metadata GC Threshold)
[2021-11-04T14:08:51.930+0100][12.503s] GC(5) Using 10 workers of 10 for evacuation
[2021-11-04T14:08:51.934+0100][12.507s] GC(5)   Pre Evacuate Collection Set: 0.1ms
[2021-11-04T14:08:51.934+0100][12.507s] GC(5)   Merge Heap Roots: 0.0ms
[2021-11-04T14:08:51.934+0100][12.507s] GC(5)   Evacuate Collection Set: 3.0ms
[2021-11-04T14:08:51.934+0100][12.507s] GC(5)   Post Evacuate Collection Set: 0.4ms
[2021-11-04T14:08:51.934+0100][12.507s] GC(5)   Other: 0.2ms
[2021-11-04T14:08:51.934+0100][12.507s] GC(5) Eden regions: 19->0(294)
[2021-11-04T14:08:51.934+0100][12.507s] GC(5) Survivor regions: 11->13(39)
[2021-11-04T14:08:51.934+0100][12.507s] GC(5) Old regions: 18->18
[2021-11-04T14:08:51.934+0100][12.507s] GC(5) Archive regions: 0->0
[2021-11-04T14:08:51.934+0100][12.507s] GC(5) Humongous regions: 4->4
[2021-11-04T14:08:51.934+0100][12.507s] GC(5) Metaspace: 36019K(36288K)->36019K(36288K) NonClass: 31994K(32128K)->31994K(32128K) Class: 4024K(4160K)->4024K(4160K)
[2021-11-04T14:08:51.934+0100][12.507s] GC(5) Pause Young (Concurrent Start) (Metadata GC Threshold) 51M->34M(512M) 3.829ms
[2021-11-04T14:08:51.934+0100][12.507s] GC(5) User=0.00s Sys=0.00s Real=0.00s
[2021-11-04T14:08:51.934+0100][12.507s] GC(6) Concurrent Mark Cycle
[2021-11-04T14:08:51.934+0100][12.507s] GC(6) Concurrent Clear Claimed Marks
[2021-11-04T14:08:51.934+0100][12.507s] GC(6) Concurrent Clear Claimed Marks 0.028ms
[2021-11-04T14:08:51.934+0100][12.507s] GC(6) Concurrent Scan Root Regions
[2021-11-04T14:08:51.937+0100][12.510s] GC(6) Concurrent Scan Root Regions 2.222ms
[2021-11-04T14:08:51.937+0100][12.510s] GC(6) Concurrent Mark
[2021-11-04T14:08:51.937+0100][12.510s] GC(6) Concurrent Mark From Roots
[2021-11-04T14:08:51.937+0100][12.510s] GC(6) Using 3 workers of 3 for marking
[2021-11-04T14:08:51.947+0100][12.519s] GC(6) Concurrent Mark From Roots 9.915ms
[2021-11-04T14:08:51.947+0100][12.520s] GC(6) Concurrent Preclean
[2021-11-04T14:08:51.947+0100][12.520s] GC(6) Concurrent Preclean 0.090ms
[2021-11-04T14:08:51.947+0100][12.520s] GC(6) Pause Remark
[2021-11-04T14:08:51.949+0100][12.521s] GC(6) Pause Remark 35M->35M(512M) 1.547ms
[2021-11-04T14:08:51.949+0100][12.521s] GC(6) User=0.00s Sys=0.00s Real=0.00s
[2021-11-04T14:08:51.949+0100][12.521s] GC(6) Concurrent Mark 11.774ms
[2021-11-04T14:08:51.949+0100][12.521s] GC(6) Concurrent Rebuild Remembered Sets
[2021-11-04T14:08:51.954+0100][12.526s] GC(6) Concurrent Rebuild Remembered Sets 4.799ms
[2021-11-04T14:08:51.954+0100][12.526s] GC(6) Pause Cleanup
[2021-11-04T14:08:51.954+0100][12.526s] GC(6) Pause Cleanup 36M->36M(512M) 0.085ms
[2021-11-04T14:08:51.954+0100][12.526s] GC(6) User=0.00s Sys=0.00s Real=0.00s
[2021-11-04T14:08:51.954+0100][12.526s] GC(6) Concurrent Cleanup for Next Mark
[2021-11-04T14:08:51.954+0100][12.527s] GC(6) Concurrent Cleanup for Next Mark 0.396ms
[2021-11-04T14:08:51.954+0100][12.527s] GC(6) Concurrent Mark Cycle 19.675ms
[2021-11-04T14:08:58.116+0100][18.688s] GC(7) Pause Young (Normal) (G1 Evacuation Pause)
[2021-11-04T14:08:58.116+0100][18.688s] GC(7) Using 10 workers of 10 for evacuation
[2021-11-04T14:08:58.128+0100][18.700s] GC(7)   Pre Evacuate Collection Set: 0.1ms
[2021-11-04T14:08:58.128+0100][18.700s] GC(7)   Merge Heap Roots: 0.1ms
[2021-11-04T14:08:58.128+0100][18.700s] GC(7)   Evacuate Collection Set: 10.5ms
[2021-11-04T14:08:58.128+0100][18.700s] GC(7)   Post Evacuate Collection Set: 0.9ms
[2021-11-04T14:08:58.128+0100][18.700s] GC(7)   Other: 0.2ms
[2021-11-04T14:08:58.128+0100][18.700s] GC(7) Eden regions: 294->0(271)
[2021-11-04T14:08:58.128+0100][18.700s] GC(7) Survivor regions: 13->36(39)
[2021-11-04T14:08:58.128+0100][18.700s] GC(7) Old regions: 18->18
[2021-11-04T14:08:58.128+0100][18.700s] GC(7) Archive regions: 0->0
[2021-11-04T14:08:58.128+0100][18.700s] GC(7) Humongous regions: 8->5
[2021-11-04T14:08:58.128+0100][18.700s] GC(7) Metaspace: 53060K(53568K)->53060K(53568K) NonClass: 46790K(47040K)->46790K(47040K) Class: 6269K(6528K)->6269K(6528K)
[2021-11-04T14:08:58.128+0100][18.700s] GC(7) Pause Young (Normal) (G1 Evacuation Pause) 332M->57M(512M) 12.072ms
[2021-11-04T14:08:58.128+0100][18.700s] GC(7) User=0.00s Sys=0.00s Real=0.01s
[2021-11-04T14:09:59.967+0100][80.540s] GC(8) Pause Young (Normal) (G1 Evacuation Pause)
[2021-11-04T14:09:59.967+0100][80.540s] GC(8) Using 10 workers of 10 for evacuation
[2021-11-04T14:09:59.985+0100][80.558s] GC(8)   Pre Evacuate Collection Set: 0.1ms
[2021-11-04T14:09:59.985+0100][80.558s] GC(8)   Merge Heap Roots: 0.1ms
[2021-11-04T14:09:59.985+0100][80.558s] GC(8)   Evacuate Collection Set: 16.2ms
[2021-11-04T14:09:59.985+0100][80.558s] GC(8)   Post Evacuate Collection Set: 1.3ms
[2021-11-04T14:09:59.985+0100][80.558s] GC(8)   Other: 0.3ms
[2021-11-04T14:09:59.985+0100][80.558s] GC(8) Eden regions: 271->0(286)
[2021-11-04T14:09:59.985+0100][80.558s] GC(8) Survivor regions: 36->21(39)
[2021-11-04T14:09:59.985+0100][80.558s] GC(8) Old regions: 18->52
[2021-11-04T14:09:59.985+0100][80.558s] GC(8) Archive regions: 0->0
[2021-11-04T14:09:59.985+0100][80.558s] GC(8) Humongous regions: 12->8
[2021-11-04T14:09:59.985+0100][80.558s] GC(8) Metaspace: 59126K(59584K)->59126K(59584K) NonClass: 52131K(52352K)->52131K(52352K) Class: 6995K(7232K)->6995K(7232K)
[2021-11-04T14:09:59.985+0100][80.558s] GC(8) Pause Young (Normal) (G1 Evacuation Pause) 335M->80M(512M) 18.416ms
[2021-11-04T14:09:59.985+0100][80.558s] GC(8) User=0.14s Sys=0.00s Real=0.02s
[2021-11-04T14:10:30.115+0100][110.688s] GC(9) Pause Young (Concurrent Start) (Metadata GC Threshold)
[2021-11-04T14:10:30.115+0100][110.688s] GC(9) Using 10 workers of 10 for evacuation
[2021-11-04T14:10:30.121+0100][110.694s] GC(9)   Pre Evacuate Collection Set: 0.1ms
[2021-11-04T14:10:30.121+0100][110.694s] GC(9)   Merge Heap Roots: 0.1ms
[2021-11-04T14:10:30.121+0100][110.694s] GC(9)   Evacuate Collection Set: 5.1ms
[2021-11-04T14:10:30.121+0100][110.694s] GC(9)   Post Evacuate Collection Set: 0.5ms
[2021-11-04T14:10:30.121+0100][110.694s] GC(9)   Other: 0.2ms
[2021-11-04T14:10:30.121+0100][110.694s] GC(9) Eden regions: 64->0(286)
[2021-11-04T14:10:30.121+0100][110.694s] GC(9) Survivor regions: 21->21(39)
[2021-11-04T14:10:30.121+0100][110.694s] GC(9) Old regions: 52->52
[2021-11-04T14:10:30.121+0100][110.694s] GC(9) Archive regions: 0->0
[2021-11-04T14:10:30.121+0100][110.694s] GC(9) Humongous regions: 8->8
[2021-11-04T14:10:30.121+0100][110.694s] GC(9) Metaspace: 60136K(60608K)->60136K(60608K) NonClass: 53093K(53312K)->53093K(53312K) Class: 7042K(7296K)->7042K(7296K)
[2021-11-04T14:10:30.121+0100][110.694s] GC(9) Pause Young (Concurrent Start) (Metadata GC Threshold) 144M->80M(512M) 6.138ms
[2021-11-04T14:10:30.121+0100][110.694s] GC(9) User=0.00s Sys=0.00s Real=0.01s
[2021-11-04T14:10:30.121+0100][110.694s] GC(10) Concurrent Mark Cycle
[2021-11-04T14:10:30.121+0100][110.694s] GC(10) Concurrent Clear Claimed Marks
[2021-11-04T14:10:30.121+0100][110.694s] GC(10) Concurrent Clear Claimed Marks 0.054ms
[2021-11-04T14:10:30.121+0100][110.694s] GC(10) Concurrent Scan Root Regions
[2021-11-04T14:10:30.124+0100][110.698s] GC(10) Concurrent Scan Root Regions 3.518ms
[2021-11-04T14:10:30.125+0100][110.698s] GC(10) Concurrent Mark
[2021-11-04T14:10:30.125+0100][110.698s] GC(10) Concurrent Mark From Roots
[2021-11-04T14:10:30.125+0100][110.698s] GC(10) Using 3 workers of 3 for marking
[2021-11-04T14:10:30.153+0100][110.726s] GC(10) Concurrent Mark From Roots 27.756ms
[2021-11-04T14:10:30.153+0100][110.726s] GC(10) Concurrent Preclean
[2021-11-04T14:10:30.153+0100][110.726s] GC(10) Concurrent Preclean 0.194ms
[2021-11-04T14:10:30.153+0100][110.726s] GC(10) Pause Remark
[2021-11-04T14:10:30.160+0100][110.733s] GC(10) Pause Remark 81M->81M(512M) 7.246ms
[2021-11-04T14:10:30.160+0100][110.733s] GC(10) User=0.03s Sys=0.00s Real=0.01s
[2021-11-04T14:10:30.160+0100][110.733s] GC(10) Concurrent Mark 35.484ms
[2021-11-04T14:10:30.160+0100][110.733s] GC(10) Concurrent Rebuild Remembered Sets
[2021-11-04T14:10:30.175+0100][110.748s] GC(10) Concurrent Rebuild Remembered Sets 14.265ms
[2021-11-04T14:10:30.175+0100][110.748s] GC(10) Pause Cleanup
[2021-11-04T14:10:30.175+0100][110.748s] GC(10) Pause Cleanup 81M->81M(512M) 0.140ms
[2021-11-04T14:10:30.175+0100][110.748s] GC(10) User=0.00s Sys=0.00s Real=0.00s
[2021-11-04T14:10:30.175+0100][110.748s] GC(10) Concurrent Cleanup for Next Mark
[2021-11-04T14:10:30.175+0100][110.749s] GC(10) Concurrent Cleanup for Next Mark 0.497ms
[2021-11-04T14:10:30.176+0100][110.749s] GC(10) Concurrent Mark Cycle 54.339ms
[2021-11-04T14:14:30.625+0100][351.198s] GC(11) Pause Young (Prepare Mixed) (G1 Evacuation Pause)
[2021-11-04T14:14:30.625+0100][351.198s] GC(11) Using 10 workers of 10 for evacuation
[2021-11-04T14:14:30.635+0100][351.209s] GC(11)   Pre Evacuate Collection Set: 0.1ms
[2021-11-04T14:14:30.636+0100][351.209s] GC(11)   Merge Heap Roots: 0.1ms
[2021-11-04T14:14:30.636+0100][351.209s] GC(11)   Evacuate Collection Set: 7.8ms
[2021-11-04T14:14:30.636+0100][351.209s] GC(11)   Post Evacuate Collection Set: 2.9ms
[2021-11-04T14:14:30.636+0100][351.209s] GC(11)   Other: 0.2ms
[2021-11-04T14:14:30.636+0100][351.209s] GC(11) Eden regions: 286->0(1)
[2021-11-04T14:14:30.636+0100][351.209s] GC(11) Survivor regions: 21->36(39)
[2021-11-04T14:14:30.636+0100][351.209s] GC(11) Old regions: 52->52
[2021-11-04T14:14:30.636+0100][351.209s] GC(11) Archive regions: 0->0
[2021-11-04T14:14:30.636+0100][351.209s] GC(11) Humongous regions: 9->8
[2021-11-04T14:14:30.636+0100][351.209s] GC(11) Metaspace: 69285K(69824K)->69285K(69824K) NonClass: 61305K(61568K)->61305K(61568K) Class: 7979K(8256K)->7979K(8256K)
[2021-11-04T14:14:30.636+0100][351.209s] GC(11) Pause Young (Prepare Mixed) (G1 Evacuation Pause) 367M->95M(512M) 11.147ms
[2021-11-04T14:14:30.636+0100][351.209s] GC(11) User=0.16s Sys=0.00s Real=0.01s
[2021-11-04T14:14:30.644+0100][351.217s] GC(12) Pause Young (Mixed) (G1 Evacuation Pause)
[2021-11-04T14:14:30.644+0100][351.217s] GC(12) Using 10 workers of 10 for evacuation
[2021-11-04T14:14:30.652+0100][351.225s] GC(12)   Pre Evacuate Collection Set: 0.1ms
[2021-11-04T14:14:30.652+0100][351.225s] GC(12)   Merge Heap Roots: 0.1ms
[2021-11-04T14:14:30.652+0100][351.225s] GC(12)   Evacuate Collection Set: 7.0ms
[2021-11-04T14:14:30.652+0100][351.225s] GC(12)   Post Evacuate Collection Set: 0.4ms
[2021-11-04T14:14:30.652+0100][351.225s] GC(12)   Other: 0.1ms
[2021-11-04T14:14:30.652+0100][351.225s] GC(12) Eden regions: 1->0(304)
[2021-11-04T14:14:30.652+0100][351.225s] GC(12) Survivor regions: 36->3(5)
[2021-11-04T14:14:30.652+0100][351.225s] GC(12) Old regions: 52->77
[2021-11-04T14:14:30.652+0100][351.225s] GC(12) Archive regions: 0->0
[2021-11-04T14:14:30.652+0100][351.225s] GC(12) Humongous regions: 8->8
[2021-11-04T14:14:30.652+0100][351.225s] GC(12) Metaspace: 69349K(69888K)->69349K(69888K) NonClass: 61362K(61632K)->61362K(61632K) Class: 7986K(8256K)->7986K(8256K)
[2021-11-04T14:14:30.652+0100][351.225s] GC(12) Pause Young (Mixed) (G1 Evacuation Pause) 96M->87M(512M) 7.789ms
[2021-11-04T14:14:30.652+0100][351.225s] GC(12) User=0.14s Sys=0.00s Real=0.01s
[2021-11-04T14:35:02.047+0100][1582.620s] GC(13) Pause Young (Normal) (G1 Evacuation Pause)
[2021-11-04T14:35:02.047+0100][1582.620s] GC(13) Using 10 workers of 10 for evacuation
[2021-11-04T14:35:02.055+0100][1582.628s] GC(13)   Pre Evacuate Collection Set: 0.1ms
[2021-11-04T14:35:02.055+0100][1582.628s] GC(13)   Merge Heap Roots: 0.1ms
[2021-11-04T14:35:02.055+0100][1582.628s] GC(13)   Evacuate Collection Set: 4.5ms
[2021-11-04T14:35:02.055+0100][1582.628s] GC(13)   Post Evacuate Collection Set: 3.0ms
[2021-11-04T14:35:02.055+0100][1582.628s] GC(13)   Other: 0.3ms
[2021-11-04T14:35:02.055+0100][1582.628s] GC(13) Eden regions: 304->0(272)
[2021-11-04T14:35:02.055+0100][1582.628s] GC(13) Survivor regions: 3->33(39)
[2021-11-04T14:35:02.055+0100][1582.628s] GC(13) Old regions: 77->77
[2021-11-04T14:35:02.055+0100][1582.628s] GC(13) Archive regions: 0->0
[2021-11-04T14:35:02.055+0100][1582.628s] GC(13) Humongous regions: 10->9
[2021-11-04T14:35:02.055+0100][1582.628s] GC(13) Metaspace: 79965K(80448K)->79965K(80448K) NonClass: 70916K(71168K)->70916K(71168K) Class: 9049K(9280K)->9049K(9280K)
[2021-11-04T14:35:02.055+0100][1582.628s] GC(13) Pause Young (Normal) (G1 Evacuation Pause) 393M->117M(512M) 8.112ms
[2021-11-04T14:35:02.055+0100][1582.628s] GC(13) User=0.16s Sys=0.00s Real=0.01s
[2021-11-04T14:50:37.967+0100][2518.539s] GC(14) Pause Young (Normal) (G1 Evacuation Pause)
[2021-11-04T14:50:37.967+0100][2518.540s] GC(14) Using 10 workers of 10 for evacuation
[2021-11-04T14:50:37.972+0100][2518.545s] GC(14)   Pre Evacuate Collection Set: 0.1ms
[2021-11-04T14:50:37.972+0100][2518.545s] GC(14)   Merge Heap Roots: 0.1ms
[2021-11-04T14:50:37.972+0100][2518.545s] GC(14)   Evacuate Collection Set: 3.4ms
[2021-11-04T14:50:37.972+0100][2518.545s] GC(14)   Post Evacuate Collection Set: 1.7ms
[2021-11-04T14:50:37.972+0100][2518.545s] GC(14)   Other: 0.2ms
[2021-11-04T14:50:37.972+0100][2518.545s] GC(14) Eden regions: 272->0(283)
[2021-11-04T14:50:37.972+0100][2518.545s] GC(14) Survivor regions: 33->15(39)
[2021-11-04T14:50:37.972+0100][2518.545s] GC(14) Old regions: 77->88
[2021-11-04T14:50:37.972+0100][2518.545s] GC(14) Archive regions: 0->0
[2021-11-04T14:50:37.972+0100][2518.545s] GC(14) Humongous regions: 9->8
[2021-11-04T14:50:37.972+0100][2518.545s] GC(14) Metaspace: 81172K(81664K)->81172K(81664K) NonClass: 72068K(72320K)->72068K(72320K) Class: 9104K(9344K)->9104K(9344K)
[2021-11-04T14:50:37.972+0100][2518.545s] GC(14) Pause Young (Normal) (G1 Evacuation Pause) 389M->110M(512M) 5.615ms
[2021-11-04T14:50:37.972+0100][2518.545s] GC(14) User=0.00s Sys=0.00s Real=0.00s
[2021-11-04T16:43:07.888+0100][9268.461s] GC(15) Pause Young (Normal) (G1 Evacuation Pause)
[2021-11-04T16:43:07.888+0100][9268.461s] GC(15) Using 10 workers of 10 for evacuation
[2021-11-04T16:43:07.894+0100][9268.467s] GC(15)   Pre Evacuate Collection Set: 0.1ms
[2021-11-04T16:43:07.894+0100][9268.467s] GC(15)   Merge Heap Roots: 0.1ms
[2021-11-04T16:43:07.894+0100][9268.467s] GC(15)   Evacuate Collection Set: 4.2ms
[2021-11-04T16:43:07.894+0100][9268.467s] GC(15)   Post Evacuate Collection Set: 0.8ms
[2021-11-04T16:43:07.894+0100][9268.467s] GC(15)   Other: 0.4ms
[2021-11-04T16:43:07.894+0100][9268.467s] GC(15) Eden regions: 283->0(301)
[2021-11-04T16:43:07.894+0100][9268.467s] GC(15) Survivor regions: 15->6(38)
[2021-11-04T16:43:07.894+0100][9268.467s] GC(15) Old regions: 88->88
[2021-11-04T16:43:07.894+0100][9268.467s] GC(15) Archive regions: 0->0
[2021-11-04T16:43:07.894+0100][9268.467s] GC(15) Humongous regions: 16->8
[2021-11-04T16:43:07.894+0100][9268.467s] GC(15) Metaspace: 81987K(82560K)->81987K(82560K) NonClass: 72847K(73152K)->72847K(73152K) Class: 9140K(9408K)->9140K(9408K)
[2021-11-04T16:43:07.894+0100][9268.467s] GC(15) Pause Young (Normal) (G1 Evacuation Pause) 401M->100M(512M) 5.870ms
[2021-11-04T16:43:07.894+0100][9268.467s] GC(15) User=0.00s Sys=0.00s Real=0.01s
[2021-11-04T16:58:30.557+0100][10191.130s] Heap
[2021-11-04T16:58:30.557+0100][10191.130s]  garbage-first heap   total 524288K, used 154816K [0x00000000e0000000, 0x0000000100000000)
[2021-11-04T16:58:30.557+0100][10191.130s]   region size 1024K, 57 young (58368K), 6 survivors (6144K)
[2021-11-04T16:58:30.557+0100][10191.130s]  Metaspace       used 82219K, committed 82752K, reserved 1130496K
[2021-11-04T16:58:30.557+0100][10191.130s]   class space    used 9176K, committed 9408K, reserved 1048576K
