[2021-11-04T08:08:08.328+0100][0.049s] Using G1
[2021-11-04T08:08:08.337+0100][0.058s] Version: 17.0.1+12-LTS-39 (release)
[2021-11-04T08:08:08.337+0100][0.058s] CPUs: 12 total, 12 available
[2021-11-04T08:08:08.337+0100][0.058s] Memory: 32720M
[2021-11-04T08:08:08.337+0100][0.058s] Large Page Support: Enabled
[2021-11-04T08:08:08.337+0100][0.058s] NUMA Support: Disabled
[2021-11-04T08:08:08.337+0100][0.058s] Compressed Oops: Enabled (32-bit)
[2021-11-04T08:08:08.337+0100][0.058s] Heap Region Size: 1M
[2021-11-04T08:08:08.338+0100][0.058s] Heap Min Capacity: 512M
[2021-11-04T08:08:08.338+0100][0.058s] Heap Initial Capacity: 512M
[2021-11-04T08:08:08.338+0100][0.058s] Heap Max Capacity: 512M
[2021-11-04T08:08:08.338+0100][0.058s] Pre-touch: Enabled
[2021-11-04T08:08:08.338+0100][0.059s] Parallel Workers: 10
[2021-11-04T08:08:08.338+0100][0.059s] Concurrent Workers: 3
[2021-11-04T08:08:08.338+0100][0.059s] Concurrent Refinement Workers: 10
[2021-11-04T08:08:08.338+0100][0.059s] Periodic GC: Disabled
[2021-11-04T08:08:08.338+0100][0.059s] CDS archive(s) mapped at: [0x0000000800000000-0x0000000800bc0000-0x0000000800bc0000), size 12320768, SharedBaseAddress: 0x0000000800000000, ArchiveRelocationMode: 0.
[2021-11-04T08:08:08.338+0100][0.059s] Compressed class space mapped at: 0x0000000800c00000-0x0000000840c00000, reserved size: 1073741824
[2021-11-04T08:08:08.338+0100][0.059s] Narrow klass base: 0x0000000800000000, Narrow klass shift: 0, Narrow klass range: 0x100000000
[2021-11-04T08:08:09.597+0100][1.318s] GC(0) Pause Young (Normal) (G1 Evacuation Pause)
[2021-11-04T08:08:09.598+0100][1.319s] GC(0) Using 10 workers of 10 for evacuation
[2021-11-04T08:08:09.601+0100][1.322s] GC(0)   Pre Evacuate Collection Set: 0.1ms
[2021-11-04T08:08:09.601+0100][1.322s] GC(0)   Merge Heap Roots: 0.0ms
[2021-11-04T08:08:09.601+0100][1.322s] GC(0)   Evacuate Collection Set: 2.7ms
[2021-11-04T08:08:09.601+0100][1.322s] GC(0)   Post Evacuate Collection Set: 0.3ms
[2021-11-04T08:08:09.601+0100][1.322s] GC(0)   Other: 0.5ms
[2021-11-04T08:08:09.601+0100][1.322s] GC(0) Eden regions: 29->0(41)
[2021-11-04T08:08:09.601+0100][1.322s] GC(0) Survivor regions: 0->4(4)
[2021-11-04T08:08:09.601+0100][1.322s] GC(0) Old regions: 0->0
[2021-11-04T08:08:09.601+0100][1.322s] GC(0) Archive regions: 0->0
[2021-11-04T08:08:09.601+0100][1.322s] GC(0) Humongous regions: 0->0
[2021-11-04T08:08:09.601+0100][1.322s] GC(0) Metaspace: 7615K(7744K)->7615K(7744K) NonClass: 6740K(6784K)->6740K(6784K) Class: 875K(960K)->875K(960K)
[2021-11-04T08:08:09.601+0100][1.322s] GC(0) Pause Young (Normal) (G1 Evacuation Pause) 29M->3M(512M) 3.709ms
[2021-11-04T08:08:09.601+0100][1.322s] GC(0) User=0.02s Sys=0.03s Real=0.00s
[2021-11-04T08:08:10.435+0100][2.156s] GC(1) Pause Young (Normal) (G1 Evacuation Pause)
[2021-11-04T08:08:10.435+0100][2.156s] GC(1) Using 10 workers of 10 for evacuation
[2021-11-04T08:08:10.442+0100][2.164s] GC(1)   Pre Evacuate Collection Set: 0.1ms
[2021-11-04T08:08:10.442+0100][2.164s] GC(1)   Merge Heap Roots: 0.0ms
[2021-11-04T08:08:10.442+0100][2.164s] GC(1)   Evacuate Collection Set: 7.1ms
[2021-11-04T08:08:10.442+0100][2.164s] GC(1)   Post Evacuate Collection Set: 0.4ms
[2021-11-04T08:08:10.442+0100][2.164s] GC(1)   Other: 0.1ms
[2021-11-04T08:08:10.442+0100][2.164s] GC(1) Eden regions: 41->0(83)
[2021-11-04T08:08:10.442+0100][2.164s] GC(1) Survivor regions: 4->6(6)
[2021-11-04T08:08:10.442+0100][2.164s] GC(1) Old regions: 0->10
[2021-11-04T08:08:10.442+0100][2.164s] GC(1) Archive regions: 0->0
[2021-11-04T08:08:10.442+0100][2.164s] GC(1) Humongous regions: 4->4
[2021-11-04T08:08:10.442+0100][2.164s] GC(1) Metaspace: 15491K(15744K)->15491K(15744K) NonClass: 13692K(13824K)->13692K(13824K) Class: 1799K(1920K)->1799K(1920K)
[2021-11-04T08:08:10.443+0100][2.164s] GC(1) Pause Young (Normal) (G1 Evacuation Pause) 48M->19M(512M) 7.865ms
[2021-11-04T08:08:10.443+0100][2.164s] GC(1) User=0.16s Sys=0.00s Real=0.01s
[2021-11-04T08:08:11.217+0100][2.939s] GC(2) Pause Young (Concurrent Start) (Metadata GC Threshold)
[2021-11-04T08:08:11.217+0100][2.939s] GC(2) Using 10 workers of 10 for evacuation
[2021-11-04T08:08:11.222+0100][2.943s] GC(2)   Pre Evacuate Collection Set: 0.1ms
[2021-11-04T08:08:11.222+0100][2.943s] GC(2)   Merge Heap Roots: 0.1ms
[2021-11-04T08:08:11.222+0100][2.943s] GC(2)   Evacuate Collection Set: 4.0ms
[2021-11-04T08:08:11.222+0100][2.943s] GC(2)   Post Evacuate Collection Set: 0.4ms
[2021-11-04T08:08:11.222+0100][2.943s] GC(2)   Other: 0.2ms
[2021-11-04T08:08:11.222+0100][2.943s] GC(2) Eden regions: 48->0(201)
[2021-11-04T08:08:11.222+0100][2.943s] GC(2) Survivor regions: 6->12(12)
[2021-11-04T08:08:11.222+0100][2.943s] GC(2) Old regions: 10->10
[2021-11-04T08:08:11.222+0100][2.943s] GC(2) Archive regions: 0->0
[2021-11-04T08:08:11.222+0100][2.943s] GC(2) Humongous regions: 4->4
[2021-11-04T08:08:11.222+0100][2.944s] GC(2) Metaspace: 21249K(21504K)->21249K(21504K) NonClass: 18858K(18944K)->18858K(18944K) Class: 2390K(2560K)->2390K(2560K)
[2021-11-04T08:08:11.222+0100][2.944s] GC(2) Pause Young (Concurrent Start) (Metadata GC Threshold) 66M->24M(512M) 5.000ms
[2021-11-04T08:08:11.222+0100][2.944s] GC(2) User=0.00s Sys=0.00s Real=0.00s
[2021-11-04T08:08:11.222+0100][2.944s] GC(3) Concurrent Mark Cycle
[2021-11-04T08:08:11.222+0100][2.944s] GC(3) Concurrent Clear Claimed Marks
[2021-11-04T08:08:11.222+0100][2.944s] GC(3) Concurrent Clear Claimed Marks 0.030ms
[2021-11-04T08:08:11.222+0100][2.944s] GC(3) Concurrent Scan Root Regions
[2021-11-04T08:08:11.224+0100][2.946s] GC(3) Concurrent Scan Root Regions 1.945ms
[2021-11-04T08:08:11.224+0100][2.946s] GC(3) Concurrent Mark
[2021-11-04T08:08:11.224+0100][2.946s] GC(3) Concurrent Mark From Roots
[2021-11-04T08:08:11.224+0100][2.946s] GC(3) Using 3 workers of 3 for marking
[2021-11-04T08:08:11.230+0100][2.951s] GC(3) Concurrent Mark From Roots 5.432ms
[2021-11-04T08:08:11.230+0100][2.951s] GC(3) Concurrent Preclean
[2021-11-04T08:08:11.230+0100][2.951s] GC(3) Concurrent Preclean 0.115ms
[2021-11-04T08:08:11.230+0100][2.951s] GC(3) Pause Remark
[2021-11-04T08:08:11.231+0100][2.953s] GC(3) Pause Remark 26M->26M(512M) 1.128ms
[2021-11-04T08:08:11.231+0100][2.953s] GC(3) User=0.00s Sys=0.00s Real=0.00s
[2021-11-04T08:08:11.231+0100][2.953s] GC(3) Concurrent Mark 7.010ms
[2021-11-04T08:08:11.231+0100][2.953s] GC(3) Concurrent Rebuild Remembered Sets
[2021-11-04T08:08:11.234+0100][2.955s] GC(3) Concurrent Rebuild Remembered Sets 2.532ms
[2021-11-04T08:08:11.234+0100][2.955s] GC(3) Pause Cleanup
[2021-11-04T08:08:11.234+0100][2.956s] GC(3) Pause Cleanup 26M->26M(512M) 0.074ms
[2021-11-04T08:08:11.234+0100][2.956s] GC(3) User=0.00s Sys=0.00s Real=0.00s
[2021-11-04T08:08:11.234+0100][2.956s] GC(3) Concurrent Cleanup for Next Mark
[2021-11-04T08:08:11.235+0100][2.956s] GC(3) Concurrent Cleanup for Next Mark 0.419ms
[2021-11-04T08:08:11.235+0100][2.956s] GC(3) Concurrent Mark Cycle 12.427ms
[2021-11-04T08:08:22.252+0100][13.973s] GC(4) Pause Young (Concurrent Start) (Metadata GC Threshold)
[2021-11-04T08:08:22.252+0100][13.973s] GC(4) Using 10 workers of 10 for evacuation
[2021-11-04T08:08:22.259+0100][13.980s] GC(4)   Pre Evacuate Collection Set: 0.1ms
[2021-11-04T08:08:22.259+0100][13.980s] GC(4)   Merge Heap Roots: 0.1ms
[2021-11-04T08:08:22.259+0100][13.980s] GC(4)   Evacuate Collection Set: 6.6ms
[2021-11-04T08:08:22.259+0100][13.980s] GC(4)   Post Evacuate Collection Set: 0.5ms
[2021-11-04T08:08:22.259+0100][13.980s] GC(4)   Other: 0.2ms
[2021-11-04T08:08:22.259+0100][13.980s] GC(4) Eden regions: 103->0(287)
[2021-11-04T08:08:22.259+0100][13.980s] GC(4) Survivor regions: 12->20(28)
[2021-11-04T08:08:22.259+0100][13.980s] GC(4) Old regions: 10->10
[2021-11-04T08:08:22.259+0100][13.980s] GC(4) Archive regions: 0->0
[2021-11-04T08:08:22.259+0100][13.980s] GC(4) Humongous regions: 4->4
[2021-11-04T08:08:22.259+0100][13.980s] GC(4) Metaspace: 36025K(36288K)->36025K(36288K) NonClass: 31998K(32128K)->31998K(32128K) Class: 4027K(4160K)->4027K(4160K)
[2021-11-04T08:08:22.260+0100][13.980s] GC(4) Pause Young (Concurrent Start) (Metadata GC Threshold) 127M->32M(512M) 7.552ms
[2021-11-04T08:08:22.260+0100][13.981s] GC(4) User=0.17s Sys=0.00s Real=0.01s
[2021-11-04T08:08:22.260+0100][13.981s] GC(5) Concurrent Mark Cycle
[2021-11-04T08:08:22.260+0100][13.981s] GC(5) Concurrent Clear Claimed Marks
[2021-11-04T08:08:22.260+0100][13.981s] GC(5) Concurrent Clear Claimed Marks 0.031ms
[2021-11-04T08:08:22.260+0100][13.981s] GC(5) Concurrent Scan Root Regions
[2021-11-04T08:08:22.263+0100][13.984s] GC(5) Concurrent Scan Root Regions 3.417ms
[2021-11-04T08:08:22.263+0100][13.984s] GC(5) Concurrent Mark
[2021-11-04T08:08:22.263+0100][13.984s] GC(5) Concurrent Mark From Roots
[2021-11-04T08:08:22.263+0100][13.984s] GC(5) Using 3 workers of 3 for marking
[2021-11-04T08:08:22.269+0100][13.990s] GC(5) Concurrent Mark From Roots 5.530ms
[2021-11-04T08:08:22.269+0100][13.990s] GC(5) Concurrent Preclean
[2021-11-04T08:08:22.269+0100][13.990s] GC(5) Concurrent Preclean 0.108ms
[2021-11-04T08:08:22.269+0100][13.990s] GC(5) Pause Remark
[2021-11-04T08:08:22.270+0100][13.991s] GC(5) Pause Remark 34M->34M(512M) 1.411ms
[2021-11-04T08:08:22.270+0100][13.991s] GC(5) User=0.16s Sys=0.00s Real=0.00s
[2021-11-04T08:08:22.270+0100][13.991s] GC(5) Concurrent Mark 7.305ms
[2021-11-04T08:08:22.271+0100][13.992s] GC(5) Concurrent Rebuild Remembered Sets
[2021-11-04T08:08:22.273+0100][13.994s] GC(5) Concurrent Rebuild Remembered Sets 2.784ms
[2021-11-04T08:08:22.273+0100][13.994s] GC(5) Pause Cleanup
[2021-11-04T08:08:22.274+0100][13.994s] GC(5) Pause Cleanup 34M->34M(512M) 0.084ms
[2021-11-04T08:08:22.274+0100][13.995s] GC(5) User=0.00s Sys=0.00s Real=0.00s
[2021-11-04T08:08:22.274+0100][13.995s] GC(5) Concurrent Cleanup for Next Mark
[2021-11-04T08:08:22.274+0100][13.995s] GC(5) Concurrent Cleanup for Next Mark 0.407ms
[2021-11-04T08:08:22.274+0100][13.995s] GC(5) Concurrent Mark Cycle 14.403ms
[2021-11-04T08:08:31.673+0100][23.394s] GC(6) Pause Young (Normal) (G1 Evacuation Pause)
[2021-11-04T08:08:31.673+0100][23.394s] GC(6) Using 10 workers of 10 for evacuation
[2021-11-04T08:08:31.686+0100][23.407s] GC(6)   Pre Evacuate Collection Set: 0.1ms
[2021-11-04T08:08:31.686+0100][23.407s] GC(6)   Merge Heap Roots: 0.1ms
[2021-11-04T08:08:31.686+0100][23.407s] GC(6)   Evacuate Collection Set: 11.7ms
[2021-11-04T08:08:31.686+0100][23.407s] GC(6)   Post Evacuate Collection Set: 0.8ms
[2021-11-04T08:08:31.686+0100][23.407s] GC(6)   Other: 0.2ms
[2021-11-04T08:08:31.686+0100][23.407s] GC(6) Eden regions: 287->0(268)
[2021-11-04T08:08:31.686+0100][23.407s] GC(6) Survivor regions: 20->39(39)
[2021-11-04T08:08:31.686+0100][23.407s] GC(6) Old regions: 10->13
[2021-11-04T08:08:31.686+0100][23.407s] GC(6) Archive regions: 0->0
[2021-11-04T08:08:31.686+0100][23.407s] GC(6) Humongous regions: 9->5
[2021-11-04T08:08:31.686+0100][23.407s] GC(6) Metaspace: 52955K(53312K)->52955K(53312K) NonClass: 46735K(46912K)->46735K(46912K) Class: 6220K(6400K)->6220K(6400K)
[2021-11-04T08:08:31.686+0100][23.407s] GC(6) Pause Young (Normal) (G1 Evacuation Pause) 324M->56M(512M) 13.054ms
[2021-11-04T08:08:31.686+0100][23.407s] GC(6) User=0.17s Sys=0.00s Real=0.01s
[2021-11-04T08:09:15.441+0100][67.163s] GC(7) Pause Young (Normal) (G1 Evacuation Pause)
[2021-11-04T08:09:15.441+0100][67.163s] GC(7) Using 10 workers of 10 for evacuation
[2021-11-04T08:09:15.457+0100][67.178s] GC(7)   Pre Evacuate Collection Set: 0.2ms
[2021-11-04T08:09:15.457+0100][67.179s] GC(7)   Merge Heap Roots: 0.1ms
[2021-11-04T08:09:15.457+0100][67.179s] GC(7)   Evacuate Collection Set: 14.7ms
[2021-11-04T08:09:15.457+0100][67.179s] GC(7)   Post Evacuate Collection Set: 0.8ms
[2021-11-04T08:09:15.457+0100][67.179s] GC(7)   Other: 0.2ms
[2021-11-04T08:09:15.457+0100][67.179s] GC(7) Eden regions: 268->0(285)
[2021-11-04T08:09:15.457+0100][67.179s] GC(7) Survivor regions: 39->22(39)
[2021-11-04T08:09:15.457+0100][67.179s] GC(7) Old regions: 13->50
[2021-11-04T08:09:15.457+0100][67.179s] GC(7) Archive regions: 0->0
[2021-11-04T08:09:15.457+0100][67.179s] GC(7) Humongous regions: 9->8
[2021-11-04T08:09:15.457+0100][67.179s] GC(7) Metaspace: 58630K(59072K)->58630K(59072K) NonClass: 51744K(51968K)->51744K(51968K) Class: 6885K(7104K)->6885K(7104K)
[2021-11-04T08:09:15.457+0100][67.179s] GC(7) Pause Young (Normal) (G1 Evacuation Pause) 328M->79M(512M) 16.111ms
[2021-11-04T08:09:15.457+0100][67.179s] GC(7) User=0.19s Sys=0.03s Real=0.02s
[2021-11-04T08:18:28.130+0100][619.851s] GC(8) Pause Young (Concurrent Start) (Metadata GC Threshold)
[2021-11-04T08:18:28.130+0100][619.851s] GC(8) Using 10 workers of 10 for evacuation
[2021-11-04T08:18:28.137+0100][619.858s] GC(8)   Pre Evacuate Collection Set: 0.1ms
[2021-11-04T08:18:28.137+0100][619.858s] GC(8)   Merge Heap Roots: 0.1ms
[2021-11-04T08:18:28.137+0100][619.858s] GC(8)   Evacuate Collection Set: 5.3ms
[2021-11-04T08:18:28.137+0100][619.858s] GC(8)   Post Evacuate Collection Set: 0.5ms
[2021-11-04T08:18:28.137+0100][619.858s] GC(8)   Other: 0.2ms
[2021-11-04T08:18:28.137+0100][619.858s] GC(8) Eden regions: 64->0(286)
[2021-11-04T08:18:28.137+0100][619.858s] GC(8) Survivor regions: 22->21(39)
[2021-11-04T08:18:28.137+0100][619.858s] GC(8) Old regions: 50->50
[2021-11-04T08:18:28.137+0100][619.858s] GC(8) Archive regions: 0->0
[2021-11-04T08:18:28.137+0100][619.858s] GC(8) Humongous regions: 8->8
[2021-11-04T08:18:28.137+0100][619.858s] GC(8) Metaspace: 60146K(60608K)->60146K(60608K) NonClass: 53151K(53376K)->53151K(53376K) Class: 6995K(7232K)->6995K(7232K)
[2021-11-04T08:18:28.137+0100][619.858s] GC(8) Pause Young (Concurrent Start) (Metadata GC Threshold) 143M->78M(512M) 6.412ms
[2021-11-04T08:18:28.137+0100][619.858s] GC(8) User=0.00s Sys=0.00s Real=0.01s
[2021-11-04T08:18:28.137+0100][619.858s] GC(9) Concurrent Mark Cycle
[2021-11-04T08:18:28.137+0100][619.858s] GC(9) Concurrent Clear Claimed Marks
[2021-11-04T08:18:28.137+0100][619.858s] GC(9) Concurrent Clear Claimed Marks 0.050ms
[2021-11-04T08:18:28.137+0100][619.858s] GC(9) Concurrent Scan Root Regions
[2021-11-04T08:18:28.141+0100][619.862s] GC(9) Concurrent Scan Root Regions 3.761ms
[2021-11-04T08:18:28.141+0100][619.862s] GC(9) Concurrent Mark
[2021-11-04T08:18:28.141+0100][619.862s] GC(9) Concurrent Mark From Roots
[2021-11-04T08:18:28.141+0100][619.862s] GC(9) Using 3 workers of 3 for marking
[2021-11-04T08:18:28.163+0100][619.884s] GC(9) Concurrent Mark From Roots 22.693ms
[2021-11-04T08:18:28.163+0100][619.885s] GC(9) Concurrent Preclean
[2021-11-04T08:18:28.164+0100][619.885s] GC(9) Concurrent Preclean 0.494ms
[2021-11-04T08:18:28.164+0100][619.885s] GC(9) Pause Remark
[2021-11-04T08:18:28.174+0100][619.895s] GC(9) Pause Remark 79M->79M(512M) 9.708ms
[2021-11-04T08:18:28.174+0100][619.895s] GC(9) User=0.00s Sys=0.00s Real=0.01s
[2021-11-04T08:18:28.174+0100][619.895s] GC(9) Concurrent Mark 33.232ms
[2021-11-04T08:18:28.174+0100][619.895s] GC(9) Concurrent Rebuild Remembered Sets
[2021-11-04T08:18:28.187+0100][619.908s] GC(9) Concurrent Rebuild Remembered Sets 13.080ms
[2021-11-04T08:18:28.187+0100][619.908s] GC(9) Pause Cleanup
[2021-11-04T08:18:28.187+0100][619.908s] GC(9) Pause Cleanup 79M->79M(512M) 0.162ms
[2021-11-04T08:18:28.187+0100][619.908s] GC(9) User=0.00s Sys=0.00s Real=0.00s
[2021-11-04T08:18:28.187+0100][619.909s] GC(9) Concurrent Cleanup for Next Mark
[2021-11-04T08:18:28.188+0100][619.909s] GC(9) Concurrent Cleanup for Next Mark 0.515ms
[2021-11-04T08:18:28.188+0100][619.909s] GC(9) Concurrent Mark Cycle 51.198ms
[2021-11-04T11:14:35.074+0100][11186.801s] GC(10) Pause Young (Prepare Mixed) (G1 Evacuation Pause)
[2021-11-04T11:14:35.074+0100][11186.801s] GC(10) Using 10 workers of 10 for evacuation
[2021-11-04T11:14:35.074+0100][11186.807s] GC(10)   Pre Evacuate Collection Set: 0.1ms
[2021-11-04T11:14:35.074+0100][11186.807s] GC(10)   Merge Heap Roots: 0.1ms
[2021-11-04T11:14:35.074+0100][11186.807s] GC(10)   Evacuate Collection Set: 4.8ms
[2021-11-04T11:14:35.074+0100][11186.807s] GC(10)   Post Evacuate Collection Set: 0.8ms
[2021-11-04T11:14:35.074+0100][11186.807s] GC(10)   Other: 0.2ms
[2021-11-04T11:14:35.074+0100][11186.807s] GC(10) Eden regions: 286->0(3)
[2021-11-04T11:14:35.074+0100][11186.807s] GC(10) Survivor regions: 21->22(39)
[2021-11-04T11:14:35.074+0100][11186.807s] GC(10) Old regions: 50->50
[2021-11-04T11:14:35.074+0100][11186.807s] GC(10) Archive regions: 0->0
[2021-11-04T11:14:35.074+0100][11186.807s] GC(10) Humongous regions: 8->8
[2021-11-04T11:14:35.074+0100][11186.807s] GC(10) Metaspace: 61117K(61568K)->61117K(61568K) NonClass: 54145K(54336K)->54145K(54336K) Class: 6972K(7232K)->6972K(7232K)
[2021-11-04T11:14:35.074+0100][11186.807s] GC(10) Pause Young (Prepare Mixed) (G1 Evacuation Pause) 364M->79M(512M) 6.189ms
[2021-11-04T11:14:35.074+0100][11186.807s] GC(10) User=0.00s Sys=0.00s Real=0.00s
[2021-11-04T11:16:23.519+0100][11295.240s] GC(11) Pause Young (Mixed) (G1 Evacuation Pause)
[2021-11-04T11:16:23.519+0100][11295.240s] GC(11) Using 10 workers of 10 for evacuation
[2021-11-04T11:16:23.519+0100][11295.245s] GC(11)   Pre Evacuate Collection Set: 0.1ms
[2021-11-04T11:16:23.519+0100][11295.245s] GC(11)   Merge Heap Roots: 0.0ms
[2021-11-04T11:16:23.519+0100][11295.245s] GC(11)   Evacuate Collection Set: 4.2ms
[2021-11-04T11:16:23.519+0100][11295.245s] GC(11)   Post Evacuate Collection Set: 0.3ms
[2021-11-04T11:16:23.519+0100][11295.245s] GC(11)   Other: 0.2ms
[2021-11-04T11:16:23.519+0100][11295.245s] GC(11) Eden regions: 3->0(303)
[2021-11-04T11:16:23.519+0100][11295.245s] GC(11) Survivor regions: 22->4(4)
[2021-11-04T11:16:23.519+0100][11295.245s] GC(11) Old regions: 50->69
[2021-11-04T11:16:23.519+0100][11295.245s] GC(11) Archive regions: 0->0
[2021-11-04T11:16:23.519+0100][11295.245s] GC(11) Humongous regions: 8->8
[2021-11-04T11:16:23.519+0100][11295.245s] GC(11) Metaspace: 61119K(61568K)->61119K(61568K) NonClass: 54147K(54336K)->54147K(54336K) Class: 6972K(7232K)->6972K(7232K)
[2021-11-04T11:16:23.519+0100][11295.245s] GC(11) Pause Young (Mixed) (G1 Evacuation Pause) 82M->79M(512M) 4.975ms
[2021-11-04T11:16:23.519+0100][11295.245s] GC(11) User=0.00s Sys=0.00s Real=0.00s
[2021-11-04T13:31:31.444+0100][19403.165s] GC(12) Pause Young (Normal) (G1 Evacuation Pause)
[2021-11-04T13:31:31.444+0100][19403.165s] GC(12) Using 10 workers of 10 for evacuation
[2021-11-04T13:31:31.448+0100][19403.169s] GC(12)   Pre Evacuate Collection Set: 0.1ms
[2021-11-04T13:31:31.448+0100][19403.169s] GC(12)   Merge Heap Roots: 0.1ms
[2021-11-04T13:31:31.448+0100][19403.169s] GC(12)   Evacuate Collection Set: 2.3ms
[2021-11-04T13:31:31.448+0100][19403.169s] GC(12)   Post Evacuate Collection Set: 0.6ms
[2021-11-04T13:31:31.448+0100][19403.169s] GC(12)   Other: 0.2ms
[2021-11-04T13:31:31.448+0100][19403.169s] GC(12) Eden regions: 303->0(301)
[2021-11-04T13:31:31.448+0100][19403.169s] GC(12) Survivor regions: 4->6(39)
[2021-11-04T13:31:31.448+0100][19403.169s] GC(12) Old regions: 69->69
[2021-11-04T13:31:31.448+0100][19403.169s] GC(12) Archive regions: 0->0
[2021-11-04T13:31:31.448+0100][19403.169s] GC(12) Humongous regions: 8->8
[2021-11-04T13:31:31.448+0100][19403.169s] GC(12) Metaspace: 63119K(63552K)->63119K(63552K) NonClass: 55904K(56128K)->55904K(56128K) Class: 7214K(7424K)->7214K(7424K)
[2021-11-04T13:31:31.448+0100][19403.169s] GC(12) Pause Young (Normal) (G1 Evacuation Pause) 382M->82M(512M) 3.432ms
[2021-11-04T13:31:31.448+0100][19403.169s] GC(12) User=0.00s Sys=0.00s Real=0.00s
[2021-11-04T14:02:22.560+0100][21254.281s] Heap
[2021-11-04T14:02:22.560+0100][21254.281s]  garbage-first heap   total 524288K, used 272652K [0x00000000e0000000, 0x0000000100000000)
[2021-11-04T14:02:22.560+0100][21254.281s]   region size 1024K, 191 young (195584K), 6 survivors (6144K)
[2021-11-04T14:02:22.560+0100][21254.281s]  Metaspace       used 76087K, committed 76544K, reserved 1122304K
[2021-11-04T14:02:22.560+0100][21254.281s]   class space    used 8673K, committed 8896K, reserved 1048576K
