[2021-10-22T14:33:55.170+0200][0.006s] Using G1
[2021-10-22T14:33:55.179+0200][0.016s] Version: 17.0.1+12-LTS-39 (release)
[2021-10-22T14:33:55.179+0200][0.016s] CPUs: 12 total, 12 available
[2021-10-22T14:33:55.179+0200][0.016s] Memory: 32720M
[2021-10-22T14:33:55.179+0200][0.016s] Large Page Support: Enabled
[2021-10-22T14:33:55.179+0200][0.016s] NUMA Support: Disabled
[2021-10-22T14:33:55.179+0200][0.016s] Compressed Oops: Enabled (32-bit)
[2021-10-22T14:33:55.180+0200][0.016s] Heap Region Size: 1M
[2021-10-22T14:33:55.180+0200][0.016s] Heap Min Capacity: 512M
[2021-10-22T14:33:55.180+0200][0.016s] Heap Initial Capacity: 512M
[2021-10-22T14:33:55.180+0200][0.016s] Heap Max Capacity: 512M
[2021-10-22T14:33:55.180+0200][0.016s] Pre-touch: Enabled
[2021-10-22T14:33:55.180+0200][0.016s] Parallel Workers: 10
[2021-10-22T14:33:55.180+0200][0.017s] Concurrent Workers: 3
[2021-10-22T14:33:55.180+0200][0.017s] Concurrent Refinement Workers: 10
[2021-10-22T14:33:55.180+0200][0.017s] Periodic GC: Disabled
[2021-10-22T14:33:55.180+0200][0.017s] CDS archive(s) mapped at: [0x0000000800000000-0x0000000800bc0000-0x0000000800bc0000), size 12320768, SharedBaseAddress: 0x0000000800000000, ArchiveRelocationMode: 0.
[2021-10-22T14:33:55.180+0200][0.017s] Compressed class space mapped at: 0x0000000800c00000-0x0000000840c00000, reserved size: 1073741824
[2021-10-22T14:33:55.180+0200][0.017s] Narrow klass base: 0x0000000800000000, Narrow klass shift: 0, Narrow klass range: 0x100000000
[2021-10-22T14:33:55.839+0200][0.676s] GC(0) Pause Young (Normal) (G1 Evacuation Pause)
[2021-10-22T14:33:55.839+0200][0.677s] GC(0) Using 10 workers of 10 for evacuation
[2021-10-22T14:33:55.843+0200][0.680s] GC(0)   Pre Evacuate Collection Set: 0.1ms
[2021-10-22T14:33:55.843+0200][0.680s] GC(0)   Merge Heap Roots: 0.0ms
[2021-10-22T14:33:55.843+0200][0.680s] GC(0)   Evacuate Collection Set: 2.9ms
[2021-10-22T14:33:55.843+0200][0.680s] GC(0)   Post Evacuate Collection Set: 0.4ms
[2021-10-22T14:33:55.843+0200][0.680s] GC(0)   Other: 0.6ms
[2021-10-22T14:33:55.843+0200][0.680s] GC(0) Eden regions: 29->0(42)
[2021-10-22T14:33:55.843+0200][0.680s] GC(0) Survivor regions: 0->4(4)
[2021-10-22T14:33:55.843+0200][0.680s] GC(0) Old regions: 0->0
[2021-10-22T14:33:55.843+0200][0.680s] GC(0) Archive regions: 0->0
[2021-10-22T14:33:55.843+0200][0.680s] GC(0) Humongous regions: 0->0
[2021-10-22T14:33:55.843+0200][0.680s] GC(0) Metaspace: 6835K(7040K)->6835K(7040K) NonClass: 6041K(6144K)->6041K(6144K) Class: 794K(896K)->794K(896K)
[2021-10-22T14:33:55.843+0200][0.680s] GC(0) Pause Young (Normal) (G1 Evacuation Pause) 29M->3M(512M) 4.223ms
[2021-10-22T14:33:55.843+0200][0.680s] GC(0) User=0.00s Sys=0.00s Real=0.00s
[2021-10-22T14:33:56.635+0200][1.472s] GC(1) Pause Young (Normal) (G1 Evacuation Pause)
[2021-10-22T14:33:56.635+0200][1.472s] GC(1) Using 10 workers of 10 for evacuation
[2021-10-22T14:33:56.643+0200][1.480s] GC(1)   Pre Evacuate Collection Set: 0.1ms
[2021-10-22T14:33:56.643+0200][1.480s] GC(1)   Merge Heap Roots: 0.0ms
[2021-10-22T14:33:56.643+0200][1.480s] GC(1)   Evacuate Collection Set: 7.3ms
[2021-10-22T14:33:56.643+0200][1.480s] GC(1)   Post Evacuate Collection Set: 0.4ms
[2021-10-22T14:33:56.643+0200][1.480s] GC(1)   Other: 0.1ms
[2021-10-22T14:33:56.643+0200][1.480s] GC(1) Eden regions: 42->0(76)
[2021-10-22T14:33:56.643+0200][1.480s] GC(1) Survivor regions: 4->6(6)
[2021-10-22T14:33:56.643+0200][1.480s] GC(1) Old regions: 0->10
[2021-10-22T14:33:56.644+0200][1.480s] GC(1) Archive regions: 0->0
[2021-10-22T14:33:56.644+0200][1.480s] GC(1) Humongous regions: 4->4
[2021-10-22T14:33:56.644+0200][1.480s] GC(1) Metaspace: 15439K(15680K)->15439K(15680K) NonClass: 13647K(13760K)->13647K(13760K) Class: 1791K(1920K)->1791K(1920K)
[2021-10-22T14:33:56.644+0200][1.480s] GC(1) Pause Young (Normal) (G1 Evacuation Pause) 49M->19M(512M) 8.207ms
[2021-10-22T14:33:56.644+0200][1.481s] GC(1) User=0.00s Sys=0.00s Real=0.01s
[2021-10-22T14:34:01.830+0200][6.667s] GC(2) Pause Young (Concurrent Start) (Metadata GC Threshold)
[2021-10-22T14:34:01.830+0200][6.667s] GC(2) Using 10 workers of 10 for evacuation
[2021-10-22T14:34:01.836+0200][6.673s] GC(2)   Pre Evacuate Collection Set: 0.0ms
[2021-10-22T14:34:01.836+0200][6.673s] GC(2)   Merge Heap Roots: 0.0ms
[2021-10-22T14:34:01.836+0200][6.673s] GC(2)   Evacuate Collection Set: 4.6ms
[2021-10-22T14:34:01.836+0200][6.673s] GC(2)   Post Evacuate Collection Set: 0.4ms
[2021-10-22T14:34:01.836+0200][6.673s] GC(2)   Other: 0.3ms
[2021-10-22T14:34:01.836+0200][6.673s] GC(2) Eden regions: 46->0(77)
[2021-10-22T14:34:01.836+0200][6.673s] GC(2) Survivor regions: 6->6(10)
[2021-10-22T14:34:01.836+0200][6.673s] GC(2) Old regions: 10->16
[2021-10-22T14:34:01.836+0200][6.673s] GC(2) Archive regions: 0->0
[2021-10-22T14:34:01.836+0200][6.673s] GC(2) Humongous regions: 4->4
[2021-10-22T14:34:01.836+0200][6.673s] GC(2) Metaspace: 21211K(21504K)->21211K(21504K) NonClass: 18802K(18944K)->18802K(18944K) Class: 2408K(2560K)->2408K(2560K)
[2021-10-22T14:34:01.836+0200][6.673s] GC(2) Pause Young (Concurrent Start) (Metadata GC Threshold) 65M->25M(512M) 5.661ms
[2021-10-22T14:34:01.836+0200][6.673s] GC(2) User=0.16s Sys=0.00s Real=0.01s
[2021-10-22T14:34:01.836+0200][6.673s] GC(3) Concurrent Mark Cycle
[2021-10-22T14:34:01.836+0200][6.673s] GC(3) Concurrent Clear Claimed Marks
[2021-10-22T14:34:01.836+0200][6.673s] GC(3) Concurrent Clear Claimed Marks 0.027ms
[2021-10-22T14:34:01.836+0200][6.673s] GC(3) Concurrent Scan Root Regions
[2021-10-22T14:34:01.838+0200][6.675s] GC(3) Concurrent Scan Root Regions 1.878ms
[2021-10-22T14:34:01.838+0200][6.675s] GC(3) Concurrent Mark
[2021-10-22T14:34:01.838+0200][6.675s] GC(3) Concurrent Mark From Roots
[2021-10-22T14:34:01.838+0200][6.675s] GC(3) Using 3 workers of 3 for marking
[2021-10-22T14:34:01.843+0200][6.681s] GC(3) Concurrent Mark From Roots 5.442ms
[2021-10-22T14:34:01.843+0200][6.681s] GC(3) Concurrent Preclean
[2021-10-22T14:34:01.843+0200][6.681s] GC(3) Concurrent Preclean 0.108ms
[2021-10-22T14:34:01.844+0200][6.681s] GC(3) Pause Remark
[2021-10-22T14:34:01.845+0200][6.682s] GC(3) Pause Remark 26M->26M(512M) 1.060ms
[2021-10-22T14:34:01.845+0200][6.682s] GC(3) User=0.00s Sys=0.00s Real=0.00s
[2021-10-22T14:34:01.845+0200][6.682s] GC(3) Concurrent Mark 6.948ms
[2021-10-22T14:34:01.845+0200][6.682s] GC(3) Concurrent Rebuild Remembered Sets
[2021-10-22T14:34:01.848+0200][6.686s] GC(3) Concurrent Rebuild Remembered Sets 3.632ms
[2021-10-22T14:34:01.849+0200][6.686s] GC(3) Pause Cleanup
[2021-10-22T14:34:01.849+0200][6.686s] GC(3) Pause Cleanup 26M->26M(512M) 0.084ms
[2021-10-22T14:34:01.849+0200][6.686s] GC(3) User=0.00s Sys=0.00s Real=0.00s
[2021-10-22T14:34:01.849+0200][6.686s] GC(3) Concurrent Cleanup for Next Mark
[2021-10-22T14:34:01.849+0200][6.686s] GC(3) Concurrent Cleanup for Next Mark 0.325ms
[2021-10-22T14:34:01.849+0200][6.686s] GC(3) Concurrent Mark Cycle 13.204ms
[2021-10-22T14:34:07.843+0200][12.680s] GC(4) Pause Young (Prepare Mixed) (G1 Evacuation Pause)
[2021-10-22T14:34:07.843+0200][12.680s] GC(4) Using 10 workers of 10 for evacuation
[2021-10-22T14:34:07.848+0200][12.685s] GC(4)   Pre Evacuate Collection Set: 0.0ms
[2021-10-22T14:34:07.848+0200][12.685s] GC(4)   Merge Heap Roots: 0.0ms
[2021-10-22T14:34:07.848+0200][12.685s] GC(4)   Evacuate Collection Set: 4.4ms
[2021-10-22T14:34:07.848+0200][12.685s] GC(4)   Post Evacuate Collection Set: 0.4ms
[2021-10-22T14:34:07.848+0200][12.685s] GC(4)   Other: 0.1ms
[2021-10-22T14:34:07.848+0200][12.685s] GC(4) Eden regions: 77->0(14)
[2021-10-22T14:34:07.848+0200][12.685s] GC(4) Survivor regions: 6->11(11)
[2021-10-22T14:34:07.848+0200][12.685s] GC(4) Old regions: 16->16
[2021-10-22T14:34:07.848+0200][12.685s] GC(4) Archive regions: 0->0
[2021-10-22T14:34:07.848+0200][12.685s] GC(4) Humongous regions: 4->4
[2021-10-22T14:34:07.849+0200][12.685s] GC(4) Metaspace: 34556K(34880K)->34556K(34880K) NonClass: 30607K(30784K)->30607K(30784K) Class: 3948K(4096K)->3948K(4096K)
[2021-10-22T14:34:07.849+0200][12.685s] GC(4) Pause Young (Prepare Mixed) (G1 Evacuation Pause) 102M->30M(512M) 5.300ms
[2021-10-22T14:34:07.849+0200][12.685s] GC(4) User=0.03s Sys=0.00s Real=0.01s
[2021-10-22T14:34:08.559+0200][13.397s] GC(5) Pause Young (Mixed) (Metadata GC Threshold)
[2021-10-22T14:34:08.559+0200][13.397s] GC(5) Using 10 workers of 10 for evacuation
[2021-10-22T14:34:08.563+0200][13.400s] GC(5)   Pre Evacuate Collection Set: 0.0ms
[2021-10-22T14:34:08.563+0200][13.400s] GC(5)   Merge Heap Roots: 0.0ms
[2021-10-22T14:34:08.563+0200][13.401s] GC(5)   Evacuate Collection Set: 3.4ms
[2021-10-22T14:34:08.563+0200][13.401s] GC(5)   Post Evacuate Collection Set: 0.3ms
[2021-10-22T14:34:08.563+0200][13.401s] GC(5)   Other: 0.1ms
[2021-10-22T14:34:08.563+0200][13.401s] GC(5) Eden regions: 6->0(305)
[2021-10-22T14:34:08.563+0200][13.401s] GC(5) Survivor regions: 11->2(4)
[2021-10-22T14:34:08.563+0200][13.401s] GC(5) Old regions: 16->27
[2021-10-22T14:34:08.563+0200][13.401s] GC(5) Archive regions: 0->0
[2021-10-22T14:34:08.563+0200][13.401s] GC(5) Humongous regions: 4->4
[2021-10-22T14:34:08.563+0200][13.401s] GC(5) Metaspace: 36068K(36288K)->36068K(36288K) NonClass: 31913K(32000K)->31913K(32000K) Class: 4154K(4288K)->4154K(4288K)
[2021-10-22T14:34:08.563+0200][13.401s] GC(5) Pause Young (Mixed) (Metadata GC Threshold) 36M->31M(512M) 4.119ms
[2021-10-22T14:34:08.563+0200][13.401s] GC(5) User=0.00s Sys=0.00s Real=0.00s
[2021-10-22T14:34:52.600+0200][57.437s] GC(6) Pause Young (Concurrent Start) (Metadata GC Threshold)
[2021-10-22T14:34:52.601+0200][57.437s] GC(6) Using 10 workers of 10 for evacuation
[2021-10-22T14:34:52.602+0200][57.438s] GC(6)   Pre Evacuate Collection Set: 0.1ms
[2021-10-22T14:34:52.602+0200][57.438s] GC(6)   Merge Heap Roots: 0.0ms
[2021-10-22T14:34:52.602+0200][57.438s] GC(6)   Evacuate Collection Set: 0.6ms
[2021-10-22T14:34:52.602+0200][57.438s] GC(6)   Post Evacuate Collection Set: 0.2ms
[2021-10-22T14:34:52.602+0200][57.438s] GC(6)   Other: 0.2ms
[2021-10-22T14:34:52.602+0200][57.438s] GC(6) Eden regions: 7->0(271)
[2021-10-22T14:34:52.602+0200][57.438s] GC(6) Survivor regions: 2->2(39)
[2021-10-22T14:34:52.602+0200][57.438s] GC(6) Old regions: 27->27
[2021-10-22T14:34:52.602+0200][57.438s] GC(6) Archive regions: 0->0
[2021-10-22T14:34:52.602+0200][57.438s] GC(6) Humongous regions: 4->4
[2021-10-22T14:34:52.602+0200][57.438s] GC(6) Metaspace: 36346K(36608K)->36346K(36608K) NonClass: 32161K(32320K)->32161K(32320K) Class: 4184K(4288K)->4184K(4288K)
[2021-10-22T14:34:52.602+0200][57.438s] GC(6) Pause Young (Concurrent Start) (Metadata GC Threshold) 38M->31M(512M) 1.289ms
[2021-10-22T14:34:52.602+0200][57.438s] GC(6) User=0.00s Sys=0.00s Real=0.00s
[2021-10-22T14:34:52.602+0200][57.438s] GC(7) Concurrent Mark Cycle
[2021-10-22T14:34:52.602+0200][57.438s] GC(7) Concurrent Clear Claimed Marks
[2021-10-22T14:34:52.602+0200][57.438s] GC(7) Concurrent Clear Claimed Marks 0.025ms
[2021-10-22T14:34:52.602+0200][57.438s] GC(7) Concurrent Scan Root Regions
[2021-10-22T14:34:52.602+0200][57.439s] GC(7) Concurrent Scan Root Regions 0.529ms
[2021-10-22T14:34:52.602+0200][57.439s] GC(7) Concurrent Mark
[2021-10-22T14:34:52.602+0200][57.439s] GC(7) Concurrent Mark From Roots
[2021-10-22T14:34:52.602+0200][57.439s] GC(7) Using 3 workers of 3 for marking
[2021-10-22T14:34:52.616+0200][57.452s] GC(7) Concurrent Mark From Roots 13.548ms
[2021-10-22T14:34:52.616+0200][57.452s] GC(7) Concurrent Preclean
[2021-10-22T14:34:52.616+0200][57.453s] GC(7) Concurrent Preclean 0.133ms
[2021-10-22T14:34:52.616+0200][57.453s] GC(7) Pause Remark
[2021-10-22T14:34:52.618+0200][57.454s] GC(7) Pause Remark 32M->32M(512M) 1.718ms
[2021-10-22T14:34:52.618+0200][57.454s] GC(7) User=0.00s Sys=0.00s Real=0.00s
[2021-10-22T14:34:52.618+0200][57.454s] GC(7) Concurrent Mark 15.610ms
[2021-10-22T14:34:52.618+0200][57.454s] GC(7) Concurrent Rebuild Remembered Sets
[2021-10-22T14:34:52.625+0200][57.461s] GC(7) Concurrent Rebuild Remembered Sets 6.573ms
[2021-10-22T14:34:52.625+0200][57.461s] GC(7) Pause Cleanup
[2021-10-22T14:34:52.625+0200][57.461s] GC(7) Pause Cleanup 32M->32M(512M) 0.089ms
[2021-10-22T14:34:52.625+0200][57.461s] GC(7) User=0.00s Sys=0.00s Real=0.00s
[2021-10-22T14:34:52.625+0200][57.461s] GC(7) Concurrent Cleanup for Next Mark
[2021-10-22T14:34:52.625+0200][57.462s] GC(7) Concurrent Cleanup for Next Mark 0.303ms
[2021-10-22T14:34:52.625+0200][57.462s] GC(7) Concurrent Mark Cycle 23.381ms
[2021-10-22T15:12:06.466+0200][2291.303s] GC(8) Pause Young (Prepare Mixed) (G1 Evacuation Pause)
[2021-10-22T15:12:06.467+0200][2291.303s] GC(8) Using 10 workers of 10 for evacuation
[2021-10-22T15:12:06.475+0200][2291.311s] GC(8)   Pre Evacuate Collection Set: 0.1ms
[2021-10-22T15:12:06.475+0200][2291.311s] GC(8)   Merge Heap Roots: 0.1ms
[2021-10-22T15:12:06.475+0200][2291.312s] GC(8)   Evacuate Collection Set: 3.2ms
[2021-10-22T15:12:06.475+0200][2291.312s] GC(8)   Post Evacuate Collection Set: 4.9ms
[2021-10-22T15:12:06.475+0200][2291.312s] GC(8)   Other: 0.3ms
[2021-10-22T15:12:06.475+0200][2291.312s] GC(8) Eden regions: 271->0(8)
[2021-10-22T15:12:06.475+0200][2291.312s] GC(8) Survivor regions: 2->17(35)
[2021-10-22T15:12:06.475+0200][2291.312s] GC(8) Old regions: 27->27
[2021-10-22T15:12:06.475+0200][2291.312s] GC(8) Archive regions: 0->0
[2021-10-22T15:12:06.475+0200][2291.312s] GC(8) Humongous regions: 5->4
[2021-10-22T15:12:06.475+0200][2291.312s] GC(8) Metaspace: 50846K(51200K)->50846K(51200K) NonClass: 44872K(45056K)->44872K(45056K) Class: 5973K(6144K)->5973K(6144K)
[2021-10-22T15:12:06.475+0200][2291.312s] GC(8) Pause Young (Prepare Mixed) (G1 Evacuation Pause) 303M->46M(512M) 8.712ms
[2021-10-22T15:12:06.475+0200][2291.312s] GC(8) User=0.16s Sys=0.00s Real=0.01s
[2021-10-22T15:12:06.476+0200][2291.313s] Heap
[2021-10-22T15:12:06.476+0200][2291.313s]  garbage-first heap   total 524288K, used 47349K [0x00000000e0000000, 0x0000000100000000)
[2021-10-22T15:12:06.476+0200][2291.313s]   region size 1024K, 18 young (18432K), 17 survivors (17408K)
[2021-10-22T15:12:06.476+0200][2291.313s]  Metaspace       used 50847K, committed 51200K, reserved 1097728K
[2021-10-22T15:12:06.476+0200][2291.313s]   class space    used 5973K, committed 6144K, reserved 1048576K
