[2021-10-28T14:46:51.703+0200][0.025s] Using G1
[2021-10-28T14:46:51.708+0200][0.030s] Version: 17.0.1+12-LTS-39 (release)
[2021-10-28T14:46:51.708+0200][0.030s] CPUs: 12 total, 12 available
[2021-10-28T14:46:51.708+0200][0.030s] Memory: 32720M
[2021-10-28T14:46:51.708+0200][0.030s] Large Page Support: Enabled
[2021-10-28T14:46:51.708+0200][0.030s] NUMA Support: Disabled
[2021-10-28T14:46:51.708+0200][0.030s] Compressed Oops: Enabled (32-bit)
[2021-10-28T14:46:51.708+0200][0.030s] Heap Region Size: 1M
[2021-10-28T14:46:51.708+0200][0.030s] Heap Min Capacity: 512M
[2021-10-28T14:46:51.708+0200][0.030s] Heap Initial Capacity: 512M
[2021-10-28T14:46:51.708+0200][0.030s] Heap Max Capacity: 512M
[2021-10-28T14:46:51.708+0200][0.030s] Pre-touch: Enabled
[2021-10-28T14:46:51.709+0200][0.030s] Parallel Workers: 10
[2021-10-28T14:46:51.709+0200][0.030s] Concurrent Workers: 3
[2021-10-28T14:46:51.709+0200][0.030s] Concurrent Refinement Workers: 10
[2021-10-28T14:46:51.709+0200][0.030s] Periodic GC: Disabled
[2021-10-28T14:46:51.709+0200][0.031s] CDS archive(s) mapped at: [0x0000000800000000-0x0000000800bc0000-0x0000000800bc0000), size 12320768, SharedBaseAddress: 0x0000000800000000, ArchiveRelocationMode: 0.
[2021-10-28T14:46:51.709+0200][0.031s] Compressed class space mapped at: 0x0000000800c00000-0x0000000840c00000, reserved size: 1073741824
[2021-10-28T14:46:51.709+0200][0.031s] Narrow klass base: 0x0000000800000000, Narrow klass shift: 0, Narrow klass range: 0x100000000
[2021-10-28T14:46:52.413+0200][0.734s] GC(0) Pause Young (Normal) (G1 Evacuation Pause)
[2021-10-28T14:46:52.413+0200][0.735s] GC(0) Using 10 workers of 10 for evacuation
[2021-10-28T14:46:52.418+0200][0.739s] GC(0)   Pre Evacuate Collection Set: 0.1ms
[2021-10-28T14:46:52.418+0200][0.739s] GC(0)   Merge Heap Roots: 0.0ms
[2021-10-28T14:46:52.418+0200][0.739s] GC(0)   Evacuate Collection Set: 3.4ms
[2021-10-28T14:46:52.418+0200][0.739s] GC(0)   Post Evacuate Collection Set: 0.5ms
[2021-10-28T14:46:52.418+0200][0.739s] GC(0)   Other: 0.8ms
[2021-10-28T14:46:52.418+0200][0.739s] GC(0) Eden regions: 29->0(41)
[2021-10-28T14:46:52.418+0200][0.739s] GC(0) Survivor regions: 0->4(4)
[2021-10-28T14:46:52.418+0200][0.739s] GC(0) Old regions: 0->0
[2021-10-28T14:46:52.418+0200][0.739s] GC(0) Archive regions: 0->0
[2021-10-28T14:46:52.418+0200][0.739s] GC(0) Humongous regions: 0->0
[2021-10-28T14:46:52.418+0200][0.739s] GC(0) Metaspace: 7822K(8000K)->7822K(8000K) NonClass: 6934K(7040K)->6934K(7040K) Class: 887K(960K)->887K(960K)
[2021-10-28T14:46:52.418+0200][0.739s] GC(0) Pause Young (Normal) (G1 Evacuation Pause) 29M->3M(512M) 4.921ms
[2021-10-28T14:46:52.418+0200][0.739s] GC(0) User=0.00s Sys=0.00s Real=0.00s
[2021-10-28T14:46:53.155+0200][1.477s] GC(1) Pause Young (Normal) (G1 Evacuation Pause)
[2021-10-28T14:46:53.155+0200][1.477s] GC(1) Using 10 workers of 10 for evacuation
[2021-10-28T14:46:53.164+0200][1.485s] GC(1)   Pre Evacuate Collection Set: 0.1ms
[2021-10-28T14:46:53.164+0200][1.485s] GC(1)   Merge Heap Roots: 0.0ms
[2021-10-28T14:46:53.164+0200][1.485s] GC(1)   Evacuate Collection Set: 7.1ms
[2021-10-28T14:46:53.164+0200][1.485s] GC(1)   Post Evacuate Collection Set: 0.4ms
[2021-10-28T14:46:53.164+0200][1.485s] GC(1)   Other: 0.1ms
[2021-10-28T14:46:53.164+0200][1.485s] GC(1) Eden regions: 41->0(109)
[2021-10-28T14:46:53.164+0200][1.485s] GC(1) Survivor regions: 4->6(6)
[2021-10-28T14:46:53.164+0200][1.485s] GC(1) Old regions: 0->10
[2021-10-28T14:46:53.164+0200][1.485s] GC(1) Archive regions: 0->0
[2021-10-28T14:46:53.164+0200][1.485s] GC(1) Humongous regions: 4->4
[2021-10-28T14:46:53.164+0200][1.485s] GC(1) Metaspace: 15476K(15744K)->15476K(15744K) NonClass: 13677K(13824K)->13677K(13824K) Class: 1798K(1920K)->1798K(1920K)
[2021-10-28T14:46:53.164+0200][1.485s] GC(1) Pause Young (Normal) (G1 Evacuation Pause) 48M->19M(512M) 7.944ms
[2021-10-28T14:46:53.164+0200][1.485s] GC(1) User=0.17s Sys=0.00s Real=0.01s
[2021-10-28T14:46:58.314+0200][6.635s] GC(2) Pause Young (Concurrent Start) (Metadata GC Threshold)
[2021-10-28T14:46:58.314+0200][6.635s] GC(2) Using 10 workers of 10 for evacuation
[2021-10-28T14:46:58.320+0200][6.641s] GC(2)   Pre Evacuate Collection Set: 0.0ms
[2021-10-28T14:46:58.320+0200][6.641s] GC(2)   Merge Heap Roots: 0.1ms
[2021-10-28T14:46:58.320+0200][6.641s] GC(2)   Evacuate Collection Set: 5.1ms
[2021-10-28T14:46:58.320+0200][6.641s] GC(2)   Post Evacuate Collection Set: 0.5ms
[2021-10-28T14:46:58.320+0200][6.641s] GC(2)   Other: 0.2ms
[2021-10-28T14:46:58.320+0200][6.641s] GC(2) Eden regions: 47->0(203)
[2021-10-28T14:46:58.320+0200][6.641s] GC(2) Survivor regions: 6->12(15)
[2021-10-28T14:46:58.320+0200][6.641s] GC(2) Old regions: 10->10
[2021-10-28T14:46:58.320+0200][6.641s] GC(2) Archive regions: 0->0
[2021-10-28T14:46:58.320+0200][6.641s] GC(2) Humongous regions: 4->4
[2021-10-28T14:46:58.320+0200][6.642s] GC(2) Metaspace: 21221K(21504K)->21221K(21504K) NonClass: 18810K(18944K)->18810K(18944K) Class: 2410K(2560K)->2410K(2560K)
[2021-10-28T14:46:58.320+0200][6.642s] GC(2) Pause Young (Concurrent Start) (Metadata GC Threshold) 65M->24M(512M) 6.157ms
[2021-10-28T14:46:58.320+0200][6.642s] GC(2) User=0.17s Sys=0.00s Real=0.01s
[2021-10-28T14:46:58.320+0200][6.642s] GC(3) Concurrent Mark Cycle
[2021-10-28T14:46:58.321+0200][6.642s] GC(3) Concurrent Clear Claimed Marks
[2021-10-28T14:46:58.321+0200][6.642s] GC(3) Concurrent Clear Claimed Marks 0.039ms
[2021-10-28T14:46:58.321+0200][6.642s] GC(3) Concurrent Scan Root Regions
[2021-10-28T14:46:58.323+0200][6.644s] GC(3) Concurrent Scan Root Regions 2.015ms
[2021-10-28T14:46:58.323+0200][6.644s] GC(3) Concurrent Mark
[2021-10-28T14:46:58.323+0200][6.644s] GC(3) Concurrent Mark From Roots
[2021-10-28T14:46:58.323+0200][6.644s] GC(3) Using 3 workers of 3 for marking
[2021-10-28T14:46:58.329+0200][6.650s] GC(3) Concurrent Mark From Roots 5.915ms
[2021-10-28T14:46:58.329+0200][6.650s] GC(3) Concurrent Preclean
[2021-10-28T14:46:58.329+0200][6.650s] GC(3) Concurrent Preclean 0.111ms
[2021-10-28T14:46:58.329+0200][6.650s] GC(3) Pause Remark
[2021-10-28T14:46:58.330+0200][6.651s] GC(3) Pause Remark 26M->26M(512M) 1.109ms
[2021-10-28T14:46:58.330+0200][6.651s] GC(3) User=0.00s Sys=0.00s Real=0.00s
[2021-10-28T14:46:58.330+0200][6.651s] GC(3) Concurrent Mark 7.322ms
[2021-10-28T14:46:58.330+0200][6.651s] GC(3) Concurrent Rebuild Remembered Sets
[2021-10-28T14:46:58.333+0200][6.654s] GC(3) Concurrent Rebuild Remembered Sets 3.145ms
[2021-10-28T14:46:58.333+0200][6.654s] GC(3) Pause Cleanup
[2021-10-28T14:46:58.333+0200][6.654s] GC(3) Pause Cleanup 26M->26M(512M) 0.075ms
[2021-10-28T14:46:58.333+0200][6.654s] GC(3) User=0.00s Sys=0.00s Real=0.00s
[2021-10-28T14:46:58.333+0200][6.655s] GC(3) Concurrent Cleanup for Next Mark
[2021-10-28T14:46:58.334+0200][6.655s] GC(3) Concurrent Cleanup for Next Mark 0.403ms
[2021-10-28T14:46:58.334+0200][6.655s] GC(3) Concurrent Mark Cycle 13.364ms
[2021-10-28T14:47:04.231+0200][12.553s] GC(4) Pause Young (Concurrent Start) (Metadata GC Threshold)
[2021-10-28T14:47:04.231+0200][12.553s] GC(4) Using 10 workers of 10 for evacuation
[2021-10-28T14:47:04.239+0200][12.561s] GC(4)   Pre Evacuate Collection Set: 0.1ms
[2021-10-28T14:47:04.239+0200][12.561s] GC(4)   Merge Heap Roots: 0.1ms
[2021-10-28T14:47:04.239+0200][12.561s] GC(4)   Evacuate Collection Set: 6.7ms
[2021-10-28T14:47:04.239+0200][12.561s] GC(4)   Post Evacuate Collection Set: 0.7ms
[2021-10-28T14:47:04.239+0200][12.561s] GC(4)   Other: 0.2ms
[2021-10-28T14:47:04.239+0200][12.561s] GC(4) Eden regions: 102->0(285)
[2021-10-28T14:47:04.239+0200][12.561s] GC(4) Survivor regions: 12->22(28)
[2021-10-28T14:47:04.239+0200][12.561s] GC(4) Old regions: 10->10
[2021-10-28T14:47:04.239+0200][12.561s] GC(4) Archive regions: 0->0
[2021-10-28T14:47:04.239+0200][12.561s] GC(4) Humongous regions: 6->5
[2021-10-28T14:47:04.239+0200][12.561s] GC(4) Metaspace: 35912K(36160K)->35912K(36160K) NonClass: 31824K(31936K)->31824K(31936K) Class: 4088K(4224K)->4088K(4224K)
[2021-10-28T14:47:04.239+0200][12.561s] GC(4) Pause Young (Concurrent Start) (Metadata GC Threshold) 128M->35M(512M) 8.030ms
[2021-10-28T14:47:04.239+0200][12.561s] GC(4) User=0.00s Sys=0.00s Real=0.01s
[2021-10-28T14:47:04.239+0200][12.561s] GC(5) Concurrent Mark Cycle
[2021-10-28T14:47:04.239+0200][12.561s] GC(5) Concurrent Clear Claimed Marks
[2021-10-28T14:47:04.239+0200][12.561s] GC(5) Concurrent Clear Claimed Marks 0.045ms
[2021-10-28T14:47:04.240+0200][12.561s] GC(5) Concurrent Scan Root Regions
[2021-10-28T14:47:04.244+0200][12.565s] GC(5) Concurrent Scan Root Regions 4.395ms
[2021-10-28T14:47:04.244+0200][12.565s] GC(5) Concurrent Mark
[2021-10-28T14:47:04.244+0200][12.566s] GC(5) Concurrent Mark From Roots
[2021-10-28T14:47:04.244+0200][12.566s] GC(5) Using 3 workers of 3 for marking
[2021-10-28T14:47:04.252+0200][12.574s] GC(5) Concurrent Mark From Roots 8.248ms
[2021-10-28T14:47:04.252+0200][12.574s] GC(5) Concurrent Preclean
[2021-10-28T14:47:04.252+0200][12.574s] GC(5) Concurrent Preclean 0.152ms
[2021-10-28T14:47:04.253+0200][12.574s] GC(5) Pause Remark
[2021-10-28T14:47:04.255+0200][12.577s] GC(5) Pause Remark 37M->37M(512M) 2.385ms
[2021-10-28T14:47:04.255+0200][12.577s] GC(5) User=0.00s Sys=0.00s Real=0.00s
[2021-10-28T14:47:04.255+0200][12.577s] GC(5) Concurrent Mark 11.186ms
[2021-10-28T14:47:04.255+0200][12.577s] GC(5) Concurrent Rebuild Remembered Sets
[2021-10-28T14:47:04.259+0200][12.581s] GC(5) Concurrent Rebuild Remembered Sets 3.822ms
[2021-10-28T14:47:04.259+0200][12.581s] GC(5) Pause Cleanup
[2021-10-28T14:47:04.259+0200][12.581s] GC(5) Pause Cleanup 38M->38M(512M) 0.118ms
[2021-10-28T14:47:04.259+0200][12.581s] GC(5) User=0.00s Sys=0.00s Real=0.00s
[2021-10-28T14:47:04.259+0200][12.581s] GC(5) Concurrent Cleanup for Next Mark
[2021-10-28T14:47:04.260+0200][12.581s] GC(5) Concurrent Cleanup for Next Mark 0.585ms
[2021-10-28T14:47:04.260+0200][12.582s] GC(5) Concurrent Mark Cycle 20.581ms
[2021-10-28T14:47:10.368+0200][18.690s] GC(6) Pause Young (Normal) (G1 Evacuation Pause)
[2021-10-28T14:47:10.368+0200][18.690s] GC(6) Using 10 workers of 10 for evacuation
[2021-10-28T14:47:10.383+0200][18.704s] GC(6)   Pre Evacuate Collection Set: 0.1ms
[2021-10-28T14:47:10.383+0200][18.704s] GC(6)   Merge Heap Roots: 0.1ms
[2021-10-28T14:47:10.383+0200][18.704s] GC(6)   Evacuate Collection Set: 11.9ms
[2021-10-28T14:47:10.383+0200][18.704s] GC(6)   Post Evacuate Collection Set: 1.3ms
[2021-10-28T14:47:10.383+0200][18.704s] GC(6)   Other: 0.2ms
[2021-10-28T14:47:10.383+0200][18.704s] GC(6) Eden regions: 285->0(273)
[2021-10-28T14:47:10.383+0200][18.704s] GC(6) Survivor regions: 22->34(39)
[2021-10-28T14:47:10.383+0200][18.704s] GC(6) Old regions: 10->16
[2021-10-28T14:47:10.383+0200][18.704s] GC(6) Archive regions: 0->0
[2021-10-28T14:47:10.383+0200][18.704s] GC(6) Humongous regions: 12->8
[2021-10-28T14:47:10.383+0200][18.704s] GC(6) Metaspace: 51289K(51776K)->51289K(51776K) NonClass: 45159K(45376K)->45159K(45376K) Class: 6129K(6400K)->6129K(6400K)
[2021-10-28T14:47:10.383+0200][18.704s] GC(6) Pause Young (Normal) (G1 Evacuation Pause) 327M->57M(512M) 13.735ms
[2021-10-28T14:47:10.383+0200][18.704s] GC(6) User=0.17s Sys=0.00s Real=0.01s
[2021-10-28T15:22:53.284+0200][2161.606s] Heap
[2021-10-28T15:22:53.284+0200][2161.606s]  garbage-first heap   total 524288K, used 303308K [0x00000000e0000000, 0x0000000100000000)
[2021-10-28T15:22:53.284+0200][2161.606s]   region size 1024K, 273 young (279552K), 34 survivors (34816K)
[2021-10-28T15:22:53.284+0200][2161.606s]  Metaspace       used 56904K, committed 57408K, reserved 1105920K
[2021-10-28T15:22:53.284+0200][2161.606s]   class space    used 6727K, committed 6976K, reserved 1048576K
