[2021-11-04T14:04:09.752+0100][0.007s] Using G1
[2021-11-04T14:04:09.757+0100][0.012s] Version: 17.0.1+12-LTS-39 (release)
[2021-11-04T14:04:09.757+0100][0.013s] CPUs: 12 total, 12 available
[2021-11-04T14:04:09.757+0100][0.013s] Memory: 32720M
[2021-11-04T14:04:09.757+0100][0.013s] Large Page Support: Enabled
[2021-11-04T14:04:09.757+0100][0.013s] NUMA Support: Disabled
[2021-11-04T14:04:09.757+0100][0.013s] Compressed Oops: Enabled (32-bit)
[2021-11-04T14:04:09.757+0100][0.013s] Heap Region Size: 1M
[2021-11-04T14:04:09.757+0100][0.013s] Heap Min Capacity: 512M
[2021-11-04T14:04:09.757+0100][0.013s] Heap Initial Capacity: 512M
[2021-11-04T14:04:09.757+0100][0.013s] Heap Max Capacity: 512M
[2021-11-04T14:04:09.757+0100][0.013s] Pre-touch: Enabled
[2021-11-04T14:04:09.758+0100][0.013s] Parallel Workers: 10
[2021-11-04T14:04:09.758+0100][0.013s] Concurrent Workers: 3
[2021-11-04T14:04:09.758+0100][0.013s] Concurrent Refinement Workers: 10
[2021-11-04T14:04:09.758+0100][0.013s] Periodic GC: Disabled
[2021-11-04T14:04:09.758+0100][0.013s] CDS archive(s) mapped at: [0x0000000800000000-0x0000000800bc0000-0x0000000800bc0000), size 12320768, SharedBaseAddress: 0x0000000800000000, ArchiveRelocationMode: 0.
[2021-11-04T14:04:09.758+0100][0.013s] Compressed class space mapped at: 0x0000000800c00000-0x0000000840c00000, reserved size: 1073741824
[2021-11-04T14:04:09.758+0100][0.014s] Narrow klass base: 0x0000000800000000, Narrow klass shift: 0, Narrow klass range: 0x100000000
[2021-11-04T14:04:10.450+0100][0.705s] GC(0) Pause Young (Normal) (G1 Evacuation Pause)
[2021-11-04T14:04:10.450+0100][0.706s] GC(0) Using 10 workers of 10 for evacuation
[2021-11-04T14:04:10.453+0100][0.709s] GC(0)   Pre Evacuate Collection Set: 0.1ms
[2021-11-04T14:04:10.453+0100][0.709s] GC(0)   Merge Heap Roots: 0.0ms
[2021-11-04T14:04:10.453+0100][0.709s] GC(0)   Evacuate Collection Set: 2.9ms
[2021-11-04T14:04:10.453+0100][0.709s] GC(0)   Post Evacuate Collection Set: 0.4ms
[2021-11-04T14:04:10.453+0100][0.709s] GC(0)   Other: 0.5ms
[2021-11-04T14:04:10.453+0100][0.709s] GC(0) Eden regions: 29->0(41)
[2021-11-04T14:04:10.453+0100][0.709s] GC(0) Survivor regions: 0->4(4)
[2021-11-04T14:04:10.453+0100][0.709s] GC(0) Old regions: 0->0
[2021-11-04T14:04:10.453+0100][0.709s] GC(0) Archive regions: 0->0
[2021-11-04T14:04:10.453+0100][0.709s] GC(0) Humongous regions: 0->0
[2021-11-04T14:04:10.453+0100][0.709s] GC(0) Metaspace: 7825K(8000K)->7825K(8000K) NonClass: 6935K(7040K)->6935K(7040K) Class: 889K(960K)->889K(960K)
[2021-11-04T14:04:10.453+0100][0.709s] GC(0) Pause Young (Normal) (G1 Evacuation Pause) 29M->3M(512M) 3.963ms
[2021-11-04T14:04:10.453+0100][0.709s] GC(0) User=0.00s Sys=0.00s Real=0.00s
[2021-11-04T14:04:11.185+0100][1.441s] GC(1) Pause Young (Normal) (G1 Evacuation Pause)
[2021-11-04T14:04:11.185+0100][1.441s] GC(1) Using 10 workers of 10 for evacuation
[2021-11-04T14:04:11.193+0100][1.449s] GC(1)   Pre Evacuate Collection Set: 0.1ms
[2021-11-04T14:04:11.193+0100][1.449s] GC(1)   Merge Heap Roots: 0.0ms
[2021-11-04T14:04:11.193+0100][1.449s] GC(1)   Evacuate Collection Set: 7.2ms
[2021-11-04T14:04:11.193+0100][1.449s] GC(1)   Post Evacuate Collection Set: 0.4ms
[2021-11-04T14:04:11.193+0100][1.449s] GC(1)   Other: 0.1ms
[2021-11-04T14:04:11.193+0100][1.449s] GC(1) Eden regions: 41->0(111)
[2021-11-04T14:04:11.193+0100][1.449s] GC(1) Survivor regions: 4->6(6)
[2021-11-04T14:04:11.193+0100][1.449s] GC(1) Old regions: 0->10
[2021-11-04T14:04:11.193+0100][1.449s] GC(1) Archive regions: 0->0
[2021-11-04T14:04:11.193+0100][1.449s] GC(1) Humongous regions: 4->4
[2021-11-04T14:04:11.193+0100][1.449s] GC(1) Metaspace: 15484K(15744K)->15484K(15744K) NonClass: 13688K(13824K)->13688K(13824K) Class: 1795K(1920K)->1795K(1920K)
[2021-11-04T14:04:11.193+0100][1.449s] GC(1) Pause Young (Normal) (G1 Evacuation Pause) 48M->19M(512M) 7.937ms
[2021-11-04T14:04:11.193+0100][1.449s] GC(1) User=0.16s Sys=0.00s Real=0.01s
[2021-11-04T14:04:16.341+0100][6.597s] GC(2) Pause Young (Concurrent Start) (Metadata GC Threshold)
[2021-11-04T14:04:16.341+0100][6.597s] GC(2) Using 10 workers of 10 for evacuation
[2021-11-04T14:04:16.348+0100][6.604s] GC(2)   Pre Evacuate Collection Set: 0.1ms
[2021-11-04T14:04:16.348+0100][6.604s] GC(2)   Merge Heap Roots: 0.1ms
[2021-11-04T14:04:16.348+0100][6.604s] GC(2)   Evacuate Collection Set: 5.7ms
[2021-11-04T14:04:16.348+0100][6.604s] GC(2)   Post Evacuate Collection Set: 0.7ms
[2021-11-04T14:04:16.348+0100][6.604s] GC(2)   Other: 0.3ms
[2021-11-04T14:04:16.348+0100][6.604s] GC(2) Eden regions: 46->0(219)
[2021-11-04T14:04:16.348+0100][6.604s] GC(2) Survivor regions: 6->11(15)
[2021-11-04T14:04:16.348+0100][6.604s] GC(2) Old regions: 10->10
[2021-11-04T14:04:16.348+0100][6.604s] GC(2) Archive regions: 0->0
[2021-11-04T14:04:16.348+0100][6.604s] GC(2) Humongous regions: 4->4
[2021-11-04T14:04:16.348+0100][6.604s] GC(2) Metaspace: 21214K(21504K)->21214K(21504K) NonClass: 18808K(18944K)->18808K(18944K) Class: 2405K(2560K)->2405K(2560K)
[2021-11-04T14:04:16.348+0100][6.604s] GC(2) Pause Young (Concurrent Start) (Metadata GC Threshold) 65M->24M(512M) 6.935ms
[2021-11-04T14:04:16.348+0100][6.604s] GC(2) User=0.05s Sys=0.03s Real=0.01s
[2021-11-04T14:04:16.348+0100][6.604s] GC(3) Concurrent Mark Cycle
[2021-11-04T14:04:16.348+0100][6.604s] GC(3) Concurrent Clear Claimed Marks
[2021-11-04T14:04:16.348+0100][6.604s] GC(3) Concurrent Clear Claimed Marks 0.026ms
[2021-11-04T14:04:16.348+0100][6.604s] GC(3) Concurrent Scan Root Regions
[2021-11-04T14:04:16.350+0100][6.606s] GC(3) Concurrent Scan Root Regions 2.042ms
[2021-11-04T14:04:16.350+0100][6.606s] GC(3) Concurrent Mark
[2021-11-04T14:04:16.350+0100][6.606s] GC(3) Concurrent Mark From Roots
[2021-11-04T14:04:16.350+0100][6.606s] GC(3) Using 3 workers of 3 for marking
[2021-11-04T14:04:16.357+0100][6.613s] GC(3) Concurrent Mark From Roots 6.354ms
[2021-11-04T14:04:16.357+0100][6.613s] GC(3) Concurrent Preclean
[2021-11-04T14:04:16.357+0100][6.613s] GC(3) Concurrent Preclean 0.128ms
[2021-11-04T14:04:16.357+0100][6.613s] GC(3) Pause Remark
[2021-11-04T14:04:16.358+0100][6.614s] GC(3) Pause Remark 25M->25M(512M) 1.212ms
[2021-11-04T14:04:16.358+0100][6.614s] GC(3) User=0.00s Sys=0.00s Real=0.00s
[2021-11-04T14:04:16.358+0100][6.614s] GC(3) Concurrent Mark 8.029ms
[2021-11-04T14:04:16.358+0100][6.614s] GC(3) Concurrent Rebuild Remembered Sets
[2021-11-04T14:04:16.362+0100][6.618s] GC(3) Concurrent Rebuild Remembered Sets 3.205ms
[2021-11-04T14:04:16.362+0100][6.618s] GC(3) Pause Cleanup
[2021-11-04T14:04:16.362+0100][6.618s] GC(3) Pause Cleanup 25M->25M(512M) 0.081ms
[2021-11-04T14:04:16.362+0100][6.618s] GC(3) User=0.00s Sys=0.00s Real=0.00s
[2021-11-04T14:04:16.362+0100][6.618s] GC(3) Concurrent Cleanup for Next Mark
[2021-11-04T14:04:16.362+0100][6.618s] GC(3) Concurrent Cleanup for Next Mark 0.427ms
[2021-11-04T14:04:16.363+0100][6.618s] GC(3) Concurrent Mark Cycle 14.241ms
[2021-11-04T14:04:22.436+0100][12.693s] GC(4) Pause Young (Concurrent Start) (Metadata GC Threshold)
[2021-11-04T14:04:22.436+0100][12.693s] GC(4) Using 10 workers of 10 for evacuation
[2021-11-04T14:04:22.445+0100][12.702s] GC(4)   Pre Evacuate Collection Set: 0.1ms
[2021-11-04T14:04:22.446+0100][12.702s] GC(4)   Merge Heap Roots: 0.1ms
[2021-11-04T14:04:22.446+0100][12.702s] GC(4)   Evacuate Collection Set: 8.0ms
[2021-11-04T14:04:22.446+0100][12.702s] GC(4)   Post Evacuate Collection Set: 0.7ms
[2021-11-04T14:04:22.446+0100][12.702s] GC(4)   Other: 0.2ms
[2021-11-04T14:04:22.446+0100][12.702s] GC(4) Eden regions: 99->0(285)
[2021-11-04T14:04:22.446+0100][12.702s] GC(4) Survivor regions: 11->22(31)
[2021-11-04T14:04:22.446+0100][12.702s] GC(4) Old regions: 10->10
[2021-11-04T14:04:22.446+0100][12.702s] GC(4) Archive regions: 0->0
[2021-11-04T14:04:22.446+0100][12.702s] GC(4) Humongous regions: 6->5
[2021-11-04T14:04:22.446+0100][12.702s] GC(4) Metaspace: 35912K(36160K)->35912K(36160K) NonClass: 31828K(31936K)->31828K(31936K) Class: 4083K(4224K)->4083K(4224K)
[2021-11-04T14:04:22.446+0100][12.702s] GC(4) Pause Young (Concurrent Start) (Metadata GC Threshold) 124M->35M(512M) 9.318ms
[2021-11-04T14:04:22.446+0100][12.702s] GC(4) User=0.16s Sys=0.02s Real=0.01s
[2021-11-04T14:04:22.446+0100][12.702s] GC(5) Concurrent Mark Cycle
[2021-11-04T14:04:22.446+0100][12.702s] GC(5) Concurrent Clear Claimed Marks
[2021-11-04T14:04:22.446+0100][12.702s] GC(5) Concurrent Clear Claimed Marks 0.036ms
[2021-11-04T14:04:22.446+0100][12.702s] GC(5) Concurrent Scan Root Regions
[2021-11-04T14:04:22.450+0100][12.706s] GC(5) Concurrent Scan Root Regions 3.993ms
[2021-11-04T14:04:22.450+0100][12.706s] GC(5) Concurrent Mark
[2021-11-04T14:04:22.450+0100][12.706s] GC(5) Concurrent Mark From Roots
[2021-11-04T14:04:22.450+0100][12.706s] GC(5) Using 3 workers of 3 for marking
[2021-11-04T14:04:22.458+0100][12.714s] GC(5) Concurrent Mark From Roots 8.024ms
[2021-11-04T14:04:22.458+0100][12.714s] GC(5) Concurrent Preclean
[2021-11-04T14:04:22.458+0100][12.714s] GC(5) Concurrent Preclean 0.135ms
[2021-11-04T14:04:22.458+0100][12.714s] GC(5) Pause Remark
[2021-11-04T14:04:22.460+0100][12.716s] GC(5) Pause Remark 38M->38M(512M) 1.885ms
[2021-11-04T14:04:22.460+0100][12.716s] GC(5) User=0.00s Sys=0.00s Real=0.00s
[2021-11-04T14:04:22.460+0100][12.716s] GC(5) Concurrent Mark 10.302ms
[2021-11-04T14:04:22.460+0100][12.716s] GC(5) Concurrent Rebuild Remembered Sets
[2021-11-04T14:04:22.465+0100][12.720s] GC(5) Concurrent Rebuild Remembered Sets 3.731ms
[2021-11-04T14:04:22.465+0100][12.720s] GC(5) Pause Cleanup
[2021-11-04T14:04:22.465+0100][12.721s] GC(5) Pause Cleanup 38M->38M(512M) 0.092ms
[2021-11-04T14:04:22.465+0100][12.721s] GC(5) User=0.00s Sys=0.00s Real=0.00s
[2021-11-04T14:04:22.465+0100][12.721s] GC(5) Concurrent Cleanup for Next Mark
[2021-11-04T14:04:22.466+0100][12.721s] GC(5) Concurrent Cleanup for Next Mark 0.562ms
[2021-11-04T14:04:22.466+0100][12.721s] GC(5) Concurrent Mark Cycle 19.204ms
[2021-11-04T14:04:28.430+0100][18.685s] GC(6) Pause Young (Normal) (G1 Evacuation Pause)
[2021-11-04T14:04:28.430+0100][18.685s] GC(6) Using 10 workers of 10 for evacuation
[2021-11-04T14:04:28.442+0100][18.698s] GC(6)   Pre Evacuate Collection Set: 0.1ms
[2021-11-04T14:04:28.443+0100][18.698s] GC(6)   Merge Heap Roots: 0.1ms
[2021-11-04T14:04:28.443+0100][18.698s] GC(6)   Evacuate Collection Set: 11.7ms
[2021-11-04T14:04:28.443+0100][18.698s] GC(6)   Post Evacuate Collection Set: 0.8ms
[2021-11-04T14:04:28.443+0100][18.698s] GC(6)   Other: 0.2ms
[2021-11-04T14:04:28.443+0100][18.698s] GC(6) Eden regions: 285->0(273)
[2021-11-04T14:04:28.443+0100][18.698s] GC(6) Survivor regions: 22->34(39)
[2021-11-04T14:04:28.443+0100][18.698s] GC(6) Old regions: 10->16
[2021-11-04T14:04:28.443+0100][18.698s] GC(6) Archive regions: 0->0
[2021-11-04T14:04:28.443+0100][18.698s] GC(6) Humongous regions: 11->8
[2021-11-04T14:04:28.443+0100][18.698s] GC(6) Metaspace: 51272K(51712K)->51272K(51712K) NonClass: 45153K(45376K)->45153K(45376K) Class: 6119K(6336K)->6119K(6336K)
[2021-11-04T14:04:28.443+0100][18.698s] GC(6) Pause Young (Normal) (G1 Evacuation Pause) 326M->57M(512M) 13.124ms
[2021-11-04T14:04:28.443+0100][18.698s] GC(6) User=0.17s Sys=0.00s Real=0.01s
[2021-11-04T14:08:17.017+0100][247.273s] GC(7) Pause Young (Normal) (G1 Evacuation Pause)
[2021-11-04T14:08:17.017+0100][247.273s] GC(7) Using 10 workers of 10 for evacuation
[2021-11-04T14:08:17.033+0100][247.288s] GC(7)   Pre Evacuate Collection Set: 0.1ms
[2021-11-04T14:08:17.033+0100][247.288s] GC(7)   Merge Heap Roots: 0.1ms
[2021-11-04T14:08:17.033+0100][247.289s] GC(7)   Evacuate Collection Set: 14.7ms
[2021-11-04T14:08:17.033+0100][247.289s] GC(7)   Post Evacuate Collection Set: 0.9ms
[2021-11-04T14:08:17.033+0100][247.289s] GC(7)   Other: 0.1ms
[2021-11-04T14:08:17.033+0100][247.289s] GC(7) Eden regions: 273->0(268)
[2021-11-04T14:08:17.033+0100][247.289s] GC(7) Survivor regions: 34->39(39)
[2021-11-04T14:08:17.033+0100][247.289s] GC(7) Old regions: 16->32
[2021-11-04T14:08:17.033+0100][247.289s] GC(7) Archive regions: 0->0
[2021-11-04T14:08:17.033+0100][247.289s] GC(7) Humongous regions: 11->8
[2021-11-04T14:08:17.033+0100][247.289s] GC(7) Metaspace: 55237K(55808K)->55237K(55808K) NonClass: 48699K(48960K)->48699K(48960K) Class: 6538K(6848K)->6538K(6848K)
[2021-11-04T14:08:17.033+0100][247.289s] GC(7) Pause Young (Normal) (G1 Evacuation Pause) 333M->78M(512M) 16.080ms
[2021-11-04T14:08:17.033+0100][247.289s] GC(7) User=0.17s Sys=0.00s Real=0.02s
[2021-11-04T14:08:17.200+0100][247.456s] Heap
[2021-11-04T14:08:17.200+0100][247.457s]  garbage-first heap   total 524288K, used 102261K [0x00000000e0000000, 0x0000000100000000)
[2021-11-04T14:08:17.200+0100][247.457s]   region size 1024K, 61 young (62464K), 39 survivors (39936K)
[2021-11-04T14:08:17.200+0100][247.457s]  Metaspace       used 55426K, committed 56000K, reserved 1105920K
[2021-11-04T14:08:17.201+0100][247.457s]   class space    used 6570K, committed 6848K, reserved 1048576K
