[2021-10-22T15:13:44.839+0200][0.008s] Using G1
[2021-10-22T15:13:44.844+0200][0.013s] Version: 17.0.1+12-LTS-39 (release)
[2021-10-22T15:13:44.844+0200][0.013s] CPUs: 12 total, 12 available
[2021-10-22T15:13:44.844+0200][0.013s] Memory: 32720M
[2021-10-22T15:13:44.844+0200][0.013s] Large Page Support: Enabled
[2021-10-22T15:13:44.844+0200][0.013s] NUMA Support: Disabled
[2021-10-22T15:13:44.844+0200][0.013s] Compressed Oops: Enabled (32-bit)
[2021-10-22T15:13:44.844+0200][0.013s] Heap Region Size: 1M
[2021-10-22T15:13:44.844+0200][0.013s] Heap Min Capacity: 512M
[2021-10-22T15:13:44.844+0200][0.013s] Heap Initial Capacity: 512M
[2021-10-22T15:13:44.844+0200][0.013s] Heap Max Capacity: 512M
[2021-10-22T15:13:44.845+0200][0.013s] Pre-touch: Enabled
[2021-10-22T15:13:44.845+0200][0.014s] Parallel Workers: 10
[2021-10-22T15:13:44.845+0200][0.014s] Concurrent Workers: 3
[2021-10-22T15:13:44.845+0200][0.014s] Concurrent Refinement Workers: 10
[2021-10-22T15:13:44.845+0200][0.014s] Periodic GC: Disabled
[2021-10-22T15:13:44.845+0200][0.014s] CDS archive(s) mapped at: [0x0000000800000000-0x0000000800bc0000-0x0000000800bc0000), size 12320768, SharedBaseAddress: 0x0000000800000000, ArchiveRelocationMode: 0.
[2021-10-22T15:13:44.845+0200][0.014s] Compressed class space mapped at: 0x0000000800c00000-0x0000000840c00000, reserved size: 1073741824
[2021-10-22T15:13:44.845+0200][0.014s] Narrow klass base: 0x0000000800000000, Narrow klass shift: 0, Narrow klass range: 0x100000000
[2021-10-22T15:13:45.612+0200][0.782s] GC(0) Pause Young (Normal) (G1 Evacuation Pause)
[2021-10-22T15:13:45.613+0200][0.782s] GC(0) Using 10 workers of 10 for evacuation
[2021-10-22T15:13:45.617+0200][0.786s] GC(0)   Pre Evacuate Collection Set: 0.1ms
[2021-10-22T15:13:45.617+0200][0.786s] GC(0)   Merge Heap Roots: 0.0ms
[2021-10-22T15:13:45.617+0200][0.786s] GC(0)   Evacuate Collection Set: 3.2ms
[2021-10-22T15:13:45.617+0200][0.786s] GC(0)   Post Evacuate Collection Set: 0.4ms
[2021-10-22T15:13:45.617+0200][0.786s] GC(0)   Other: 0.6ms
[2021-10-22T15:13:45.617+0200][0.786s] GC(0) Eden regions: 29->0(41)
[2021-10-22T15:13:45.617+0200][0.786s] GC(0) Survivor regions: 0->4(4)
[2021-10-22T15:13:45.617+0200][0.786s] GC(0) Old regions: 0->0
[2021-10-22T15:13:45.617+0200][0.786s] GC(0) Archive regions: 0->0
[2021-10-22T15:13:45.617+0200][0.786s] GC(0) Humongous regions: 0->0
[2021-10-22T15:13:45.617+0200][0.786s] GC(0) Metaspace: 7839K(8000K)->7839K(8000K) NonClass: 6949K(7040K)->6949K(7040K) Class: 890K(960K)->890K(960K)
[2021-10-22T15:13:45.617+0200][0.786s] GC(0) Pause Young (Normal) (G1 Evacuation Pause) 29M->3M(512M) 4.506ms
[2021-10-22T15:13:45.617+0200][0.786s] GC(0) User=0.14s Sys=0.00s Real=0.01s
[2021-10-22T15:13:46.450+0200][1.619s] GC(1) Pause Young (Normal) (G1 Evacuation Pause)
[2021-10-22T15:13:46.450+0200][1.619s] GC(1) Using 10 workers of 10 for evacuation
[2021-10-22T15:13:46.459+0200][1.628s] GC(1)   Pre Evacuate Collection Set: 0.1ms
[2021-10-22T15:13:46.459+0200][1.628s] GC(1)   Merge Heap Roots: 0.0ms
[2021-10-22T15:13:46.459+0200][1.628s] GC(1)   Evacuate Collection Set: 8.2ms
[2021-10-22T15:13:46.459+0200][1.628s] GC(1)   Post Evacuate Collection Set: 0.5ms
[2021-10-22T15:13:46.459+0200][1.628s] GC(1)   Other: 0.1ms
[2021-10-22T15:13:46.459+0200][1.628s] GC(1) Eden regions: 41->0(91)
[2021-10-22T15:13:46.459+0200][1.628s] GC(1) Survivor regions: 4->6(6)
[2021-10-22T15:13:46.459+0200][1.628s] GC(1) Old regions: 0->10
[2021-10-22T15:13:46.459+0200][1.628s] GC(1) Archive regions: 0->0
[2021-10-22T15:13:46.459+0200][1.628s] GC(1) Humongous regions: 4->4
[2021-10-22T15:13:46.459+0200][1.628s] GC(1) Metaspace: 15477K(15744K)->15477K(15744K) NonClass: 13680K(13824K)->13680K(13824K) Class: 1796K(1920K)->1796K(1920K)
[2021-10-22T15:13:46.459+0200][1.628s] GC(1) Pause Young (Normal) (G1 Evacuation Pause) 48M->19M(512M) 9.084ms
[2021-10-22T15:13:46.459+0200][1.628s] GC(1) User=0.17s Sys=0.00s Real=0.01s
[2021-10-22T15:13:51.661+0200][6.830s] GC(2) Pause Young (Concurrent Start) (Metadata GC Threshold)
[2021-10-22T15:13:51.661+0200][6.830s] GC(2) Using 10 workers of 10 for evacuation
[2021-10-22T15:13:51.667+0200][6.836s] GC(2)   Pre Evacuate Collection Set: 0.1ms
[2021-10-22T15:13:51.667+0200][6.836s] GC(2)   Merge Heap Roots: 0.1ms
[2021-10-22T15:13:51.667+0200][6.836s] GC(2)   Evacuate Collection Set: 4.4ms
[2021-10-22T15:13:51.667+0200][6.836s] GC(2)   Post Evacuate Collection Set: 0.6ms
[2021-10-22T15:13:51.667+0200][6.836s] GC(2)   Other: 0.3ms
[2021-10-22T15:13:51.667+0200][6.836s] GC(2) Eden regions: 47->0(86)
[2021-10-22T15:13:51.667+0200][6.836s] GC(2) Survivor regions: 6->12(13)
[2021-10-22T15:13:51.667+0200][6.836s] GC(2) Old regions: 10->10
[2021-10-22T15:13:51.667+0200][6.836s] GC(2) Archive regions: 0->0
[2021-10-22T15:13:51.667+0200][6.836s] GC(2) Humongous regions: 4->4
[2021-10-22T15:13:51.667+0200][6.836s] GC(2) Metaspace: 21219K(21504K)->21219K(21504K) NonClass: 18811K(18944K)->18811K(18944K) Class: 2407K(2560K)->2407K(2560K)
[2021-10-22T15:13:51.667+0200][6.836s] GC(2) Pause Young (Concurrent Start) (Metadata GC Threshold) 66M->24M(512M) 5.657ms
[2021-10-22T15:13:51.667+0200][6.836s] GC(2) User=0.03s Sys=0.00s Real=0.01s
[2021-10-22T15:13:51.667+0200][6.836s] GC(3) Concurrent Mark Cycle
[2021-10-22T15:13:51.667+0200][6.836s] GC(3) Concurrent Clear Claimed Marks
[2021-10-22T15:13:51.667+0200][6.836s] GC(3) Concurrent Clear Claimed Marks 0.029ms
[2021-10-22T15:13:51.667+0200][6.836s] GC(3) Concurrent Scan Root Regions
[2021-10-22T15:13:51.669+0200][6.838s] GC(3) Concurrent Scan Root Regions 2.284ms
[2021-10-22T15:13:51.669+0200][6.838s] GC(3) Concurrent Mark
[2021-10-22T15:13:51.669+0200][6.838s] GC(3) Concurrent Mark From Roots
[2021-10-22T15:13:51.669+0200][6.838s] GC(3) Using 3 workers of 3 for marking
[2021-10-22T15:13:51.676+0200][6.845s] GC(3) Concurrent Mark From Roots 6.833ms
[2021-10-22T15:13:51.676+0200][6.845s] GC(3) Concurrent Preclean
[2021-10-22T15:13:51.676+0200][6.845s] GC(3) Concurrent Preclean 0.120ms
[2021-10-22T15:13:51.676+0200][6.845s] GC(3) Pause Remark
[2021-10-22T15:13:51.678+0200][6.847s] GC(3) Pause Remark 25M->25M(512M) 1.292ms
[2021-10-22T15:13:51.678+0200][6.847s] GC(3) User=0.05s Sys=0.00s Real=0.00s
[2021-10-22T15:13:51.678+0200][6.847s] GC(3) Concurrent Mark 8.473ms
[2021-10-22T15:13:51.678+0200][6.847s] GC(3) Concurrent Rebuild Remembered Sets
[2021-10-22T15:13:51.681+0200][6.850s] GC(3) Concurrent Rebuild Remembered Sets 3.331ms
[2021-10-22T15:13:51.681+0200][6.850s] GC(3) Pause Cleanup
[2021-10-22T15:13:51.681+0200][6.850s] GC(3) Pause Cleanup 26M->26M(512M) 0.080ms
[2021-10-22T15:13:51.681+0200][6.850s] GC(3) User=0.00s Sys=0.00s Real=0.00s
[2021-10-22T15:13:51.682+0200][6.851s] GC(3) Concurrent Cleanup for Next Mark
[2021-10-22T15:13:51.682+0200][6.851s] GC(3) Concurrent Cleanup for Next Mark 0.382ms
[2021-10-22T15:13:51.682+0200][6.851s] GC(3) Concurrent Mark Cycle 15.047ms
[2021-10-22T15:13:57.579+0200][12.748s] GC(4) Pause Young (Concurrent Start) (Metadata GC Threshold)
[2021-10-22T15:13:57.579+0200][12.748s] GC(4) Using 10 workers of 10 for evacuation
[2021-10-22T15:13:57.587+0200][12.755s] GC(4)   Pre Evacuate Collection Set: 0.1ms
[2021-10-22T15:13:57.587+0200][12.755s] GC(4)   Merge Heap Roots: 0.1ms
[2021-10-22T15:13:57.587+0200][12.755s] GC(4)   Evacuate Collection Set: 6.7ms
[2021-10-22T15:13:57.587+0200][12.755s] GC(4)   Post Evacuate Collection Set: 0.6ms
[2021-10-22T15:13:57.587+0200][12.755s] GC(4)   Other: 0.2ms
[2021-10-22T15:13:57.587+0200][12.755s] GC(4) Eden regions: 85->0(295)
[2021-10-22T15:13:57.587+0200][12.755s] GC(4) Survivor regions: 12->12(13)
[2021-10-22T15:13:57.587+0200][12.755s] GC(4) Old regions: 10->16
[2021-10-22T15:13:57.587+0200][12.756s] GC(4) Archive regions: 0->0
[2021-10-22T15:13:57.587+0200][12.756s] GC(4) Humongous regions: 4->4
[2021-10-22T15:13:57.587+0200][12.756s] GC(4) Metaspace: 35846K(36096K)->35846K(36096K) NonClass: 31744K(31872K)->31744K(31872K) Class: 4101K(4224K)->4101K(4224K)
[2021-10-22T15:13:57.587+0200][12.756s] GC(4) Pause Young (Concurrent Start) (Metadata GC Threshold) 109M->31M(512M) 7.771ms
[2021-10-22T15:13:57.587+0200][12.756s] GC(4) User=0.16s Sys=0.00s Real=0.01s
[2021-10-22T15:13:57.587+0200][12.756s] GC(5) Concurrent Mark Cycle
[2021-10-22T15:13:57.587+0200][12.756s] GC(5) Concurrent Clear Claimed Marks
[2021-10-22T15:13:57.587+0200][12.756s] GC(5) Concurrent Clear Claimed Marks 0.031ms
[2021-10-22T15:13:57.587+0200][12.756s] GC(5) Concurrent Scan Root Regions
[2021-10-22T15:13:57.590+0200][12.759s] GC(5) Concurrent Scan Root Regions 2.895ms
[2021-10-22T15:13:57.590+0200][12.759s] GC(5) Concurrent Mark
[2021-10-22T15:13:57.590+0200][12.759s] GC(5) Concurrent Mark From Roots
[2021-10-22T15:13:57.590+0200][12.759s] GC(5) Using 3 workers of 3 for marking
[2021-10-22T15:13:57.596+0200][12.765s] GC(5) Concurrent Mark From Roots 6.383ms
[2021-10-22T15:13:57.596+0200][12.765s] GC(5) Concurrent Preclean
[2021-10-22T15:13:57.596+0200][12.765s] GC(5) Concurrent Preclean 0.097ms
[2021-10-22T15:13:57.596+0200][12.765s] GC(5) Pause Remark
[2021-10-22T15:13:57.598+0200][12.767s] GC(5) Pause Remark 32M->32M(512M) 1.520ms
[2021-10-22T15:13:57.598+0200][12.767s] GC(5) User=0.00s Sys=0.00s Real=0.00s
[2021-10-22T15:13:57.598+0200][12.767s] GC(5) Concurrent Mark 8.204ms
[2021-10-22T15:13:57.598+0200][12.767s] GC(5) Concurrent Rebuild Remembered Sets
[2021-10-22T15:13:57.602+0200][12.771s] GC(5) Concurrent Rebuild Remembered Sets 4.241ms
[2021-10-22T15:13:57.602+0200][12.771s] GC(5) Pause Cleanup
[2021-10-22T15:13:57.603+0200][12.771s] GC(5) Pause Cleanup 33M->33M(512M) 0.120ms
[2021-10-22T15:13:57.603+0200][12.771s] GC(5) User=0.00s Sys=0.00s Real=0.00s
[2021-10-22T15:13:57.603+0200][12.771s] GC(5) Concurrent Cleanup for Next Mark
[2021-10-22T15:13:57.603+0200][12.772s] GC(5) Concurrent Cleanup for Next Mark 0.443ms
[2021-10-22T15:13:57.603+0200][12.772s] GC(5) Concurrent Mark Cycle 16.288ms
[2021-10-22T15:15:35.991+0200][111.160s] GC(6) Pause Young (Normal) (G1 Evacuation Pause)
[2021-10-22T15:15:35.991+0200][111.160s] GC(6) Using 10 workers of 10 for evacuation
[2021-10-22T15:15:36.009+0200][111.177s] GC(6)   Pre Evacuate Collection Set: 0.1ms
[2021-10-22T15:15:36.009+0200][111.178s] GC(6)   Merge Heap Roots: 0.1ms
[2021-10-22T15:15:36.009+0200][111.178s] GC(6)   Evacuate Collection Set: 14.0ms
[2021-10-22T15:15:36.009+0200][111.178s] GC(6)   Post Evacuate Collection Set: 3.2ms
[2021-10-22T15:15:36.009+0200][111.178s] GC(6)   Other: 0.3ms
[2021-10-22T15:15:36.009+0200][111.178s] GC(6) Eden regions: 295->0(270)
[2021-10-22T15:15:36.009+0200][111.178s] GC(6) Survivor regions: 12->37(39)
[2021-10-22T15:15:36.009+0200][111.178s] GC(6) Old regions: 16->16
[2021-10-22T15:15:36.009+0200][111.178s] GC(6) Archive regions: 0->0
[2021-10-22T15:15:36.009+0200][111.178s] GC(6) Humongous regions: 14->8
[2021-10-22T15:15:36.009+0200][111.178s] GC(6) Metaspace: 52841K(53184K)->52841K(53184K) NonClass: 46562K(46720K)->46562K(46720K) Class: 6278K(6464K)->6278K(6464K)
[2021-10-22T15:15:36.009+0200][111.178s] GC(6) Pause Young (Normal) (G1 Evacuation Pause) 336M->59M(512M) 18.041ms
[2021-10-22T15:15:36.009+0200][111.178s] GC(6) User=0.06s Sys=0.00s Real=0.02s
[2021-10-22T15:56:12.611+0200][2547.780s] GC(7) Pause Young (Normal) (G1 Evacuation Pause)
[2021-10-22T15:56:12.611+0200][2547.780s] GC(7) Using 10 workers of 10 for evacuation
[2021-10-22T15:56:12.621+0200][2547.791s] GC(7)   Pre Evacuate Collection Set: 0.1ms
[2021-10-22T15:56:12.621+0200][2547.791s] GC(7)   Merge Heap Roots: 0.1ms
[2021-10-22T15:56:12.621+0200][2547.791s] GC(7)   Evacuate Collection Set: 9.5ms
[2021-10-22T15:56:12.621+0200][2547.791s] GC(7)   Post Evacuate Collection Set: 0.9ms
[2021-10-22T15:56:12.621+0200][2547.791s] GC(7)   Other: 0.3ms
[2021-10-22T15:56:12.621+0200][2547.791s] GC(7) Eden regions: 270->0(299)
[2021-10-22T15:56:12.621+0200][2547.791s] GC(7) Survivor regions: 37->8(39)
[2021-10-22T15:56:12.621+0200][2547.791s] GC(7) Old regions: 16->46
[2021-10-22T15:56:12.621+0200][2547.791s] GC(7) Archive regions: 0->0
[2021-10-22T15:56:12.621+0200][2547.791s] GC(7) Humongous regions: 8->8
[2021-10-22T15:56:12.621+0200][2547.791s] GC(7) Metaspace: 59253K(59776K)->59253K(59776K) NonClass: 52384K(52672K)->52384K(52672K) Class: 6868K(7104K)->6868K(7104K)
[2021-10-22T15:56:12.621+0200][2547.791s] GC(7) Pause Young (Normal) (G1 Evacuation Pause) 329M->61M(512M) 10.969ms
[2021-10-22T15:56:12.622+0200][2547.791s] GC(7) User=0.14s Sys=0.00s Real=0.01s
[2021-10-22T16:05:36.323+0200][3111.492s] GC(8) Pause Young (Concurrent Start) (Metadata GC Threshold)
[2021-10-22T16:05:36.323+0200][3111.492s] GC(8) Using 10 workers of 10 for evacuation
[2021-10-22T16:05:36.328+0200][3111.497s] GC(8)   Pre Evacuate Collection Set: 0.1ms
[2021-10-22T16:05:36.328+0200][3111.497s] GC(8)   Merge Heap Roots: 0.1ms
[2021-10-22T16:05:36.328+0200][3111.497s] GC(8)   Evacuate Collection Set: 4.2ms
[2021-10-22T16:05:36.328+0200][3111.497s] GC(8)   Post Evacuate Collection Set: 0.6ms
[2021-10-22T16:05:36.328+0200][3111.497s] GC(8)   Other: 0.2ms
[2021-10-22T16:05:36.328+0200][3111.497s] GC(8) Eden regions: 99->0(295)
[2021-10-22T16:05:36.328+0200][3111.497s] GC(8) Survivor regions: 8->12(39)
[2021-10-22T16:05:36.328+0200][3111.497s] GC(8) Old regions: 46->46
[2021-10-22T16:05:36.328+0200][3111.497s] GC(8) Archive regions: 0->0
[2021-10-22T16:05:36.328+0200][3111.497s] GC(8) Humongous regions: 8->8
[2021-10-22T16:05:36.328+0200][3111.497s] GC(8) Metaspace: 59947K(60480K)->59947K(60480K) NonClass: 52989K(53248K)->52989K(53248K) Class: 6957K(7232K)->6957K(7232K)
[2021-10-22T16:05:36.328+0200][3111.497s] GC(8) Pause Young (Concurrent Start) (Metadata GC Threshold) 160M->65M(512M) 5.291ms
[2021-10-22T16:05:36.328+0200][3111.497s] GC(8) User=0.00s Sys=0.00s Real=0.01s
[2021-10-22T16:05:36.328+0200][3111.497s] GC(9) Concurrent Mark Cycle
[2021-10-22T16:05:36.328+0200][3111.497s] GC(9) Concurrent Clear Claimed Marks
[2021-10-22T16:05:36.328+0200][3111.497s] GC(9) Concurrent Clear Claimed Marks 0.071ms
[2021-10-22T16:05:36.328+0200][3111.497s] GC(9) Concurrent Scan Root Regions
[2021-10-22T16:05:36.331+0200][3111.500s] GC(9) Concurrent Scan Root Regions 3.294ms
[2021-10-22T16:05:36.331+0200][3111.500s] GC(9) Concurrent Mark
[2021-10-22T16:05:36.332+0200][3111.500s] GC(9) Concurrent Mark From Roots
[2021-10-22T16:05:36.332+0200][3111.501s] GC(9) Using 3 workers of 3 for marking
[2021-10-22T16:05:36.354+0200][3111.523s] GC(9) Concurrent Mark From Roots 22.519ms
[2021-10-22T16:05:36.354+0200][3111.523s] GC(9) Concurrent Preclean
[2021-10-22T16:05:36.355+0200][3111.524s] GC(9) Concurrent Preclean 0.562ms
[2021-10-22T16:05:36.355+0200][3111.524s] GC(9) Pause Remark
[2021-10-22T16:05:36.363+0200][3111.532s] GC(9) Pause Remark 66M->66M(512M) 8.267ms
[2021-10-22T16:05:36.363+0200][3111.532s] GC(9) User=0.00s Sys=0.00s Real=0.01s
[2021-10-22T16:05:36.363+0200][3111.532s] GC(9) Concurrent Mark 31.666ms
[2021-10-22T16:05:36.363+0200][3111.532s] GC(9) Concurrent Rebuild Remembered Sets
[2021-10-22T16:05:36.374+0200][3111.543s] GC(9) Concurrent Rebuild Remembered Sets 10.613ms
[2021-10-22T16:05:36.374+0200][3111.543s] GC(9) Pause Cleanup
[2021-10-22T16:05:36.374+0200][3111.543s] GC(9) Pause Cleanup 66M->66M(512M) 0.124ms
[2021-10-22T16:05:36.374+0200][3111.543s] GC(9) User=0.00s Sys=0.00s Real=0.00s
[2021-10-22T16:05:36.374+0200][3111.543s] GC(9) Concurrent Cleanup for Next Mark
[2021-10-22T16:05:36.375+0200][3111.543s] GC(9) Concurrent Cleanup for Next Mark 0.451ms
[2021-10-22T16:05:36.375+0200][3111.544s] GC(9) Concurrent Mark Cycle 46.579ms
[2021-10-22T16:40:53.365+0200][5228.534s] Heap
[2021-10-22T16:40:53.365+0200][5228.534s]  garbage-first heap   total 524288K, used 131261K [0x00000000e0000000, 0x0000000100000000)
[2021-10-22T16:40:53.365+0200][5228.534s]   region size 1024K, 75 young (76800K), 12 survivors (12288K)
[2021-10-22T16:40:53.365+0200][5228.534s]  Metaspace       used 60673K, committed 61120K, reserved 1105920K
[2021-10-22T16:40:53.365+0200][5228.534s]   class space    used 7022K, committed 7232K, reserved 1048576K
