[2021-11-04T14:08:54.897+0100][0.019s] Using G1
[2021-11-04T14:08:54.903+0100][0.025s] Version: 17.0.1+12-LTS-39 (release)
[2021-11-04T14:08:54.903+0100][0.025s] CPUs: 12 total, 12 available
[2021-11-04T14:08:54.903+0100][0.025s] Memory: 32720M
[2021-11-04T14:08:54.903+0100][0.025s] Large Page Support: Enabled
[2021-11-04T14:08:54.903+0100][0.025s] NUMA Support: Disabled
[2021-11-04T14:08:54.903+0100][0.025s] Compressed Oops: Enabled (32-bit)
[2021-11-04T14:08:54.903+0100][0.025s] Heap Region Size: 1M
[2021-11-04T14:08:54.903+0100][0.025s] Heap Min Capacity: 512M
[2021-11-04T14:08:54.903+0100][0.025s] Heap Initial Capacity: 512M
[2021-11-04T14:08:54.903+0100][0.025s] Heap Max Capacity: 512M
[2021-11-04T14:08:54.903+0100][0.025s] Pre-touch: Enabled
[2021-11-04T14:08:54.903+0100][0.025s] Parallel Workers: 10
[2021-11-04T14:08:54.904+0100][0.025s] Concurrent Workers: 3
[2021-11-04T14:08:54.904+0100][0.025s] Concurrent Refinement Workers: 10
[2021-11-04T14:08:54.904+0100][0.025s] Periodic GC: Disabled
[2021-11-04T14:08:54.904+0100][0.025s] CDS archive(s) mapped at: [0x0000000800000000-0x0000000800bc0000-0x0000000800bc0000), size 12320768, SharedBaseAddress: 0x0000000800000000, ArchiveRelocationMode: 0.
[2021-11-04T14:08:54.904+0100][0.025s] Compressed class space mapped at: 0x0000000800c00000-0x0000000840c00000, reserved size: 1073741824
[2021-11-04T14:08:54.904+0100][0.025s] Narrow klass base: 0x0000000800000000, Narrow klass shift: 0, Narrow klass range: 0x100000000
[2021-11-04T14:08:55.564+0100][0.686s] GC(0) Pause Young (Normal) (G1 Evacuation Pause)
[2021-11-04T14:08:55.565+0100][0.686s] GC(0) Using 10 workers of 10 for evacuation
[2021-11-04T14:08:55.568+0100][0.689s] GC(0)   Pre Evacuate Collection Set: 0.1ms
[2021-11-04T14:08:55.568+0100][0.689s] GC(0)   Merge Heap Roots: 0.0ms
[2021-11-04T14:08:55.568+0100][0.689s] GC(0)   Evacuate Collection Set: 2.7ms
[2021-11-04T14:08:55.568+0100][0.689s] GC(0)   Post Evacuate Collection Set: 0.3ms
[2021-11-04T14:08:55.568+0100][0.689s] GC(0)   Other: 0.7ms
[2021-11-04T14:08:55.568+0100][0.690s] GC(0) Eden regions: 29->0(42)
[2021-11-04T14:08:55.568+0100][0.690s] GC(0) Survivor regions: 0->4(4)
[2021-11-04T14:08:55.568+0100][0.690s] GC(0) Old regions: 0->0
[2021-11-04T14:08:55.568+0100][0.690s] GC(0) Archive regions: 0->0
[2021-11-04T14:08:55.568+0100][0.690s] GC(0) Humongous regions: 0->0
[2021-11-04T14:08:55.568+0100][0.690s] GC(0) Metaspace: 6903K(7040K)->6903K(7040K) NonClass: 6099K(6144K)->6099K(6144K) Class: 803K(896K)->803K(896K)
[2021-11-04T14:08:55.568+0100][0.690s] GC(0) Pause Young (Normal) (G1 Evacuation Pause) 29M->3M(512M) 3.952ms
[2021-11-04T14:08:55.568+0100][0.690s] GC(0) User=0.14s Sys=0.00s Real=0.00s
[2021-11-04T14:08:56.323+0100][1.446s] GC(1) Pause Young (Normal) (G1 Evacuation Pause)
[2021-11-04T14:08:56.324+0100][1.446s] GC(1) Using 10 workers of 10 for evacuation
[2021-11-04T14:08:56.331+0100][1.453s] GC(1)   Pre Evacuate Collection Set: 0.1ms
[2021-11-04T14:08:56.331+0100][1.453s] GC(1)   Merge Heap Roots: 0.0ms
[2021-11-04T14:08:56.331+0100][1.453s] GC(1)   Evacuate Collection Set: 7.1ms
[2021-11-04T14:08:56.331+0100][1.453s] GC(1)   Post Evacuate Collection Set: 0.4ms
[2021-11-04T14:08:56.331+0100][1.453s] GC(1)   Other: 0.2ms
[2021-11-04T14:08:56.331+0100][1.453s] GC(1) Eden regions: 42->0(77)
[2021-11-04T14:08:56.331+0100][1.453s] GC(1) Survivor regions: 4->6(6)
[2021-11-04T14:08:56.331+0100][1.453s] GC(1) Old regions: 0->10
[2021-11-04T14:08:56.331+0100][1.453s] GC(1) Archive regions: 0->0
[2021-11-04T14:08:56.331+0100][1.453s] GC(1) Humongous regions: 4->4
[2021-11-04T14:08:56.331+0100][1.453s] GC(1) Metaspace: 15478K(15744K)->15478K(15744K) NonClass: 13679K(13824K)->13679K(13824K) Class: 1798K(1920K)->1798K(1920K)
[2021-11-04T14:08:56.331+0100][1.453s] GC(1) Pause Young (Normal) (G1 Evacuation Pause) 49M->19M(512M) 7.922ms
[2021-11-04T14:08:56.331+0100][1.454s] GC(1) User=0.00s Sys=0.00s Real=0.01s
[2021-11-04T14:09:01.487+0100][6.609s] GC(2) Pause Young (Concurrent Start) (Metadata GC Threshold)
[2021-11-04T14:09:01.487+0100][6.609s] GC(2) Using 10 workers of 10 for evacuation
[2021-11-04T14:09:01.492+0100][6.614s] GC(2)   Pre Evacuate Collection Set: 0.1ms
[2021-11-04T14:09:01.493+0100][6.614s] GC(2)   Merge Heap Roots: 0.0ms
[2021-11-04T14:09:01.493+0100][6.614s] GC(2)   Evacuate Collection Set: 4.5ms
[2021-11-04T14:09:01.493+0100][6.614s] GC(2)   Post Evacuate Collection Set: 0.5ms
[2021-11-04T14:09:01.493+0100][6.614s] GC(2)   Other: 0.3ms
[2021-11-04T14:09:01.493+0100][6.614s] GC(2) Eden regions: 46->0(78)
[2021-11-04T14:09:01.493+0100][6.614s] GC(2) Survivor regions: 6->6(11)
[2021-11-04T14:09:01.493+0100][6.614s] GC(2) Old regions: 10->16
[2021-11-04T14:09:01.493+0100][6.614s] GC(2) Archive regions: 0->0
[2021-11-04T14:09:01.493+0100][6.614s] GC(2) Humongous regions: 4->4
[2021-11-04T14:09:01.493+0100][6.614s] GC(2) Metaspace: 21275K(21504K)->21275K(21504K) NonClass: 18858K(18944K)->18858K(18944K) Class: 2417K(2560K)->2417K(2560K)
[2021-11-04T14:09:01.493+0100][6.614s] GC(2) Pause Young (Concurrent Start) (Metadata GC Threshold) 65M->25M(512M) 5.592ms
[2021-11-04T14:09:01.493+0100][6.614s] GC(2) User=0.17s Sys=0.00s Real=0.01s
[2021-11-04T14:09:01.493+0100][6.614s] GC(3) Concurrent Mark Cycle
[2021-11-04T14:09:01.493+0100][6.614s] GC(3) Concurrent Clear Claimed Marks
[2021-11-04T14:09:01.493+0100][6.614s] GC(3) Concurrent Clear Claimed Marks 0.032ms
[2021-11-04T14:09:01.493+0100][6.614s] GC(3) Concurrent Scan Root Regions
[2021-11-04T14:09:01.495+0100][6.616s] GC(3) Concurrent Scan Root Regions 1.815ms
[2021-11-04T14:09:01.495+0100][6.616s] GC(3) Concurrent Mark
[2021-11-04T14:09:01.495+0100][6.616s] GC(3) Concurrent Mark From Roots
[2021-11-04T14:09:01.495+0100][6.616s] GC(3) Using 3 workers of 3 for marking
[2021-11-04T14:09:01.500+0100][6.621s] GC(3) Concurrent Mark From Roots 5.020ms
[2021-11-04T14:09:01.500+0100][6.621s] GC(3) Concurrent Preclean
[2021-11-04T14:09:01.500+0100][6.621s] GC(3) Concurrent Preclean 0.090ms
[2021-11-04T14:09:01.500+0100][6.621s] GC(3) Pause Remark
[2021-11-04T14:09:01.501+0100][6.623s] GC(3) Pause Remark 26M->26M(512M) 1.067ms
[2021-11-04T14:09:01.501+0100][6.623s] GC(3) User=0.00s Sys=0.00s Real=0.00s
[2021-11-04T14:09:01.501+0100][6.623s] GC(3) Concurrent Mark 6.349ms
[2021-11-04T14:09:01.501+0100][6.623s] GC(3) Concurrent Rebuild Remembered Sets
[2021-11-04T14:09:01.505+0100][6.626s] GC(3) Concurrent Rebuild Remembered Sets 3.617ms
[2021-11-04T14:09:01.505+0100][6.626s] GC(3) Pause Cleanup
[2021-11-04T14:09:01.505+0100][6.626s] GC(3) Pause Cleanup 26M->26M(512M) 0.081ms
[2021-11-04T14:09:01.505+0100][6.626s] GC(3) User=0.00s Sys=0.00s Real=0.00s
[2021-11-04T14:09:01.505+0100][6.626s] GC(3) Concurrent Cleanup for Next Mark
[2021-11-04T14:09:01.506+0100][6.627s] GC(3) Concurrent Cleanup for Next Mark 0.398ms
[2021-11-04T14:09:01.506+0100][6.627s] GC(3) Concurrent Mark Cycle 12.628ms
[2021-11-04T14:09:07.388+0100][12.509s] GC(4) Pause Young (Prepare Mixed) (G1 Evacuation Pause)
[2021-11-04T14:09:07.388+0100][12.509s] GC(4) Using 10 workers of 10 for evacuation
[2021-11-04T14:09:07.393+0100][12.515s] GC(4)   Pre Evacuate Collection Set: 0.1ms
[2021-11-04T14:09:07.393+0100][12.515s] GC(4)   Merge Heap Roots: 0.0ms
[2021-11-04T14:09:07.393+0100][12.515s] GC(4)   Evacuate Collection Set: 4.6ms
[2021-11-04T14:09:07.393+0100][12.515s] GC(4)   Post Evacuate Collection Set: 0.5ms
[2021-11-04T14:09:07.393+0100][12.515s] GC(4)   Other: 0.2ms
[2021-11-04T14:09:07.393+0100][12.515s] GC(4) Eden regions: 84->0(13)
[2021-11-04T14:09:07.393+0100][12.515s] GC(4) Survivor regions: 6->12(12)
[2021-11-04T14:09:07.393+0100][12.515s] GC(4) Old regions: 16->17
[2021-11-04T14:09:07.393+0100][12.515s] GC(4) Archive regions: 0->0
[2021-11-04T14:09:07.393+0100][12.515s] GC(4) Humongous regions: 4->4
[2021-11-04T14:09:07.393+0100][12.515s] GC(4) Metaspace: 35456K(35776K)->35456K(35776K) NonClass: 31423K(31616K)->31423K(31616K) Class: 4033K(4160K)->4033K(4160K)
[2021-11-04T14:09:07.393+0100][12.515s] GC(4) Pause Young (Prepare Mixed) (G1 Evacuation Pause) 109M->32M(512M) 5.618ms
[2021-11-04T14:09:07.393+0100][12.515s] GC(4) User=0.00s Sys=0.00s Real=0.00s
[2021-11-04T14:09:07.439+0100][12.561s] GC(5) Pause Young (Mixed) (Metadata GC Threshold)
[2021-11-04T14:09:07.439+0100][12.561s] GC(5) Using 10 workers of 10 for evacuation
[2021-11-04T14:09:07.444+0100][12.566s] GC(5)   Pre Evacuate Collection Set: 0.1ms
[2021-11-04T14:09:07.444+0100][12.566s] GC(5)   Merge Heap Roots: 0.0ms
[2021-11-04T14:09:07.444+0100][12.566s] GC(5)   Evacuate Collection Set: 4.0ms
[2021-11-04T14:09:07.445+0100][12.566s] GC(5)   Post Evacuate Collection Set: 0.5ms
[2021-11-04T14:09:07.445+0100][12.566s] GC(5)   Other: 0.2ms
[2021-11-04T14:09:07.445+0100][12.566s] GC(5) Eden regions: 11->0(303)
[2021-11-04T14:09:07.445+0100][12.566s] GC(5) Survivor regions: 12->4(4)
[2021-11-04T14:09:07.445+0100][12.566s] GC(5) Old regions: 17->29
[2021-11-04T14:09:07.445+0100][12.566s] GC(5) Archive regions: 0->0
[2021-11-04T14:09:07.445+0100][12.566s] GC(5) Humongous regions: 6->5
[2021-11-04T14:09:07.445+0100][12.566s] GC(5) Metaspace: 36020K(36288K)->36020K(36288K) NonClass: 31920K(32064K)->31920K(32064K) Class: 4100K(4224K)->4100K(4224K)
[2021-11-04T14:09:07.445+0100][12.566s] GC(5) Pause Young (Mixed) (Metadata GC Threshold) 44M->37M(512M) 5.186ms
[2021-11-04T14:09:07.445+0100][12.566s] GC(5) User=0.14s Sys=0.02s Real=0.01s
[2021-11-04T14:09:07.461+0100][12.583s] GC(6) Pause Young (Concurrent Start) (Metadata GC Threshold)
[2021-11-04T14:09:07.461+0100][12.583s] GC(6) Using 10 workers of 10 for evacuation
[2021-11-04T14:09:07.463+0100][12.584s] GC(6)   Pre Evacuate Collection Set: 0.1ms
[2021-11-04T14:09:07.463+0100][12.585s] GC(6)   Merge Heap Roots: 0.0ms
[2021-11-04T14:09:07.463+0100][12.585s] GC(6)   Evacuate Collection Set: 1.1ms
[2021-11-04T14:09:07.463+0100][12.585s] GC(6)   Post Evacuate Collection Set: 0.3ms
[2021-11-04T14:09:07.463+0100][12.585s] GC(6)   Other: 0.2ms
[2021-11-04T14:09:07.463+0100][12.585s] GC(6) Eden regions: 3->0(302)
[2021-11-04T14:09:07.463+0100][12.585s] GC(6) Survivor regions: 4->4(39)
[2021-11-04T14:09:07.463+0100][12.585s] GC(6) Old regions: 29->29
[2021-11-04T14:09:07.463+0100][12.585s] GC(6) Archive regions: 0->0
[2021-11-04T14:09:07.463+0100][12.585s] GC(6) Humongous regions: 5->5
[2021-11-04T14:09:07.463+0100][12.585s] GC(6) Metaspace: 36344K(36608K)->36344K(36608K) NonClass: 32204K(32320K)->32204K(32320K) Class: 4140K(4288K)->4140K(4288K)
[2021-11-04T14:09:07.463+0100][12.585s] GC(6) Pause Young (Concurrent Start) (Metadata GC Threshold) 40M->37M(512M) 1.946ms
[2021-11-04T14:09:07.463+0100][12.585s] GC(6) User=0.00s Sys=0.00s Real=0.00s
[2021-11-04T14:09:07.463+0100][12.585s] GC(7) Concurrent Mark Cycle
[2021-11-04T14:09:07.464+0100][12.585s] GC(7) Concurrent Clear Claimed Marks
[2021-11-04T14:09:07.464+0100][12.585s] GC(7) Concurrent Clear Claimed Marks 0.036ms
[2021-11-04T14:09:07.464+0100][12.585s] GC(7) Concurrent Scan Root Regions
[2021-11-04T14:09:07.464+0100][12.586s] GC(7) Concurrent Scan Root Regions 0.762ms
[2021-11-04T14:09:07.464+0100][12.586s] GC(7) Concurrent Mark
[2021-11-04T14:09:07.464+0100][12.586s] GC(7) Concurrent Mark From Roots
[2021-11-04T14:09:07.464+0100][12.586s] GC(7) Using 3 workers of 3 for marking
[2021-11-04T14:09:07.483+0100][12.605s] GC(7) Concurrent Mark From Roots 18.941ms
[2021-11-04T14:09:07.483+0100][12.605s] GC(7) Concurrent Preclean
[2021-11-04T14:09:07.484+0100][12.605s] GC(7) Concurrent Preclean 0.180ms
[2021-11-04T14:09:07.484+0100][12.605s] GC(7) Pause Remark
[2021-11-04T14:09:07.488+0100][12.609s] GC(7) Pause Remark 40M->40M(512M) 4.073ms
[2021-11-04T14:09:07.488+0100][12.609s] GC(7) User=0.00s Sys=0.00s Real=0.00s
[2021-11-04T14:09:07.488+0100][12.609s] GC(7) Concurrent Mark 23.457ms
[2021-11-04T14:09:07.488+0100][12.609s] GC(7) Concurrent Rebuild Remembered Sets
[2021-11-04T14:09:07.496+0100][12.617s] GC(7) Concurrent Rebuild Remembered Sets 7.987ms
[2021-11-04T14:09:07.497+0100][12.618s] GC(7) Pause Cleanup
[2021-11-04T14:09:07.497+0100][12.618s] GC(7) Pause Cleanup 41M->41M(512M) 0.134ms
[2021-11-04T14:09:07.497+0100][12.618s] GC(7) User=0.00s Sys=0.00s Real=0.00s
[2021-11-04T14:09:07.497+0100][12.618s] GC(7) Concurrent Cleanup for Next Mark
[2021-11-04T14:09:07.498+0100][12.619s] GC(7) Concurrent Cleanup for Next Mark 0.669ms
[2021-11-04T14:09:07.498+0100][12.619s] GC(7) Concurrent Mark Cycle 34.284ms
[2021-11-04T14:09:13.520+0100][18.641s] GC(8) Pause Young (Concurrent Start) (G1 Evacuation Pause)
[2021-11-04T14:09:13.520+0100][18.641s] GC(8) Using 10 workers of 10 for evacuation
[2021-11-04T14:09:13.531+0100][18.653s] GC(8)   Pre Evacuate Collection Set: 0.1ms
[2021-11-04T14:09:13.531+0100][18.653s] GC(8)   Merge Heap Roots: 0.1ms
[2021-11-04T14:09:13.531+0100][18.653s] GC(8)   Evacuate Collection Set: 10.3ms
[2021-11-04T14:09:13.531+0100][18.653s] GC(8)   Post Evacuate Collection Set: 0.7ms
[2021-11-04T14:09:13.531+0100][18.653s] GC(8)   Other: 0.2ms
[2021-11-04T14:09:13.531+0100][18.653s] GC(8) Eden regions: 302->0(280)
[2021-11-04T14:09:13.531+0100][18.653s] GC(8) Survivor regions: 4->27(39)
[2021-11-04T14:09:13.531+0100][18.653s] GC(8) Old regions: 29->29
[2021-11-04T14:09:13.531+0100][18.653s] GC(8) Archive regions: 0->0
[2021-11-04T14:09:13.531+0100][18.653s] GC(8) Humongous regions: 7->5
[2021-11-04T14:09:13.531+0100][18.653s] GC(8) Metaspace: 50416K(50880K)->50416K(50880K) NonClass: 44360K(44608K)->44360K(44608K) Class: 6056K(6272K)->6056K(6272K)
[2021-11-04T14:09:13.531+0100][18.653s] GC(8) Pause Young (Concurrent Start) (G1 Evacuation Pause) 341M->59M(512M) 11.641ms
[2021-11-04T14:09:13.531+0100][18.653s] GC(8) User=0.00s Sys=0.00s Real=0.01s
[2021-11-04T14:09:13.531+0100][18.653s] GC(9) Concurrent Mark Cycle
[2021-11-04T14:09:13.531+0100][18.653s] GC(9) Concurrent Clear Claimed Marks
[2021-11-04T14:09:13.532+0100][18.653s] GC(9) Concurrent Clear Claimed Marks 0.062ms
[2021-11-04T14:09:13.532+0100][18.653s] GC(9) Concurrent Scan Root Regions
[2021-11-04T14:09:13.537+0100][18.659s] GC(9) Concurrent Scan Root Regions 5.887ms
[2021-11-04T14:09:13.537+0100][18.659s] GC(9) Concurrent Mark
[2021-11-04T14:09:13.537+0100][18.659s] GC(9) Concurrent Mark From Roots
[2021-11-04T14:09:13.537+0100][18.659s] GC(9) Using 3 workers of 3 for marking
[2021-11-04T14:09:13.554+0100][18.675s] GC(9) Concurrent Mark From Roots 16.091ms
[2021-11-04T14:09:13.554+0100][18.675s] GC(9) Concurrent Preclean
[2021-11-04T14:09:13.554+0100][18.675s] GC(9) Concurrent Preclean 0.203ms
[2021-11-04T14:09:13.554+0100][18.675s] GC(9) Pause Remark
[2021-11-04T14:09:13.556+0100][18.678s] GC(9) Pause Remark 61M->61M(512M) 2.241ms
[2021-11-04T14:09:13.556+0100][18.678s] GC(9) User=0.00s Sys=0.00s Real=0.00s
[2021-11-04T14:09:13.556+0100][18.678s] GC(9) Concurrent Mark 18.804ms
[2021-11-04T14:09:13.556+0100][18.678s] GC(9) Concurrent Rebuild Remembered Sets
[2021-11-04T14:09:13.564+0100][18.685s] GC(9) Concurrent Rebuild Remembered Sets 7.343ms
[2021-11-04T14:09:13.564+0100][18.685s] GC(9) Pause Cleanup
[2021-11-04T14:09:13.564+0100][18.685s] GC(9) Pause Cleanup 61M->61M(512M) 0.108ms
[2021-11-04T14:09:13.564+0100][18.685s] GC(9) User=0.00s Sys=0.00s Real=0.00s
[2021-11-04T14:09:13.564+0100][18.685s] GC(9) Concurrent Cleanup for Next Mark
[2021-11-04T14:09:13.564+0100][18.686s] GC(9) Concurrent Cleanup for Next Mark 0.366ms
[2021-11-04T14:09:13.564+0100][18.686s] GC(9) Concurrent Mark Cycle 32.920ms
[2021-11-04T14:41:00.218+0100][1925.339s] GC(10) Pause Young (Normal) (G1 Evacuation Pause)
[2021-11-04T14:41:00.218+0100][1925.339s] GC(10) Using 10 workers of 10 for evacuation
[2021-11-04T14:41:00.232+0100][1925.354s] GC(10)   Pre Evacuate Collection Set: 0.1ms
[2021-11-04T14:41:00.232+0100][1925.354s] GC(10)   Merge Heap Roots: 0.1ms
[2021-11-04T14:41:00.232+0100][1925.354s] GC(10)   Evacuate Collection Set: 12.9ms
[2021-11-04T14:41:00.232+0100][1925.354s] GC(10)   Post Evacuate Collection Set: 1.1ms
[2021-11-04T14:41:00.232+0100][1925.354s] GC(10)   Other: 0.2ms
[2021-11-04T14:41:00.232+0100][1925.354s] GC(10) Eden regions: 280->0(286)
[2021-11-04T14:41:00.232+0100][1925.354s] GC(10) Survivor regions: 27->20(39)
[2021-11-04T14:41:00.232+0100][1925.354s] GC(10) Old regions: 29->54
[2021-11-04T14:41:00.232+0100][1925.354s] GC(10) Archive regions: 0->0
[2021-11-04T14:41:00.232+0100][1925.354s] GC(10) Humongous regions: 12->8
[2021-11-04T14:41:00.232+0100][1925.354s] GC(10) Metaspace: 57190K(57728K)->57190K(57728K) NonClass: 50416K(50688K)->50416K(50688K) Class: 6774K(7040K)->6774K(7040K)
[2021-11-04T14:41:00.232+0100][1925.354s] GC(10) Pause Young (Normal) (G1 Evacuation Pause) 346M->81M(512M) 14.591ms
[2021-11-04T14:41:00.232+0100][1925.354s] GC(10) User=0.16s Sys=0.00s Real=0.01s
[2021-11-04T16:58:25.460+0100][10170.581s] Heap
[2021-11-04T16:58:25.460+0100][10170.581s]  garbage-first heap   total 524288K, used 232476K [0x00000000e0000000, 0x0000000100000000)
[2021-11-04T16:58:25.460+0100][10170.581s]   region size 1024K, 166 young (169984K), 20 survivors (20480K)
[2021-11-04T16:58:25.460+0100][10170.581s]  Metaspace       used 58481K, committed 59072K, reserved 1105920K
[2021-11-04T16:58:25.460+0100][10170.581s]   class space    used 6843K, committed 7168K, reserved 1048576K
