[2021-10-28T14:18:03.793+0200][0.059s] Using G1
[2021-10-28T14:18:03.799+0200][0.064s] Version: 17.0.1+12-LTS-39 (release)
[2021-10-28T14:18:03.799+0200][0.064s] CPUs: 12 total, 12 available
[2021-10-28T14:18:03.799+0200][0.064s] Memory: 32720M
[2021-10-28T14:18:03.799+0200][0.064s] Large Page Support: Enabled
[2021-10-28T14:18:03.799+0200][0.064s] NUMA Support: Disabled
[2021-10-28T14:18:03.799+0200][0.064s] Compressed Oops: Enabled (32-bit)
[2021-10-28T14:18:03.799+0200][0.064s] Heap Region Size: 1M
[2021-10-28T14:18:03.799+0200][0.064s] Heap Min Capacity: 512M
[2021-10-28T14:18:03.799+0200][0.064s] Heap Initial Capacity: 512M
[2021-10-28T14:18:03.799+0200][0.064s] Heap Max Capacity: 512M
[2021-10-28T14:18:03.799+0200][0.064s] Pre-touch: Enabled
[2021-10-28T14:18:03.799+0200][0.065s] Parallel Workers: 10
[2021-10-28T14:18:03.799+0200][0.065s] Concurrent Workers: 3
[2021-10-28T14:18:03.799+0200][0.065s] Concurrent Refinement Workers: 10
[2021-10-28T14:18:03.799+0200][0.065s] Periodic GC: Disabled
[2021-10-28T14:18:03.800+0200][0.065s] CDS archive(s) mapped at: [0x0000000800000000-0x0000000800bc0000-0x0000000800bc0000), size 12320768, SharedBaseAddress: 0x0000000800000000, ArchiveRelocationMode: 0.
[2021-10-28T14:18:03.800+0200][0.065s] Compressed class space mapped at: 0x0000000800c00000-0x0000000840c00000, reserved size: 1073741824
[2021-10-28T14:18:03.800+0200][0.065s] Narrow klass base: 0x0000000800000000, Narrow klass shift: 0, Narrow klass range: 0x100000000
[2021-10-28T14:18:04.486+0200][0.751s] GC(0) Pause Young (Normal) (G1 Evacuation Pause)
[2021-10-28T14:18:04.486+0200][0.752s] GC(0) Using 10 workers of 10 for evacuation
[2021-10-28T14:18:04.490+0200][0.755s] GC(0)   Pre Evacuate Collection Set: 0.1ms
[2021-10-28T14:18:04.490+0200][0.755s] GC(0)   Merge Heap Roots: 0.0ms
[2021-10-28T14:18:04.490+0200][0.755s] GC(0)   Evacuate Collection Set: 2.7ms
[2021-10-28T14:18:04.490+0200][0.755s] GC(0)   Post Evacuate Collection Set: 0.3ms
[2021-10-28T14:18:04.490+0200][0.755s] GC(0)   Other: 0.5ms
[2021-10-28T14:18:04.490+0200][0.755s] GC(0) Eden regions: 29->0(41)
[2021-10-28T14:18:04.490+0200][0.755s] GC(0) Survivor regions: 0->4(4)
[2021-10-28T14:18:04.490+0200][0.755s] GC(0) Old regions: 0->0
[2021-10-28T14:18:04.490+0200][0.755s] GC(0) Archive regions: 0->0
[2021-10-28T14:18:04.490+0200][0.755s] GC(0) Humongous regions: 0->0
[2021-10-28T14:18:04.490+0200][0.755s] GC(0) Metaspace: 7830K(8000K)->7830K(8000K) NonClass: 6940K(7040K)->6940K(7040K) Class: 889K(960K)->889K(960K)
[2021-10-28T14:18:04.490+0200][0.755s] GC(0) Pause Young (Normal) (G1 Evacuation Pause) 29M->3M(512M) 3.847ms
[2021-10-28T14:18:04.490+0200][0.755s] GC(0) User=0.02s Sys=0.00s Real=0.00s
[2021-10-28T14:18:05.372+0200][1.637s] GC(1) Pause Young (Normal) (G1 Evacuation Pause)
[2021-10-28T14:18:05.372+0200][1.637s] GC(1) Using 10 workers of 10 for evacuation
[2021-10-28T14:18:05.381+0200][1.646s] GC(1)   Pre Evacuate Collection Set: 0.1ms
[2021-10-28T14:18:05.381+0200][1.646s] GC(1)   Merge Heap Roots: 0.0ms
[2021-10-28T14:18:05.381+0200][1.646s] GC(1)   Evacuate Collection Set: 7.8ms
[2021-10-28T14:18:05.381+0200][1.646s] GC(1)   Post Evacuate Collection Set: 0.5ms
[2021-10-28T14:18:05.381+0200][1.646s] GC(1)   Other: 0.2ms
[2021-10-28T14:18:05.381+0200][1.646s] GC(1) Eden regions: 41->0(92)
[2021-10-28T14:18:05.381+0200][1.646s] GC(1) Survivor regions: 4->6(6)
[2021-10-28T14:18:05.381+0200][1.646s] GC(1) Old regions: 0->10
[2021-10-28T14:18:05.381+0200][1.646s] GC(1) Archive regions: 0->0
[2021-10-28T14:18:05.381+0200][1.646s] GC(1) Humongous regions: 4->4
[2021-10-28T14:18:05.381+0200][1.646s] GC(1) Metaspace: 15478K(15744K)->15478K(15744K) NonClass: 13679K(13824K)->13679K(13824K) Class: 1799K(1920K)->1799K(1920K)
[2021-10-28T14:18:05.381+0200][1.646s] GC(1) Pause Young (Normal) (G1 Evacuation Pause) 48M->19M(512M) 8.753ms
[2021-10-28T14:18:05.381+0200][1.646s] GC(1) User=0.06s Sys=0.02s Real=0.01s
[2021-10-28T14:18:10.614+0200][6.879s] GC(2) Pause Young (Concurrent Start) (Metadata GC Threshold)
[2021-10-28T14:18:10.614+0200][6.879s] GC(2) Using 10 workers of 10 for evacuation
[2021-10-28T14:18:10.621+0200][6.886s] GC(2)   Pre Evacuate Collection Set: 0.0ms
[2021-10-28T14:18:10.621+0200][6.886s] GC(2)   Merge Heap Roots: 0.1ms
[2021-10-28T14:18:10.621+0200][6.886s] GC(2)   Evacuate Collection Set: 5.8ms
[2021-10-28T14:18:10.621+0200][6.886s] GC(2)   Post Evacuate Collection Set: 0.6ms
[2021-10-28T14:18:10.621+0200][6.886s] GC(2)   Other: 0.3ms
[2021-10-28T14:18:10.621+0200][6.886s] GC(2) Eden regions: 47->0(219)
[2021-10-28T14:18:10.621+0200][6.886s] GC(2) Survivor regions: 6->12(13)
[2021-10-28T14:18:10.621+0200][6.886s] GC(2) Old regions: 10->10
[2021-10-28T14:18:10.621+0200][6.886s] GC(2) Archive regions: 0->0
[2021-10-28T14:18:10.621+0200][6.886s] GC(2) Humongous regions: 4->4
[2021-10-28T14:18:10.621+0200][6.886s] GC(2) Metaspace: 21215K(21504K)->21215K(21504K) NonClass: 18808K(18944K)->18808K(18944K) Class: 2407K(2560K)->2407K(2560K)
[2021-10-28T14:18:10.621+0200][6.886s] GC(2) Pause Young (Concurrent Start) (Metadata GC Threshold) 65M->24M(512M) 7.006ms
[2021-10-28T14:18:10.621+0200][6.886s] GC(2) User=0.14s Sys=0.00s Real=0.01s
[2021-10-28T14:18:10.621+0200][6.886s] GC(3) Concurrent Mark Cycle
[2021-10-28T14:18:10.621+0200][6.886s] GC(3) Concurrent Clear Claimed Marks
[2021-10-28T14:18:10.621+0200][6.886s] GC(3) Concurrent Clear Claimed Marks 0.030ms
[2021-10-28T14:18:10.621+0200][6.886s] GC(3) Concurrent Scan Root Regions
[2021-10-28T14:18:10.623+0200][6.888s] GC(3) Concurrent Scan Root Regions 2.253ms
[2021-10-28T14:18:10.623+0200][6.888s] GC(3) Concurrent Mark
[2021-10-28T14:18:10.623+0200][6.888s] GC(3) Concurrent Mark From Roots
[2021-10-28T14:18:10.623+0200][6.888s] GC(3) Using 3 workers of 3 for marking
[2021-10-28T14:18:10.631+0200][6.896s] GC(3) Concurrent Mark From Roots 7.355ms
[2021-10-28T14:18:10.631+0200][6.896s] GC(3) Concurrent Preclean
[2021-10-28T14:18:10.631+0200][6.896s] GC(3) Concurrent Preclean 0.105ms
[2021-10-28T14:18:10.631+0200][6.896s] GC(3) Pause Remark
[2021-10-28T14:18:10.632+0200][6.897s] GC(3) Pause Remark 26M->26M(512M) 1.256ms
[2021-10-28T14:18:10.632+0200][6.897s] GC(3) User=0.00s Sys=0.00s Real=0.00s
[2021-10-28T14:18:10.632+0200][6.897s] GC(3) Concurrent Mark 8.999ms
[2021-10-28T14:18:10.632+0200][6.897s] GC(3) Concurrent Rebuild Remembered Sets
[2021-10-28T14:18:10.635+0200][6.900s] GC(3) Concurrent Rebuild Remembered Sets 3.167ms
[2021-10-28T14:18:10.636+0200][6.901s] GC(3) Pause Cleanup
[2021-10-28T14:18:10.636+0200][6.901s] GC(3) Pause Cleanup 26M->26M(512M) 0.103ms
[2021-10-28T14:18:10.636+0200][6.901s] GC(3) User=0.00s Sys=0.00s Real=0.00s
[2021-10-28T14:18:10.636+0200][6.901s] GC(3) Concurrent Cleanup for Next Mark
[2021-10-28T14:18:10.636+0200][6.901s] GC(3) Concurrent Cleanup for Next Mark 0.472ms
[2021-10-28T14:18:10.636+0200][6.901s] GC(3) Concurrent Mark Cycle 15.460ms
[2021-10-28T14:18:16.690+0200][12.955s] GC(4) Pause Young (Concurrent Start) (Metadata GC Threshold)
[2021-10-28T14:18:16.690+0200][12.955s] GC(4) Using 10 workers of 10 for evacuation
[2021-10-28T14:18:16.697+0200][12.962s] GC(4)   Pre Evacuate Collection Set: 0.1ms
[2021-10-28T14:18:16.697+0200][12.962s] GC(4)   Merge Heap Roots: 0.1ms
[2021-10-28T14:18:16.697+0200][12.962s] GC(4)   Evacuate Collection Set: 6.3ms
[2021-10-28T14:18:16.697+0200][12.962s] GC(4)   Post Evacuate Collection Set: 0.6ms
[2021-10-28T14:18:16.697+0200][12.962s] GC(4)   Other: 0.2ms
[2021-10-28T14:18:16.697+0200][12.962s] GC(4) Eden regions: 122->0(285)
[2021-10-28T14:18:16.697+0200][12.962s] GC(4) Survivor regions: 12->22(31)
[2021-10-28T14:18:16.697+0200][12.962s] GC(4) Old regions: 10->10
[2021-10-28T14:18:16.697+0200][12.962s] GC(4) Archive regions: 0->0
[2021-10-28T14:18:16.697+0200][12.962s] GC(4) Humongous regions: 8->5
[2021-10-28T14:18:16.697+0200][12.962s] GC(4) Metaspace: 35876K(36160K)->35876K(36160K) NonClass: 31804K(31936K)->31804K(31936K) Class: 4071K(4224K)->4071K(4224K)
[2021-10-28T14:18:16.697+0200][12.962s] GC(4) Pause Young (Concurrent Start) (Metadata GC Threshold) 150M->35M(512M) 7.329ms
[2021-10-28T14:18:16.698+0200][12.963s] GC(4) User=0.17s Sys=0.02s Real=0.01s
[2021-10-28T14:18:16.698+0200][12.963s] GC(5) Concurrent Mark Cycle
[2021-10-28T14:18:16.698+0200][12.963s] GC(5) Concurrent Clear Claimed Marks
[2021-10-28T14:18:16.698+0200][12.963s] GC(5) Concurrent Clear Claimed Marks 0.036ms
[2021-10-28T14:18:16.698+0200][12.963s] GC(5) Concurrent Scan Root Regions
[2021-10-28T14:18:16.702+0200][12.967s] GC(5) Concurrent Scan Root Regions 3.874ms
[2021-10-28T14:18:16.702+0200][12.967s] GC(5) Concurrent Mark
[2021-10-28T14:18:16.702+0200][12.967s] GC(5) Concurrent Mark From Roots
[2021-10-28T14:18:16.702+0200][12.967s] GC(5) Using 3 workers of 3 for marking
[2021-10-28T14:18:16.709+0200][12.974s] GC(5) Concurrent Mark From Roots 7.495ms
[2021-10-28T14:18:16.709+0200][12.974s] GC(5) Concurrent Preclean
[2021-10-28T14:18:16.709+0200][12.974s] GC(5) Concurrent Preclean 0.128ms
[2021-10-28T14:18:16.710+0200][12.975s] GC(5) Pause Remark
[2021-10-28T14:18:16.711+0200][12.976s] GC(5) Pause Remark 37M->37M(512M) 1.673ms
[2021-10-28T14:18:16.711+0200][12.976s] GC(5) User=0.00s Sys=0.00s Real=0.00s
[2021-10-28T14:18:16.711+0200][12.976s] GC(5) Concurrent Mark 9.660ms
[2021-10-28T14:18:16.711+0200][12.976s] GC(5) Concurrent Rebuild Remembered Sets
[2021-10-28T14:18:16.714+0200][12.979s] GC(5) Concurrent Rebuild Remembered Sets 3.038ms
[2021-10-28T14:18:16.715+0200][12.980s] GC(5) Pause Cleanup
[2021-10-28T14:18:16.715+0200][12.980s] GC(5) Pause Cleanup 37M->37M(512M) 0.089ms
[2021-10-28T14:18:16.715+0200][12.980s] GC(5) User=0.00s Sys=0.00s Real=0.00s
[2021-10-28T14:18:16.715+0200][12.980s] GC(5) Concurrent Cleanup for Next Mark
[2021-10-28T14:18:16.715+0200][12.980s] GC(5) Concurrent Cleanup for Next Mark 0.550ms
[2021-10-28T14:18:16.715+0200][12.980s] GC(5) Concurrent Mark Cycle 17.693ms
[2021-10-28T14:18:47.538+0200][43.804s] GC(6) Pause Young (Normal) (G1 Evacuation Pause)
[2021-10-28T14:18:47.538+0200][43.804s] GC(6) Using 10 workers of 10 for evacuation
[2021-10-28T14:18:47.553+0200][43.819s] GC(6)   Pre Evacuate Collection Set: 0.1ms
[2021-10-28T14:18:47.553+0200][43.819s] GC(6)   Merge Heap Roots: 0.1ms
[2021-10-28T14:18:47.553+0200][43.819s] GC(6)   Evacuate Collection Set: 13.2ms
[2021-10-28T14:18:47.553+0200][43.819s] GC(6)   Post Evacuate Collection Set: 1.4ms
[2021-10-28T14:18:47.553+0200][43.819s] GC(6)   Other: 0.2ms
[2021-10-28T14:18:47.553+0200][43.819s] GC(6) Eden regions: 285->0(269)
[2021-10-28T14:18:47.553+0200][43.819s] GC(6) Survivor regions: 22->38(39)
[2021-10-28T14:18:47.553+0200][43.819s] GC(6) Old regions: 10->16
[2021-10-28T14:18:47.553+0200][43.819s] GC(6) Archive regions: 0->0
[2021-10-28T14:18:47.553+0200][43.819s] GC(6) Humongous regions: 11->8
[2021-10-28T14:18:47.553+0200][43.819s] GC(6) Metaspace: 52316K(52736K)->52316K(52736K) NonClass: 46076K(46336K)->46076K(46336K) Class: 6240K(6400K)->6240K(6400K)
[2021-10-28T14:18:47.553+0200][43.819s] GC(6) Pause Young (Normal) (G1 Evacuation Pause) 326M->60M(512M) 15.236ms
[2021-10-28T14:18:47.553+0200][43.819s] GC(6) User=0.09s Sys=0.00s Real=0.01s
[2021-10-28T14:45:23.439+0200][1639.705s] Heap
[2021-10-28T14:45:23.439+0200][1639.705s]  garbage-first heap   total 524288K, used 229867K [0x00000000e0000000, 0x0000000100000000)
[2021-10-28T14:45:23.439+0200][1639.705s]   region size 1024K, 202 young (206848K), 38 survivors (38912K)
[2021-10-28T14:45:23.439+0200][1639.705s]  Metaspace       used 56403K, committed 56832K, reserved 1105920K
[2021-10-28T14:45:23.439+0200][1639.705s]   class space    used 6667K, committed 6912K, reserved 1048576K
