[2021-11-04T08:08:25.241+0100][0.051s] Using G1
[2021-11-04T08:08:25.250+0100][0.060s] Version: 17.0.1+12-LTS-39 (release)
[2021-11-04T08:08:25.250+0100][0.060s] CPUs: 12 total, 12 available
[2021-11-04T08:08:25.250+0100][0.060s] Memory: 32720M
[2021-11-04T08:08:25.250+0100][0.060s] Large Page Support: Enabled
[2021-11-04T08:08:25.250+0100][0.060s] NUMA Support: Disabled
[2021-11-04T08:08:25.250+0100][0.060s] Compressed Oops: Enabled (32-bit)
[2021-11-04T08:08:25.250+0100][0.060s] Heap Region Size: 1M
[2021-11-04T08:08:25.250+0100][0.060s] Heap Min Capacity: 512M
[2021-11-04T08:08:25.250+0100][0.060s] Heap Initial Capacity: 512M
[2021-11-04T08:08:25.250+0100][0.060s] Heap Max Capacity: 512M
[2021-11-04T08:08:25.250+0100][0.060s] Pre-touch: Enabled
[2021-11-04T08:08:25.251+0100][0.061s] Parallel Workers: 10
[2021-11-04T08:08:25.251+0100][0.061s] Concurrent Workers: 3
[2021-11-04T08:08:25.251+0100][0.061s] Concurrent Refinement Workers: 10
[2021-11-04T08:08:25.251+0100][0.061s] Periodic GC: Disabled
[2021-11-04T08:08:25.251+0100][0.061s] CDS archive(s) mapped at: [0x0000000800000000-0x0000000800bc0000-0x0000000800bc0000), size 12320768, SharedBaseAddress: 0x0000000800000000, ArchiveRelocationMode: 0.
[2021-11-04T08:08:25.251+0100][0.061s] Compressed class space mapped at: 0x0000000800c00000-0x0000000840c00000, reserved size: 1073741824
[2021-11-04T08:08:25.251+0100][0.061s] Narrow klass base: 0x0000000800000000, Narrow klass shift: 0, Narrow klass range: 0x100000000
[2021-11-04T08:08:25.970+0100][0.781s] GC(0) Pause Young (Normal) (G1 Evacuation Pause)
[2021-11-04T08:08:25.971+0100][0.781s] GC(0) Using 10 workers of 10 for evacuation
[2021-11-04T08:08:25.974+0100][0.784s] GC(0)   Pre Evacuate Collection Set: 0.1ms
[2021-11-04T08:08:25.974+0100][0.784s] GC(0)   Merge Heap Roots: 0.0ms
[2021-11-04T08:08:25.974+0100][0.784s] GC(0)   Evacuate Collection Set: 2.8ms
[2021-11-04T08:08:25.974+0100][0.784s] GC(0)   Post Evacuate Collection Set: 0.4ms
[2021-11-04T08:08:25.974+0100][0.784s] GC(0)   Other: 0.5ms
[2021-11-04T08:08:25.974+0100][0.784s] GC(0) Eden regions: 29->0(41)
[2021-11-04T08:08:25.974+0100][0.784s] GC(0) Survivor regions: 0->4(4)
[2021-11-04T08:08:25.974+0100][0.784s] GC(0) Old regions: 0->0
[2021-11-04T08:08:25.974+0100][0.784s] GC(0) Archive regions: 0->0
[2021-11-04T08:08:25.974+0100][0.784s] GC(0) Humongous regions: 0->0
[2021-11-04T08:08:25.974+0100][0.784s] GC(0) Metaspace: 8427K(8640K)->8427K(8640K) NonClass: 7459K(7552K)->7459K(7552K) Class: 967K(1088K)->967K(1088K)
[2021-11-04T08:08:25.974+0100][0.784s] GC(0) Pause Young (Normal) (G1 Evacuation Pause) 29M->3M(512M) 3.920ms
[2021-11-04T08:08:25.974+0100][0.784s] GC(0) User=0.14s Sys=0.00s Real=0.00s
[2021-11-04T08:08:26.779+0100][1.589s] GC(1) Pause Young (Normal) (G1 Evacuation Pause)
[2021-11-04T08:08:26.779+0100][1.589s] GC(1) Using 10 workers of 10 for evacuation
[2021-11-04T08:08:26.786+0100][1.596s] GC(1)   Pre Evacuate Collection Set: 0.0ms
[2021-11-04T08:08:26.787+0100][1.597s] GC(1)   Merge Heap Roots: 0.0ms
[2021-11-04T08:08:26.787+0100][1.597s] GC(1)   Evacuate Collection Set: 7.1ms
[2021-11-04T08:08:26.787+0100][1.597s] GC(1)   Post Evacuate Collection Set: 0.4ms
[2021-11-04T08:08:26.787+0100][1.597s] GC(1)   Other: 0.1ms
[2021-11-04T08:08:26.787+0100][1.597s] GC(1) Eden regions: 41->0(132)
[2021-11-04T08:08:26.787+0100][1.597s] GC(1) Survivor regions: 4->6(6)
[2021-11-04T08:08:26.787+0100][1.597s] GC(1) Old regions: 0->10
[2021-11-04T08:08:26.787+0100][1.597s] GC(1) Archive regions: 0->0
[2021-11-04T08:08:26.787+0100][1.597s] GC(1) Humongous regions: 4->4
[2021-11-04T08:08:26.787+0100][1.597s] GC(1) Metaspace: 15495K(15744K)->15495K(15744K) NonClass: 13699K(13824K)->13699K(13824K) Class: 1795K(1920K)->1795K(1920K)
[2021-11-04T08:08:26.787+0100][1.597s] GC(1) Pause Young (Normal) (G1 Evacuation Pause) 48M->19M(512M) 7.915ms
[2021-11-04T08:08:26.787+0100][1.597s] GC(1) User=0.17s Sys=0.00s Real=0.01s
[2021-11-04T08:08:32.039+0100][6.849s] GC(2) Pause Young (Concurrent Start) (Metadata GC Threshold)
[2021-11-04T08:08:32.039+0100][6.849s] GC(2) Using 10 workers of 10 for evacuation
[2021-11-04T08:08:32.046+0100][6.855s] GC(2)   Pre Evacuate Collection Set: 0.1ms
[2021-11-04T08:08:32.046+0100][6.855s] GC(2)   Merge Heap Roots: 0.0ms
[2021-11-04T08:08:32.046+0100][6.855s] GC(2)   Evacuate Collection Set: 5.5ms
[2021-11-04T08:08:32.046+0100][6.855s] GC(2)   Post Evacuate Collection Set: 0.5ms
[2021-11-04T08:08:32.046+0100][6.855s] GC(2)   Other: 0.3ms
[2021-11-04T08:08:32.046+0100][6.855s] GC(2) Eden regions: 48->0(259)
[2021-11-04T08:08:32.046+0100][6.855s] GC(2) Survivor regions: 6->12(18)
[2021-11-04T08:08:32.046+0100][6.855s] GC(2) Old regions: 10->10
[2021-11-04T08:08:32.046+0100][6.855s] GC(2) Archive regions: 0->0
[2021-11-04T08:08:32.046+0100][6.855s] GC(2) Humongous regions: 4->4
[2021-11-04T08:08:32.046+0100][6.855s] GC(2) Metaspace: 21220K(21504K)->21220K(21504K) NonClass: 18817K(18944K)->18817K(18944K) Class: 2402K(2560K)->2402K(2560K)
[2021-11-04T08:08:32.046+0100][6.855s] GC(2) Pause Young (Concurrent Start) (Metadata GC Threshold) 66M->24M(512M) 6.631ms
[2021-11-04T08:08:32.046+0100][6.856s] GC(2) User=0.00s Sys=0.00s Real=0.01s
[2021-11-04T08:08:32.046+0100][6.856s] GC(3) Concurrent Mark Cycle
[2021-11-04T08:08:32.046+0100][6.856s] GC(3) Concurrent Clear Claimed Marks
[2021-11-04T08:08:32.046+0100][6.856s] GC(3) Concurrent Clear Claimed Marks 0.030ms
[2021-11-04T08:08:32.046+0100][6.856s] GC(3) Concurrent Scan Root Regions
[2021-11-04T08:08:32.048+0100][6.858s] GC(3) Concurrent Scan Root Regions 2.379ms
[2021-11-04T08:08:32.048+0100][6.858s] GC(3) Concurrent Mark
[2021-11-04T08:08:32.048+0100][6.858s] GC(3) Concurrent Mark From Roots
[2021-11-04T08:08:32.048+0100][6.858s] GC(3) Using 3 workers of 3 for marking
[2021-11-04T08:08:32.056+0100][6.865s] GC(3) Concurrent Mark From Roots 7.164ms
[2021-11-04T08:08:32.056+0100][6.865s] GC(3) Concurrent Preclean
[2021-11-04T08:08:32.056+0100][6.866s] GC(3) Concurrent Preclean 0.185ms
[2021-11-04T08:08:32.056+0100][6.866s] GC(3) Pause Remark
[2021-11-04T08:08:32.057+0100][6.867s] GC(3) Pause Remark 25M->25M(512M) 1.496ms
[2021-11-04T08:08:32.057+0100][6.867s] GC(3) User=0.00s Sys=0.00s Real=0.00s
[2021-11-04T08:08:32.057+0100][6.867s] GC(3) Concurrent Mark 9.151ms
[2021-11-04T08:08:32.058+0100][6.867s] GC(3) Concurrent Rebuild Remembered Sets
[2021-11-04T08:08:32.061+0100][6.871s] GC(3) Concurrent Rebuild Remembered Sets 3.253ms
[2021-11-04T08:08:32.061+0100][6.871s] GC(3) Pause Cleanup
[2021-11-04T08:08:32.061+0100][6.871s] GC(3) Pause Cleanup 25M->25M(512M) 0.101ms
[2021-11-04T08:08:32.061+0100][6.871s] GC(3) User=0.00s Sys=0.00s Real=0.00s
[2021-11-04T08:08:32.061+0100][6.871s] GC(3) Concurrent Cleanup for Next Mark
[2021-11-04T08:08:32.061+0100][6.871s] GC(3) Concurrent Cleanup for Next Mark 0.422ms
[2021-11-04T08:08:32.062+0100][6.871s] GC(3) Concurrent Mark Cycle 15.713ms
[2021-11-04T08:08:37.966+0100][12.776s] GC(4) Pause Young (Concurrent Start) (Metadata GC Threshold)
[2021-11-04T08:08:37.966+0100][12.776s] GC(4) Using 10 workers of 10 for evacuation
[2021-11-04T08:08:37.974+0100][12.784s] GC(4)   Pre Evacuate Collection Set: 0.1ms
[2021-11-04T08:08:37.974+0100][12.784s] GC(4)   Merge Heap Roots: 0.1ms
[2021-11-04T08:08:37.974+0100][12.784s] GC(4)   Evacuate Collection Set: 7.0ms
[2021-11-04T08:08:37.974+0100][12.784s] GC(4)   Post Evacuate Collection Set: 0.7ms
[2021-11-04T08:08:37.974+0100][12.784s] GC(4)   Other: 0.2ms
[2021-11-04T08:08:37.974+0100][12.784s] GC(4) Eden regions: 104->0(286)
[2021-11-04T08:08:37.974+0100][12.784s] GC(4) Survivor regions: 12->21(36)
[2021-11-04T08:08:37.974+0100][12.784s] GC(4) Old regions: 10->10
[2021-11-04T08:08:37.974+0100][12.784s] GC(4) Archive regions: 0->0
[2021-11-04T08:08:37.974+0100][12.784s] GC(4) Humongous regions: 6->5
[2021-11-04T08:08:37.974+0100][12.784s] GC(4) Metaspace: 35842K(36096K)->35842K(36096K) NonClass: 31767K(31872K)->31767K(31872K) Class: 4075K(4224K)->4075K(4224K)
[2021-11-04T08:08:37.974+0100][12.784s] GC(4) Pause Young (Concurrent Start) (Metadata GC Threshold) 130M->35M(512M) 8.183ms
[2021-11-04T08:08:37.974+0100][12.784s] GC(4) User=0.16s Sys=0.02s Real=0.01s
[2021-11-04T08:08:37.974+0100][12.784s] GC(5) Concurrent Mark Cycle
[2021-11-04T08:08:37.974+0100][12.784s] GC(5) Concurrent Clear Claimed Marks
[2021-11-04T08:08:37.974+0100][12.784s] GC(5) Concurrent Clear Claimed Marks 0.035ms
[2021-11-04T08:08:37.974+0100][12.784s] GC(5) Concurrent Scan Root Regions
[2021-11-04T08:08:37.978+0100][12.788s] GC(5) Concurrent Scan Root Regions 4.177ms
[2021-11-04T08:08:37.978+0100][12.788s] GC(5) Concurrent Mark
[2021-11-04T08:08:37.978+0100][12.788s] GC(5) Concurrent Mark From Roots
[2021-11-04T08:08:37.978+0100][12.788s] GC(5) Using 3 workers of 3 for marking
[2021-11-04T08:08:37.986+0100][12.796s] GC(5) Concurrent Mark From Roots 7.708ms
[2021-11-04T08:08:37.986+0100][12.796s] GC(5) Concurrent Preclean
[2021-11-04T08:08:37.986+0100][12.796s] GC(5) Concurrent Preclean 0.149ms
[2021-11-04T08:08:37.986+0100][12.796s] GC(5) Pause Remark
[2021-11-04T08:08:37.988+0100][12.798s] GC(5) Pause Remark 37M->37M(512M) 1.922ms
[2021-11-04T08:08:37.988+0100][12.798s] GC(5) User=0.00s Sys=0.00s Real=0.00s
[2021-11-04T08:08:37.988+0100][12.798s] GC(5) Concurrent Mark 10.030ms
[2021-11-04T08:08:37.989+0100][12.798s] GC(5) Concurrent Rebuild Remembered Sets
[2021-11-04T08:08:37.992+0100][12.802s] GC(5) Concurrent Rebuild Remembered Sets 3.665ms
[2021-11-04T08:08:37.993+0100][12.802s] GC(5) Pause Cleanup
[2021-11-04T08:08:37.993+0100][12.803s] GC(5) Pause Cleanup 37M->37M(512M) 0.112ms
[2021-11-04T08:08:37.993+0100][12.803s] GC(5) User=0.00s Sys=0.00s Real=0.00s
[2021-11-04T08:08:37.993+0100][12.803s] GC(5) Concurrent Cleanup for Next Mark
[2021-11-04T08:08:37.993+0100][12.803s] GC(5) Concurrent Cleanup for Next Mark 0.538ms
[2021-11-04T08:08:37.993+0100][12.803s] GC(5) Concurrent Mark Cycle 19.350ms
[2021-11-04T08:08:43.955+0100][18.765s] GC(6) Pause Young (Normal) (G1 Evacuation Pause)
[2021-11-04T08:08:43.955+0100][18.765s] GC(6) Using 10 workers of 10 for evacuation
[2021-11-04T08:08:43.969+0100][18.779s] GC(6)   Pre Evacuate Collection Set: 0.1ms
[2021-11-04T08:08:43.969+0100][18.779s] GC(6)   Merge Heap Roots: 0.1ms
[2021-11-04T08:08:43.969+0100][18.779s] GC(6)   Evacuate Collection Set: 11.9ms
[2021-11-04T08:08:43.969+0100][18.779s] GC(6)   Post Evacuate Collection Set: 1.3ms
[2021-11-04T08:08:43.969+0100][18.779s] GC(6)   Other: 0.2ms
[2021-11-04T08:08:43.969+0100][18.779s] GC(6) Eden regions: 286->0(273)
[2021-11-04T08:08:43.969+0100][18.779s] GC(6) Survivor regions: 21->34(39)
[2021-11-04T08:08:43.969+0100][18.779s] GC(6) Old regions: 10->16
[2021-11-04T08:08:43.969+0100][18.779s] GC(6) Archive regions: 0->0
[2021-11-04T08:08:43.969+0100][18.779s] GC(6) Humongous regions: 12->8
[2021-11-04T08:08:43.969+0100][18.779s] GC(6) Metaspace: 51203K(51648K)->51203K(51648K) NonClass: 45094K(45312K)->45094K(45312K) Class: 6108K(6336K)->6108K(6336K)
[2021-11-04T08:08:43.969+0100][18.779s] GC(6) Pause Young (Normal) (G1 Evacuation Pause) 328M->57M(512M) 13.740ms
[2021-11-04T08:08:43.969+0100][18.779s] GC(6) User=0.17s Sys=0.00s Real=0.01s
[2021-11-04T09:55:29.847+0100][6424.656s] GC(7) Pause Young (Normal) (G1 Evacuation Pause)
[2021-11-04T09:55:29.847+0100][6424.656s] GC(7) Using 10 workers of 10 for evacuation
[2021-11-04T09:55:29.861+0100][6424.670s] GC(7)   Pre Evacuate Collection Set: 0.1ms
[2021-11-04T09:55:29.861+0100][6424.670s] GC(7)   Merge Heap Roots: 0.1ms
[2021-11-04T09:55:29.861+0100][6424.670s] GC(7)   Evacuate Collection Set: 13.0ms
[2021-11-04T09:55:29.861+0100][6424.670s] GC(7)   Post Evacuate Collection Set: 0.9ms
[2021-11-04T09:55:29.861+0100][6424.670s] GC(7)   Other: 0.2ms
[2021-11-04T09:55:29.861+0100][6424.670s] GC(7) Eden regions: 273->0(268)
[2021-11-04T09:55:29.861+0100][6424.670s] GC(7) Survivor regions: 34->39(39)
[2021-11-04T09:55:29.861+0100][6424.670s] GC(7) Old regions: 16->31
[2021-11-04T09:55:29.861+0100][6424.670s] GC(7) Archive regions: 0->0
[2021-11-04T09:55:29.861+0100][6424.670s] GC(7) Humongous regions: 8->8
[2021-11-04T09:55:29.861+0100][6424.670s] GC(7) Metaspace: 55052K(55552K)->55052K(55552K) NonClass: 48595K(48832K)->48595K(48832K) Class: 6456K(6720K)->6456K(6720K)
[2021-11-04T09:55:29.861+0100][6424.670s] GC(7) Pause Young (Normal) (G1 Evacuation Pause) 330M->77M(512M) 14.395ms
[2021-11-04T09:55:29.861+0100][6424.670s] GC(7) User=0.16s Sys=0.00s Real=0.01s
[2021-11-04T14:02:17.290+0100][21232.100s] Heap
[2021-11-04T14:02:17.290+0100][21232.101s]  garbage-first heap   total 524288K, used 279861K [0x00000000e0000000, 0x0000000100000000)
[2021-11-04T14:02:17.290+0100][21232.101s]   region size 1024K, 236 young (241664K), 39 survivors (39936K)
[2021-11-04T14:02:17.290+0100][21232.101s]  Metaspace       used 57228K, committed 57728K, reserved 1105920K
[2021-11-04T14:02:17.290+0100][21232.101s]   class space    used 6690K, committed 6912K, reserved 1048576K
